ArduCam.c:57:6:ArduCam_Init	40	static
ArduCam.c:110:6:ArduCam_Test	8	static
ArduCam.c:125:6:ArduCam_FlushFifo	8	static
ArduCam.c:137:6:ArduCam_ClearFifoFlag	8	static
ArduCam.c:148:6:ArduCam_StartCapture	8	static
ArduCam.c:158:10:ArduCam_ReadFifoLength	24	static
ArduCam.c:169:9:ArduCam_ReadFifoSingle	8	static
ArduCam.c:174:6:ArduCam_IsCaptureBit	16	static
ArduCam.c:185:6:ArduCam_ReadFifoBlock	24	static
ArduCam.c:197:9:ArduCam_GetVersion	8	static
ArduCam.c:202:9:ArduCam_ReadSpiReg	24	static
ArduCam.c:211:6:ArduCam_WriteSpiReg	16	static
ArduCam.c:219:6:ArduCam_SetMode	16	static
ArduCam.c:224:6:ArduCam_SetJpegSize	16	static
ArduCam.c:261:6:ArduCam_SetFormat	16	static
ArduCam.c:266:6:ArduCam_SetLighMode	16	static
ArduCam.c:309:6:ArduCam_SetBrightness	24	static
ArduCam.c:324:6:ArduCam_SetContrast	16	static
ArduCam.c:339:6:ArduCam_SetColorSaturation	24	static
ArduCam.c:354:6:_WriteSensorReg8_8	32	static
ArduCam.c:363:6:_ReadSensorReg8_8	24	static
ArduCam.c:368:6:_WriteSensorRegs8_8	16	static
