stm32f4xx_ll_adc.h:1871:22:LL_ADC_SetCommonClock	16	static
stm32f4xx_ll_adc.h:1920:22:LL_ADC_SetCommonPathInternalCh	16	static
stm32f4xx_ll_adc.h:2110:22:LL_ADC_REG_SetTriggerSource	16	static
stm32f4xx_ll_adc.h:2260:22:LL_ADC_REG_SetSequencerLength	16	static
stm32f4xx_ll_adc.h:2454:22:LL_ADC_REG_SetSequencerRanks	32	static
stm32f4xx_ll_adc.h:2686:22:LL_ADC_REG_SetFlagEndOfConversion	16	static
stm32f4xx_ll_adc.h:3240:22:LL_ADC_SetChannelSamplingTime	48	static
stm32f4xx_ll_adc.h:3831:22:LL_ADC_Enable	16	static
stm32f4xx_ll_adc.h:3842:22:LL_ADC_Disable	16	static
stm32f4xx_ll_adc.h:3882:22:LL_ADC_REG_StartConversionSWStart	16	static
stm32f4xx_ll_adc.h:3950:26:LL_ADC_REG_ReadConversionData12	16	static
stm32f4xx_ll_adc.h:4251:26:LL_ADC_IsActiveFlag_EOCS	16	static
stm32f4xx_ll_bus.h:1706:22:LL_APB2_GRP1_EnableClock	24	static
stm32f4xx_ll_bus.h:1834:22:LL_APB2_GRP1_DisableClock	16	static
hw.c:35:6:HW_Init	16	static
hw.c:61:6:HW_SetBoardLed	16	static
hw.c:66:6:HW_SetCamSupply	16	static
hw.c:71:6:HW_AdcInit	24	static
hw.c:92:10:HW_MeasureVrefVoltage	24	static
hw.c:135:9:HW_MeasureTemperature	24	static
hw.c:164:10:HW_MeasureBatVoltage_mV	24	static
hw.c:183:10:HW_AdcMeasure	16	static
hw.c:207:10:HW_GetVoltage_mV	4	static
hw.c:212:9:HW_GetTemperature	4	static
hw.c:223:6:HW_ReadCPUID	4	static
