core_cm4.h:1626:22:NVIC_EnableIRQ	16	static
core_cm4.h:1698:22:NVIC_SetPriority	16	static
stm32f4xx_ll_gpio.h:882:22:LL_GPIO_SetOutputPin	16	static
stm32f4xx_ll_gpio.h:911:22:LL_GPIO_ResetOutputPin	16	static
stm32f4xx_ll_bus.h:1187:22:LL_APB1_GRP1_EnableClock	24	static
i2c_int.c:59:20:__i2c_set_start	16	static
i2c_int.c:70:20:__i2c_set_stop	16	static
i2c_int.c:85:6:i2c_init	72	static
i2c_int.c:176:6:i2c_transfer	32	static
i2c_int.c:208:6:i2c_write	32	static
i2c_int.c:213:6:i2c_read	32	static
i2c_int.c:218:6:i2c_write_reg	24	static
i2c_int.c:224:6:i2c_write_regs	64	dynamic
i2c_int.c:232:6:i2c_read_reg	24	static
i2c_int.c:237:13:__i2c_event_irq_handler	24	static
i2c_int.c:325:13:__i2c_error_irq_handler	16	static
i2c_int.c:340:6:I2C1_EV_IRQHandler	8	static
i2c_int.c:345:6:I2C2_EV_IRQHandler	8	static
i2c_int.c:350:6:I2C3_EV_IRQHandler	8	static
i2c_int.c:356:6:I2C1_ER_IRQHandler	8	static
i2c_int.c:361:6:I2C2_ER_IRQHandler	8	static
i2c_int.c:366:6:I2C3_ER_IRQHandler	8	static
