ips6404.c:31:6:IPS6404_Init	24	static
ips6404.c:52:6:IPS6404_Reset	8	static
ips6404.c:62:6:IPS6404_ReadData	32	static
ips6404.c:82:6:IPS6404_WriteBuffer	24	static
ips6404.c:96:6:IPS6404_Write_Open	16	static
ips6404.c:104:6:IPS6404_Write_Write	16	static
ips6404.c:109:6:IPS6404_Write_Close	8	static
ips6404.c:115:6:IPS6404_Write_24bitValue	16	static
ips6404.c:120:10:IPS6404_GetID	16	static
ips6404.c:136:12:IPS6404_GetDrv	4	static
ips6404.c:141:6:_Send24bit	16	static
ips6404.c:148:6:IPS6404_Test	24	static
