protocol.c:45:6:_SendPacket	24	static
protocol.c:77:6:_WaitForReply	16	static
protocol.c:109:6:Prot_IsChannelClear	8	static
protocol.c:122:6:Prot_SetReplyTimeout	16	static
protocol.c:127:6:Prot_SetMyAddr	16	static
protocol.c:132:6:Prot_SetServerAddr	16	static
protocol.c:137:9:Prot_GetServerAddr	4	static
protocol.c:143:6:Prot_InstCheck	8	static
protocol.c:149:6:Prot_InstData	48	dynamic
protocol.c:167:10:Prot_InstRelationData	16	static
protocol.c:189:6:Prot_InstMediaInfo	40	static
protocol.c:229:6:Prot_InstMediaData	72	static
protocol.c:260:6:Prot_InstWakeUp	16	static
