stm32f4xx_ll_bus.h:1187:22:LL_APB1_GRP1_EnableClock	24	static
stm32f4xx_ll_pwr.h:560:22:LL_PWR_EnableBkUpAccess	4	static
stm32f4xx_ll_pwr.h:570:22:LL_PWR_DisableBkUpAccess	4	static
stm32f4xx_ll_rcc.h:3063:22:LL_RCC_LSE_Enable	4	static
stm32f4xx_ll_rcc.h:3103:26:LL_RCC_LSE_IsReady	4	static
stm32f4xx_ll_rcc.h:3986:22:LL_RCC_SetRTCClockSource	16	static
stm32f4xx_ll_rcc.h:4010:22:LL_RCC_EnableRTC	4	static
stm32f4xx_ll_rtc.h:949:22:LL_RTC_EnableInitMode	16	static
stm32f4xx_ll_rtc.h:961:22:LL_RTC_DisableInitMode	16	static
stm32f4xx_ll_rtc.h:1062:22:LL_RTC_SetAsynchPrescaler	16	static
stm32f4xx_ll_rtc.h:1074:22:LL_RTC_SetSynchPrescaler	16	static
stm32f4xx_ll_rtc.h:1107:22:LL_RTC_EnableWriteProtection	16	static
stm32f4xx_ll_rtc.h:1118:22:LL_RTC_DisableWriteProtection	16	static
stm32f4xx_ll_rtc.h:1143:22:LL_RTC_TIME_SetFormat	16	static
stm32f4xx_ll_rtc.h:2926:22:LL_RTC_WAKEUP_Enable	16	static
stm32f4xx_ll_rtc.h:3051:22:LL_RTC_BAK_SetRegister	24	static
stm32f4xx_ll_rtc.h:3480:26:LL_RTC_IsActiveFlag_INIT	16	static
stm32f4xx_ll_rtc.h:3491:26:LL_RTC_IsActiveFlag_RS	16	static
stm32f4xx_ll_rtc.h:3502:22:LL_RTC_ClearFlag_RS	16	static
rtc_f4.c:36:6:RTCF4_Init	24	static
rtc_f4.c:98:6:_Enter_RTC_InitMode	8	static
rtc_f4.c:115:6:_Exit_RTC_InitMode	8	static
rtc_f4.c:132:6:_WaitForSynchro_RTC	8	static
rtc_f4.c:164:6:RTCF4_Set	24	static
rtc_f4.c:189:6:RTCF4_Get	24	static
rtc_f4.c:203:10:RTCF4_GetNowUnixTimeStamp	16	static
rtc_f4.c:211:8:RTCF4_GetTimeZone	4	static
rtc_f4.c:216:9:RTCF4_ByteToBcd2	24	static
rtc_f4.c:234:9:RTCF4_Bcd2ToByte	24	static
rtc_f4.c:251:6:RTCF4_Test	24	static
