stm32f4xx_ll_spi.h:298:22:LL_SPI_Enable	16	static
stm32f4xx_ll_spi.h:310:22:LL_SPI_Disable	16	static
stm32f4xx_ll_spi.h:525:22:LL_SPI_SetTransferDirection	16	static
stm32f4xx_ll_spi.h:743:26:LL_SPI_IsActiveFlag_TXE	16	static
stm32f4xx_ll_spi.h:794:26:LL_SPI_IsActiveFlag_BSY	16	static
stm32f4xx_ll_spi.h:1099:22:LL_SPI_TransmitData8	24	static
stm32f4xx_ll_bus.h:1187:22:LL_APB1_GRP1_EnableClock	24	static
stm32f4xx_ll_bus.h:1706:22:LL_APB2_GRP1_EnableClock	24	static
spi_f4.c:42:6:spi_Init	80	static
spi_f4.c:95:6:spi_TransactionBegin	16	static
spi_f4.c:101:6:spi_TransactionEnd	16	static
spi_f4.c:107:6:spi_SendData16	16	static
spi_f4.c:115:9:spi_SendData8	16	static
spi_f4.c:127:6:spi_WriteBidirectionalByte	16	static
spi_f4.c:135:9:spi_ReadBidirectionalByte	24	static
spi_f4.c:144:6:spi_SetPrescaler	16	static
spi_f4.c:153:10:spi_CalculatePrescaler	32	static
spi_f4.c:171:10:spi_GetPrescalerDivider	24	static
spi_f4.c:178:6:spi_SetMode	16	static
spi_f4.c:187:6:spi_WaitForNoBusy	16	static
spi_f4.c:192:6:spi_SetDirection	16	static
