stm32f4xx_ll_spi.h:298:22:LL_SPI_Enable	16	static
stm32f4xx_ll_spi.h:310:22:LL_SPI_Disable	16	static
stm32f4xx_ll_spi.h:525:22:LL_SPI_SetTransferDirection	16	static
stm32f4xx_ll_spi.h:743:26:LL_SPI_IsActiveFlag_TXE	16	static
stm32f4xx_ll_spi.h:794:26:LL_SPI_IsActiveFlag_BSY	16	static
stm32f4xx_ll_spi.h:1099:22:LL_SPI_TransmitData8	24	static
stm32f4xx_ll_bus.h:1187:22:LL_APB1_GRP1_EnableClock	24	static
stm32f4xx_ll_bus.h:1706:22:LL_APB2_GRP1_EnableClock	24	static
spi_f4.c:41:6:spi_Init	64	static
spi_f4.c:88:6:spi_TransactionBegin	16	static
spi_f4.c:94:6:spi_TransactionEnd	16	static
spi_f4.c:100:6:spi_SendData16	16	static
spi_f4.c:108:9:spi_SendData8	16	static
spi_f4.c:120:6:spi_WriteBidirectionalByte	16	static
spi_f4.c:128:9:spi_ReadBidirectionalByte	24	static
spi_f4.c:137:6:spi_SetPrescaler	16	static
spi_f4.c:146:10:spi_CalculatePrescaler	32	static
spi_f4.c:164:6:spi_SetMode	16	static
spi_f4.c:173:6:spi_WaitForNoBusy	16	static
spi_f4.c:178:6:spi_SetDirection	16	static
