core_cm4.h:1698:22:NVIC_SetPriority	16	static
core_cm4.h:1830:26:SysTick_Config	16	static
stm32f4xx_ll_bus.h:1706:22:LL_APB2_GRP1_EnableClock	24	static
timer.c:24:6:Timer_Init	8	static
timer.c:30:6:Timer_SystickUpdate	8	static
timer.c:42:6:Timer_Delay_ms	24	static
timer.c:48:10:Timer_GetTicks_ms	4	static
timer.c:53:6:Timer_SetSysTickCallback	16	static
timer.c:65:6:SysTick_Handler	16	static
timer.c:79:6:TimerUs_init	8	static
timer.c:87:6:Timer_UsStart	24	static
timer.c:98:10:Timer_UsGet_microseconds	4	static
timer.c:103:6:Timer_UsDdelay	16	static
timer.c:109:6:Timer_UsClear	4	static
timer.c:114:6:Timer_UsStop	4	static
