core_cm4.h:1626:22:NVIC_EnableIRQ	16	static
stm32f4xx_ll_bus.h:1187:22:LL_APB1_GRP1_EnableClock	24	static
stm32f4xx_ll_bus.h:1706:22:LL_APB2_GRP1_EnableClock	24	static
stm32f4xx_ll_usart.h:409:22:LL_USART_Enable	16	static
stm32f4xx_ll_usart.h:1791:26:LL_USART_IsActiveFlag_RXNE	16	static
stm32f4xx_ll_usart.h:1813:26:LL_USART_IsActiveFlag_TXE	16	static
stm32f4xx_ll_usart.h:2034:22:LL_USART_EnableIT_RXNE	16	static
stm32f4xx_ll_usart.h:2056:22:LL_USART_EnableIT_TXE	16	static
stm32f4xx_ll_usart.h:2152:22:LL_USART_DisableIT_TXE	16	static
stm32f4xx_ll_usart.h:2402:25:LL_USART_ReceiveData8	16	static
stm32f4xx_ll_usart.h:2425:22:LL_USART_TransmitData8	16	static
usart.c:39:6:usart_Init	64	static
usart.c:81:6:usart_Send	24	static
usart.c:97:6:usart_WaitForTransmitComplete	16	static
usart.c:102:6:usart_PrintLn	16	static
usart.c:121:13:_usart_irq_handler	24	static
usart.c:157:6:USART1_IRQHandler	8	static
usart.c:162:6:USART2_IRQHandler	8	static
usart.c:167:6:USART3_IRQHandler	8	static
