Archive member included to satisfy reference by file (symbol)

c:/program files (x86)/atollic/truestudio for stm32 9.3.0/armtools/bin/../lib/gcc/arm-atollic-eabi/6.3.1/../../../../arm-atollic-eabi/lib/armv7e-m/fpu\libc_nano.a(lib_a-init.o)
                              startup\startup_stm32f411xe.o (__libc_init_array)
c:/program files (x86)/atollic/truestudio for stm32 9.3.0/armtools/bin/../lib/gcc/arm-atollic-eabi/6.3.1/../../../../arm-atollic-eabi/lib/armv7e-m/fpu\libc_nano.a(lib_a-memcmp.o)
                              src\ips6404.o (memcmp)
c:/program files (x86)/atollic/truestudio for stm32 9.3.0/armtools/bin/../lib/gcc/arm-atollic-eabi/6.3.1/../../../../arm-atollic-eabi/lib/armv7e-m/fpu\libc_nano.a(lib_a-memcpy-stub.o)
                              src\i2c_int.o (memcpy)
c:/program files (x86)/atollic/truestudio for stm32 9.3.0/armtools/bin/../lib/gcc/arm-atollic-eabi/6.3.1/../../../../arm-atollic-eabi/lib/armv7e-m/fpu\libc_nano.a(lib_a-strlen.o)
                              src\tiny_printf.o (strlen)
c:/program files (x86)/atollic/truestudio for stm32 9.3.0/armtools/bin/../lib/gcc/arm-atollic-eabi/6.3.1/../../../../arm-atollic-eabi/lib/armv7e-m/fpu\libnosys.a(write.o)
                              src\tiny_printf.o (_write)
c:/program files (x86)/atollic/truestudio for stm32 9.3.0/armtools/bin/../lib/gcc/arm-atollic-eabi/6.3.1/../../../../arm-atollic-eabi/lib/armv7e-m/fpu\libnosys.a(errno.o)
                              c:/program files (x86)/atollic/truestudio for stm32 9.3.0/armtools/bin/../lib/gcc/arm-atollic-eabi/6.3.1/../../../../arm-atollic-eabi/lib/armv7e-m/fpu\libnosys.a(write.o) (errno)

Allocating common symbols
Common symbol       size              file

errno               0x4               c:/program files (x86)/atollic/truestudio for stm32 9.3.0/armtools/bin/../lib/gcc/arm-atollic-eabi/6.3.1/../../../../arm-atollic-eabi/lib/armv7e-m/fpu\libnosys.a(errno.o)

Discarded input sections

 .text          0x00000000        0x0 c:/program files (x86)/atollic/truestudio for stm32 9.3.0/armtools/bin/../lib/gcc/arm-atollic-eabi/6.3.1/armv7e-m/fpu/crti.o
 .data          0x00000000        0x0 c:/program files (x86)/atollic/truestudio for stm32 9.3.0/armtools/bin/../lib/gcc/arm-atollic-eabi/6.3.1/armv7e-m/fpu/crti.o
 .bss           0x00000000        0x0 c:/program files (x86)/atollic/truestudio for stm32 9.3.0/armtools/bin/../lib/gcc/arm-atollic-eabi/6.3.1/armv7e-m/fpu/crti.o
 .data          0x00000000        0x4 c:/program files (x86)/atollic/truestudio for stm32 9.3.0/armtools/bin/../lib/gcc/arm-atollic-eabi/6.3.1/armv7e-m/fpu/crtbegin.o
 .text          0x00000000        0x0 Libraries\LL\src\stm32f4xx_ll_adc.o
 .data          0x00000000        0x0 Libraries\LL\src\stm32f4xx_ll_adc.o
 .bss           0x00000000        0x0 Libraries\LL\src\stm32f4xx_ll_adc.o
 .text.LL_ADC_SetCommonClock
                0x00000000       0x26 Libraries\LL\src\stm32f4xx_ll_adc.o
 .text.LL_ADC_REG_SetTriggerSource
                0x00000000       0x2a Libraries\LL\src\stm32f4xx_ll_adc.o
 .text.LL_ADC_REG_SetSequencerLength
                0x00000000       0x26 Libraries\LL\src\stm32f4xx_ll_adc.o
 .text.LL_ADC_INJ_SetTriggerSource
                0x00000000       0x2a Libraries\LL\src\stm32f4xx_ll_adc.o
 .text.LL_ADC_INJ_SetSequencerLength
                0x00000000       0x26 Libraries\LL\src\stm32f4xx_ll_adc.o
 .text.LL_ADC_Disable
                0x00000000       0x20 Libraries\LL\src\stm32f4xx_ll_adc.o
 .text.LL_APB2_GRP1_ForceReset
                0x00000000       0x24 Libraries\LL\src\stm32f4xx_ll_adc.o
 .text.LL_APB2_GRP1_ReleaseReset
                0x00000000       0x28 Libraries\LL\src\stm32f4xx_ll_adc.o
 .text.LL_ADC_CommonDeInit
                0x00000000       0x22 Libraries\LL\src\stm32f4xx_ll_adc.o
 .text.LL_ADC_CommonInit
                0x00000000       0x3c Libraries\LL\src\stm32f4xx_ll_adc.o
 .text.LL_ADC_CommonStructInit
                0x00000000       0x1a Libraries\LL\src\stm32f4xx_ll_adc.o
 .text.LL_ADC_DeInit
                0x00000000      0x11c Libraries\LL\src\stm32f4xx_ll_adc.o
 .text.LL_ADC_StructInit
                0x00000000       0x28 Libraries\LL\src\stm32f4xx_ll_adc.o
 .text.LL_ADC_REG_Init
                0x00000000       0x90 Libraries\LL\src\stm32f4xx_ll_adc.o
 .text.LL_ADC_REG_StructInit
                0x00000000       0x32 Libraries\LL\src\stm32f4xx_ll_adc.o
 .text.LL_ADC_INJ_Init
                0x00000000       0x80 Libraries\LL\src\stm32f4xx_ll_adc.o
 .text.LL_ADC_INJ_StructInit
                0x00000000       0x2c Libraries\LL\src\stm32f4xx_ll_adc.o
 .text          0x00000000        0x0 Libraries\LL\src\stm32f4xx_ll_crc.o
 .data          0x00000000        0x0 Libraries\LL\src\stm32f4xx_ll_crc.o
 .bss           0x00000000        0x0 Libraries\LL\src\stm32f4xx_ll_crc.o
 .text.LL_AHB1_GRP1_ForceReset
                0x00000000       0x24 Libraries\LL\src\stm32f4xx_ll_crc.o
 .text.LL_AHB1_GRP1_ReleaseReset
[...]
Memory Configuration

Name             Origin             Length             Attributes
FLASH            0x08000000         0x00080000         xr
RAM              0x20000000         0x00020000         xrw
MEMORY_B1        0x60000000         0x00000000         xr
*default*        0x00000000         0xffffffff

Linker script and memory map

LOAD c:/program files (x86)/atollic/truestudio for stm32 9.3.0/armtools/bin/../lib/gcc/arm-atollic-eabi/6.3.1/armv7e-m/fpu/crti.o
LOAD c:/program files (x86)/atollic/truestudio for stm32 9.3.0/armtools/bin/../lib/gcc/arm-atollic-eabi/6.3.1/armv7e-m/fpu/crtbegin.o
LOAD Libraries\LL\src\stm32f4xx_ll_adc.o
LOAD Libraries\LL\src\stm32f4xx_ll_crc.o
LOAD Libraries\LL\src\stm32f4xx_ll_dac.o
LOAD Libraries\LL\src\stm32f4xx_ll_dma.o
LOAD Libraries\LL\src\stm32f4xx_ll_dma2d.o
LOAD Libraries\LL\src\stm32f4xx_ll_exti.o
LOAD Libraries\LL\src\stm32f4xx_ll_gpio.o
LOAD Libraries\LL\src\stm32f4xx_ll_i2c.o
LOAD Libraries\LL\src\stm32f4xx_ll_lptim.o
LOAD Libraries\LL\src\stm32f4xx_ll_pwr.o
LOAD Libraries\LL\src\stm32f4xx_ll_rcc.o
LOAD Libraries\LL\src\stm32f4xx_ll_rng.o
LOAD Libraries\LL\src\stm32f4xx_ll_rtc.o
LOAD Libraries\LL\src\stm32f4xx_ll_spi.o
LOAD Libraries\LL\src\stm32f4xx_ll_tim.o
LOAD Libraries\LL\src\stm32f4xx_ll_usart.o
LOAD Libraries\LL\src\stm32f4xx_ll_utils.o
LOAD src\ArduCam.o
LOAD src\app.o
LOAD src\common_f4.o
LOAD src\dt.o
LOAD src\hw.o
LOAD src\i2c_int.o
LOAD src\ips6404.o
LOAD src\main.o
LOAD src\protocol.o
LOAD src\rtc_f4.o
LOAD src\si4463.o
LOAD src\spi_f4.o
LOAD src\timer.o
LOAD src\tiny_printf.o
LOAD src\usart.o
LOAD startup\startup_stm32f411xe.o
LOAD startup\system_stm32f4xx.o
                0x00000080                malloc_getpagesize_P = 0x80
START GROUP
LOAD c:/program files (x86)/atollic/truestudio for stm32 9.3.0/armtools/bin/../lib/gcc/arm-atollic-eabi/6.3.1/../../../../arm-atollic-eabi/lib/armv7e-m/fpu\libc_nano.a
LOAD c:/program files (x86)/atollic/truestudio for stm32 9.3.0/armtools/bin/../lib/gcc/arm-atollic-eabi/6.3.1/../../../../arm-atollic-eabi/lib/armv7e-m/fpu\libm.a
END GROUP
START GROUP
LOAD c:/program files (x86)/atollic/truestudio for stm32 9.3.0/armtools/bin/../lib/gcc/arm-atollic-eabi/6.3.1/armv7e-m/fpu\libgcc.a
LOAD c:/program files (x86)/atollic/truestudio for stm32 9.3.0/armtools/bin/../lib/gcc/arm-atollic-eabi/6.3.1/../../../../arm-atollic-eabi/lib/armv7e-m/fpu\libc_nano.a
END GROUP
START GROUP
LOAD c:/program files (x86)/atollic/truestudio for stm32 9.3.0/armtools/bin/../lib/gcc/arm-atollic-eabi/6.3.1/armv7e-m/fpu\libgcc.a
LOAD c:/program files (x86)/atollic/truestudio for stm32 9.3.0/armtools/bin/../lib/gcc/arm-atollic-eabi/6.3.1/../../../../arm-atollic-eabi/lib/armv7e-m/fpu\libc_nano.a
LOAD c:/program files (x86)/atollic/truestudio for stm32 9.3.0/armtools/bin/../lib/gcc/arm-atollic-eabi/6.3.1/../../../../arm-atollic-eabi/lib/armv7e-m/fpu\libnosys.a
END GROUP
START GROUP
LOAD c:/program files (x86)/atollic/truestudio for stm32 9.3.0/armtools/bin/../lib/gcc/arm-atollic-eabi/6.3.1/armv7e-m/fpu\libgcc.a
LOAD c:/program files (x86)/atollic/truestudio for stm32 9.3.0/armtools/bin/../lib/gcc/arm-atollic-eabi/6.3.1/../../../../arm-atollic-eabi/lib/armv7e-m/fpu\libc_nano.a
LOAD c:/program files (x86)/atollic/truestudio for stm32 9.3.0/armtools/bin/../lib/gcc/arm-atollic-eabi/6.3.1/../../../../arm-atollic-eabi/lib/armv7e-m/fpu\libnosys.a
END GROUP
LOAD c:/program files (x86)/atollic/truestudio for stm32 9.3.0/armtools/bin/../lib/gcc/arm-atollic-eabi/6.3.1/armv7e-m/fpu/crtend.o
LOAD c:/program files (x86)/atollic/truestudio for stm32 9.3.0/armtools/bin/../lib/gcc/arm-atollic-eabi/6.3.1/armv7e-m/fpu/crtn.o
                0x20020000                _estack = 0x20020000
                0x00000000                _Min_Heap_Size = 0x0
                0x00000400                _Min_Stack_Size = 0x400

.isr_vector     0x08000000      0x198
                0x08000000                . = ALIGN (0x4)
 *(.isr_vector)
 .isr_vector    0x08000000      0x198 startup\startup_stm32f411xe.o
                0x08000000                g_pfnVectors
                0x08000198                . = ALIGN (0x4)

.text           0x08000198     0x2e28
                0x08000198                . = ALIGN (0x4)
 *(.text)
 .text          0x08000198       0x40 c:/program files (x86)/atollic/truestudio for stm32 9.3.0/armtools/bin/../lib/gcc/arm-atollic-eabi/6.3.1/armv7e-m/fpu/crtbegin.o
 *(.text*)
 .text.LL_ADC_IsEnabled
                0x080001d8       0x26 Libraries\LL\src\stm32f4xx_ll_adc.o
 .text.LL_ADC_Init
                0x080001fe       0x58 Libraries\LL\src\stm32f4xx_ll_adc.o
                0x080001fe                LL_ADC_Init
 .text.LL_I2C_Enable
                0x08000256       0x20 Libraries\LL\src\stm32f4xx_ll_i2c.o
 .text.LL_I2C_Disable
                0x08000276       0x20 Libraries\LL\src\stm32f4xx_ll_i2c.o
 .text.LL_I2C_ConfigFilters
                0x08000296       0x2c Libraries\LL\src\stm32f4xx_ll_i2c.o
 .text.LL_I2C_SetOwnAddress1
                0x080002c2       0x30 Libraries\LL\src\stm32f4xx_ll_i2c.o
 *fill*         0x080002f2        0x2 
 .text.LL_I2C_ConfigSpeed
                0x080002f4      0x120 Libraries\LL\src\stm32f4xx_ll_i2c.o
 .text.LL_I2C_SetMode
                0x08000414       0x26 Libraries\LL\src\stm32f4xx_ll_i2c.o
 .text.LL_I2C_AcknowledgeNextData
                0x0800043a       0x26 Libraries\LL\src\stm32f4xx_ll_i2c.o
 .text.LL_I2C_Init
                0x08000460       0x72 Libraries\LL\src\stm32f4xx_ll_i2c.o
                0x08000460                LL_I2C_Init
 *fill*         0x080004d2        0x2 
 .text.LL_RCC_GetSysClkSource
                0x080004d4       0x1c Libraries\LL\src\stm32f4xx_ll_rcc.o
 .text.LL_RCC_GetAHBPrescaler
                0x080004f0       0x1c Libraries\LL\src\stm32f4xx_ll_rcc.o
 .text.LL_RCC_GetAPB1Prescaler
                0x0800050c       0x1c Libraries\LL\src\stm32f4xx_ll_rcc.o
 .text.LL_RCC_GetAPB2Prescaler
                0x08000528       0x1c Libraries\LL\src\stm32f4xx_ll_rcc.o
 .text.LL_RCC_PLL_GetMainSource
                0x08000544       0x1c Libraries\LL\src\stm32f4xx_ll_rcc.o
 .text.LL_RCC_PLL_GetN
                0x08000560       0x1c Libraries\LL\src\stm32f4xx_ll_rcc.o
 .text.LL_RCC_PLL_GetP
                0x0800057c       0x1c Libraries\LL\src\stm32f4xx_ll_rcc.o
 .text.LL_RCC_PLL_GetDivider
                0x08000598       0x1c Libraries\LL\src\stm32f4xx_ll_rcc.o
 .text.LL_RCC_GetSystemClocksFreq
                0x080005b4       0x4a Libraries\LL\src\stm32f4xx_ll_rcc.o
                0x080005b4                LL_RCC_GetSystemClocksFreq
 *fill*         0x080005fe        0x2 
 .text.RCC_GetSystemClockFreq
                0x08000600       0x4c Libraries\LL\src\stm32f4xx_ll_rcc.o
                0x08000600                RCC_GetSystemClockFreq
 .text.RCC_GetHCLKClockFreq
                0x0800064c       0x2c Libraries\LL\src\stm32f4xx_ll_rcc.o
                0x0800064c                RCC_GetHCLKClockFreq
 .text.RCC_GetPCLK1ClockFreq
                0x08000678       0x28 Libraries\LL\src\stm32f4xx_ll_rcc.o
                0x08000678                RCC_GetPCLK1ClockFreq
 .text.RCC_GetPCLK2ClockFreq
                0x080006a0       0x28 Libraries\LL\src\stm32f4xx_ll_rcc.o
                0x080006a0                RCC_GetPCLK2ClockFreq
 .text.RCC_PLL_GetFreqDomain_SYS
                0x080006c8       0x7c Libraries\LL\src\stm32f4xx_ll_rcc.o
                0x080006c8                RCC_PLL_GetFreqDomain_SYS
 .text.LL_SPI_IsEnabled
                0x08000744       0x26 Libraries\LL\src\stm32f4xx_ll_spi.o
 .text.LL_SPI_SetCRCPolynomial
                0x0800076a       0x20 Libraries\LL\src\stm32f4xx_ll_spi.o
 *fill*         0x0800078a        0x2 
 .text.LL_APB1_GRP1_ForceReset
                0x0800078c       0x24 Libraries\LL\src\stm32f4xx_ll_spi.o
 .text.LL_APB1_GRP1_ReleaseReset
                0x080007b0       0x28 Libraries\LL\src\stm32f4xx_ll_spi.o
 .text.LL_APB2_GRP1_ForceReset
                0x080007d8       0x24 Libraries\LL\src\stm32f4xx_ll_spi.o
 .text.LL_APB2_GRP1_ReleaseReset
                0x080007fc       0x28 Libraries\LL\src\stm32f4xx_ll_spi.o
 .text.LL_SPI_DeInit
                0x08000824       0xb8 Libraries\LL\src\stm32f4xx_ll_spi.o
                0x08000824                LL_SPI_DeInit
 .text.LL_SPI_Init
                0x080008dc       0xa4 Libraries\LL\src\stm32f4xx_ll_spi.o
                0x080008dc                LL_SPI_Init
 .text.LL_USART_IsEnabled
                0x08000980       0x28 Libraries\LL\src\stm32f4xx_ll_usart.o
 .text.LL_USART_SetStopBitsLength
                0x080009a8       0x26 Libraries\LL\src\stm32f4xx_ll_usart.o
 .text.LL_USART_SetHWFlowCtrl
                0x080009ce       0x26 Libraries\LL\src\stm32f4xx_ll_usart.o
 .text.LL_USART_SetBaudRate
                0x080009f4      0x16c Libraries\LL\src\stm32f4xx_ll_usart.o
 .text.LL_USART_Init
                0x08000b60       0xc8 Libraries\LL\src\stm32f4xx_ll_usart.o
                0x08000b60                LL_USART_Init
 .text.LL_USART_StructInit
                0x08000c28       0x40 Libraries\LL\src\stm32f4xx_ll_usart.o
                0x08000c28                LL_USART_StructInit
 .text.ArduCam_Init
                0x08000c68      0x12c src\ArduCam.o
                0x08000c68                ArduCam_Init
 .text.ArduCam_Test
                0x08000d94       0x22 src\ArduCam.o
                0x08000d94                ArduCam_Test
 .text.ArduCam_FlushFifo
                0x08000db6       0x18 src\ArduCam.o
                0x08000db6                ArduCam_FlushFifo
 .text.ArduCam_ClearFifoFlag
                0x08000dce       0x10 src\ArduCam.o
                0x08000dce                ArduCam_ClearFifoFlag
 .text.ArduCam_StartCapture
                0x08000dde       0x10 src\ArduCam.o
                0x08000dde                ArduCam_StartCapture
 .text.ArduCam_ReadFifoLength
                0x08000dee       0x3e src\ArduCam.o
                0x08000dee                ArduCam_ReadFifoLength
 .text.ArduCam_IsCaptureBit
                0x08000e2c       0x28 src\ArduCam.o
                0x08000e2c                ArduCam_IsCaptureBit
 .text.ArduCam_ReadFifoBlock
                0x08000e54       0x70 src\ArduCam.o
                0x08000e54                ArduCam_ReadFifoBlock
 .text.ArduCam_ReadSpiReg
                0x08000ec4       0x68 src\ArduCam.o
                0x08000ec4                ArduCam_ReadSpiReg
 .text.ArduCam_WriteSpiReg
                0x08000f2c       0x68 src\ArduCam.o
                0x08000f2c                ArduCam_WriteSpiReg
 .text.ArduCam_SetJpegSize
                0x08000f94       0xb8 src\ArduCam.o
                0x08000f94                ArduCam_SetJpegSize
 .text._WriteSensorReg8_8
                0x0800104c       0x40 src\ArduCam.o
                0x0800104c                _WriteSensorReg8_8
 .text._ReadSensorReg8_8
                0x0800108c       0x30 src\ArduCam.o
                0x0800108c                _ReadSensorReg8_8
 .text._WriteSensorRegs8_8
                0x080010bc       0x62 src\ArduCam.o
                0x080010bc                _WriteSensorRegs8_8
 *fill*         0x0800111e        0x2 
 .text.App_Init
                0x08001120       0xd4 src\app.o
                0x08001120                App_Init
 .text.App_Exec
                0x080011f4       0x30 src\app.o
                0x080011f4                App_Exec
 .text._CaptureImage
                0x08001224      0x160 src\app.o
                0x08001224                _CaptureImage
 .text._SendImageSerial
                0x08001384       0xac src\app.o
                0x08001384                _SendImageSerial
 .text._FindJpegStart
                0x08001430       0x64 src\app.o
                0x08001430                _FindJpegStart
 .text._FindJpegEnd
                0x08001494       0x58 src\app.o
                0x08001494                _FindJpegEnd
 .text._ProcessCmd
                0x080014ec       0xb8 src\app.o
                0x080014ec                _ProcessCmd
 .text._UsartRcvCbk
                0x080015a4       0x20 src\app.o
                0x080015a4                _UsartRcvCbk
 .text.LL_GPIO_SetPinMode
                0x080015c4       0x5a src\common_f4.o
 .text.LL_GPIO_SetPinOutputType
                0x0800161e       0x30 src\common_f4.o
 .text.LL_GPIO_SetPinSpeed
                0x0800164e       0x5a src\common_f4.o
 .text.LL_GPIO_SetPinPull
                0x080016a8       0x5a src\common_f4.o
 *fill*         0x08001702        0x2 
 .text.GPIO_ClockEnable
                0x08001704       0x34 src\common_f4.o
                0x08001704                GPIO_ClockEnable
 .text.GPIO_GetPort
                0x08001738       0x28 src\common_f4.o
                0x08001738                GPIO_GetPort
 .text.GPIO_GetPin
                0x08001760       0x24 src\common_f4.o
                0x08001760                GPIO_GetPin
 .text.GPIO_SetAFpin
                0x08001784       0xaa src\common_f4.o
                0x08001784                GPIO_SetAFpin
 .text.GPIO_ConfigPin
                0x0800182e       0xc6 src\common_f4.o
                0x0800182e                GPIO_ConfigPin
 .text.LL_ADC_SetCommonClock
                0x080018f4       0x26 src\hw.o
 .text.LL_ADC_REG_SetTriggerSource
                0x0800191a       0x2a src\hw.o
 .text.LL_ADC_REG_SetSequencerLength
                0x08001944       0x26 src\hw.o
 *fill*         0x0800196a        0x2 
 .text.LL_APB2_GRP1_EnableClock
                0x0800196c       0x30 src\hw.o
 .text.LL_APB2_GRP1_DisableClock
                0x0800199c       0x28 src\hw.o
 .text.HW_Init  0x080019c4       0x48 src\hw.o
                0x080019c4                HW_Init
 .text.HW_AdcInit
                0x08001a0c       0x54 src\hw.o
                0x08001a0c                HW_AdcInit
 .text.HW_ReadCPUID
                0x08001a60        0xe src\hw.o
                0x08001a60                HW_ReadCPUID
 *fill*         0x08001a6e        0x2 
 .text.NVIC_EnableIRQ
                0x08001a70       0x34 src\i2c_int.o
 .text.NVIC_SetPriority
                0x08001aa4       0x54 src\i2c_int.o
 .text.LL_GPIO_SetOutputPin
                0x08001af8       0x1c src\i2c_int.o
 .text.LL_GPIO_ResetOutputPin
                0x08001b14       0x1e src\i2c_int.o
 *fill*         0x08001b32        0x2 
 .text.LL_APB1_GRP1_EnableClock
                0x08001b34       0x30 src\i2c_int.o
 .text.__i2c_set_start
                0x08001b64       0x3a src\i2c_int.o
 .text.__i2c_set_stop
                0x08001b9e       0x3a src\i2c_int.o
 .text.i2c_init
                0x08001bd8      0x1ec src\i2c_int.o
                0x08001bd8                i2c_init
 .text.i2c_transfer
                0x08001dc4       0x88 src\i2c_int.o
                0x08001dc4                i2c_transfer
 .text.__i2c_event_irq_handler
                0x08001e4c      0x164 src\i2c_int.o
 .text.__i2c_error_irq_handler
                0x08001fb0       0x34 src\i2c_int.o
 .text.I2C1_EV_IRQHandler
                0x08001fe4       0x14 src\i2c_int.o
                0x08001fe4                I2C1_EV_IRQHandler
 .text.I2C2_EV_IRQHandler
                0x08001ff8       0x14 src\i2c_int.o
                0x08001ff8                I2C2_EV_IRQHandler
 .text.I2C3_EV_IRQHandler
                0x0800200c       0x14 src\i2c_int.o
                0x0800200c                I2C3_EV_IRQHandler
 .text.I2C1_ER_IRQHandler
                0x08002020       0x14 src\i2c_int.o
                0x08002020                I2C1_ER_IRQHandler
 .text.I2C2_ER_IRQHandler
                0x08002034       0x14 src\i2c_int.o
                0x08002034                I2C2_ER_IRQHandler
 .text.I2C3_ER_IRQHandler
                0x08002048       0x14 src\i2c_int.o
                0x08002048                I2C3_ER_IRQHandler
 .text.IPS6404_Init
                0x0800205c       0x88 src\ips6404.o
                0x0800205c                IPS6404_Init
 .text.IPS6404_Reset
                0x080020e4       0x50 src\ips6404.o
                0x080020e4                IPS6404_Reset
 .text.IPS6404_ReadData
                0x08002134       0x84 src\ips6404.o
                0x08002134                IPS6404_ReadData
 .text.IPS6404_WriteBuffer
                0x080021b8       0x7c src\ips6404.o
                0x080021b8                IPS6404_WriteBuffer
 .text.IPS6404_GetID
                0x08002234       0x94 src\ips6404.o
                0x08002234                IPS6404_GetID
 .text._Send24bit
                0x080022c8       0x48 src\ips6404.o
                0x080022c8                _Send24bit
 .text.main     0x08002310        0xe src\main.o
                0x08002310                main
 .text.LL_SPI_Enable
                0x0800231e       0x20 src\spi_f4.o
 .text.LL_SPI_Disable
                0x0800233e       0x20 src\spi_f4.o
 .text.LL_SPI_IsActiveFlag_TXE
                0x0800235e       0x26 src\spi_f4.o
 .text.LL_SPI_IsActiveFlag_BSY
                0x08002384       0x26 src\spi_f4.o
 .text.LL_SPI_TransmitData8
                0x080023aa       0x24 src\spi_f4.o
 *fill*         0x080023ce        0x2 
 .text.LL_APB1_GRP1_EnableClock
                0x080023d0       0x30 src\spi_f4.o
 .text.LL_APB2_GRP1_EnableClock
                0x08002400       0x30 src\spi_f4.o
 .text.spi_Init
                0x08002430      0x134 src\spi_f4.o
                0x08002430                spi_Init
 .text.spi_TransactionBegin
                0x08002564       0x42 src\spi_f4.o
                0x08002564                spi_TransactionBegin
 .text.spi_TransactionEnd
                0x080025a6       0x46 src\spi_f4.o
                0x080025a6                spi_TransactionEnd
 .text.spi_SendData8
                0x080025ec       0x54 src\spi_f4.o
                0x080025ec                spi_SendData8
 .text.spi_SetPrescaler
                0x08002640       0x44 src\spi_f4.o
                0x08002640                spi_SetPrescaler
 .text.spi_CalculatePrescaler
                0x08002684       0x74 src\spi_f4.o
                0x08002684                spi_CalculatePrescaler
 .text.spi_SetMode
                0x080026f8       0x44 src\spi_f4.o
                0x080026f8                spi_SetMode
 .text.spi_WaitForNoBusy
                0x0800273c       0x26 src\spi_f4.o
                0x0800273c                spi_WaitForNoBusy
 *fill*         0x08002762        0x2 
 .text.NVIC_SetPriority
                0x08002764       0x54 src\timer.o
 .text.SysTick_Config
                0x080027b8       0x44 src\timer.o
 .text.LL_APB2_GRP1_EnableClock
                0x080027fc       0x30 src\timer.o
 .text.Timer_Init
                0x0800282c       0x10 src\timer.o
                0x0800282c                Timer_Init
 .text.Timer_SystickUpdate
                0x0800283c       0x30 src\timer.o
                0x0800283c                Timer_SystickUpdate
 .text.Timer_Delay_ms
                0x0800286c       0x30 src\timer.o
                0x0800286c                Timer_Delay_ms
 .text.SysTick_Handler
                0x0800289c       0x48 src\timer.o
                0x0800289c                SysTick_Handler
 .text.TimerUs_init
                0x080028e4       0x14 src\timer.o
                0x080028e4                TimerUs_init
 .text.Timer_UsStart
                0x080028f8       0x44 src\timer.o
                0x080028f8                Timer_UsStart
 .text.NVIC_EnableIRQ
                0x0800293c       0x34 src\usart.o
 .text.LL_APB1_GRP1_EnableClock
                0x08002970       0x30 src\usart.o
 .text.LL_APB2_GRP1_EnableClock
                0x080029a0       0x30 src\usart.o
 .text.LL_USART_Enable
                0x080029d0       0x20 src\usart.o
 .text.LL_USART_IsActiveFlag_RXNE
                0x080029f0       0x26 src\usart.o
 .text.LL_USART_IsActiveFlag_TXE
                0x08002a16       0x26 src\usart.o
 .text.LL_USART_EnableIT_RXNE
                0x08002a3c       0x20 src\usart.o
 .text.LL_USART_EnableIT_TXE
                0x08002a5c       0x20 src\usart.o
 .text.LL_USART_DisableIT_TXE
                0x08002a7c       0x20 src\usart.o
 .text.LL_USART_ReceiveData8
                0x08002a9c       0x1a src\usart.o
 .text.LL_USART_TransmitData8
                0x08002ab6       0x1e src\usart.o
 .text.usart_Init
                0x08002ad4       0xe8 src\usart.o
                0x08002ad4                usart_Init
 .text.usart_Send
                0x08002bbc       0x40 src\usart.o
                0x08002bbc                usart_Send
 .text.usart_WaitForTransmitComplete
                0x08002bfc       0x24 src\usart.o
                0x08002bfc                usart_WaitForTransmitComplete
 .text.usart_PrintLn
                0x08002c20       0xb6 src\usart.o
                0x08002c20                usart_PrintLn
 *fill*         0x08002cd6        0x2 
 .text._usart_irq_handler
                0x08002cd8       0xac src\usart.o
 .text.USART1_IRQHandler
                0x08002d84       0x14 src\usart.o
                0x08002d84                USART1_IRQHandler
 .text.USART2_IRQHandler
                0x08002d98       0x14 src\usart.o
                0x08002d98                USART2_IRQHandler
 .text.Reset_Handler
                0x08002dac       0x50 startup\startup_stm32f411xe.o
                0x08002dac                Reset_Handler
 .text.Default_Handler
                0x08002dfc        0x2 startup\startup_stm32f411xe.o
                0x08002dfc                RTC_Alarm_IRQHandler
                0x08002dfc                EXTI2_IRQHandler
                0x08002dfc                DebugMon_Handler
                0x08002dfc                SPI4_IRQHandler
                0x08002dfc                TIM1_CC_IRQHandler
                0x08002dfc                DMA2_Stream5_IRQHandler
                0x08002dfc                HardFault_Handler
                0x08002dfc                DMA1_Stream5_IRQHandler
                0x08002dfc                PVD_IRQHandler
                0x08002dfc                SDIO_IRQHandler
                0x08002dfc                TAMP_STAMP_IRQHandler
                0x08002dfc                PendSV_Handler
                0x08002dfc                NMI_Handler
                0x08002dfc                EXTI3_IRQHandler
                0x08002dfc                TIM1_UP_TIM10_IRQHandler
                0x08002dfc                EXTI0_IRQHandler
                0x08002dfc                DMA1_Stream2_IRQHandler
                0x08002dfc                FPU_IRQHandler
                0x08002dfc                UsageFault_Handler
                0x08002dfc                DMA2_Stream2_IRQHandler
                0x08002dfc                SPI1_IRQHandler
                0x08002dfc                TIM1_BRK_TIM9_IRQHandler
                0x08002dfc                DMA2_Stream3_IRQHandler
                0x08002dfc                USART6_IRQHandler
                0x08002dfc                DMA2_Stream0_IRQHandler
                0x08002dfc                TIM4_IRQHandler
                0x08002dfc                DMA1_Stream6_IRQHandler
                0x08002dfc                DMA1_Stream1_IRQHandler
                0x08002dfc                TIM3_IRQHandler
                0x08002dfc                RCC_IRQHandler
                0x08002dfc                Default_Handler
                0x08002dfc                EXTI15_10_IRQHandler
                0x08002dfc                ADC_IRQHandler
                0x08002dfc                DMA1_Stream7_IRQHandler
                0x08002dfc                SPI5_IRQHandler
                0x08002dfc                TIM5_IRQHandler
                0x08002dfc                DMA2_Stream7_IRQHandler
                0x08002dfc                EXTI9_5_IRQHandler
                0x08002dfc                RTC_WKUP_IRQHandler
                0x08002dfc                SPI2_IRQHandler
                0x08002dfc                MemManage_Handler
                0x08002dfc                DMA1_Stream0_IRQHandler
                0x08002dfc                SVC_Handler
                0x08002dfc                EXTI4_IRQHandler
                0x08002dfc                WWDG_IRQHandler
                0x08002dfc                TIM2_IRQHandler
                0x08002dfc                OTG_FS_WKUP_IRQHandler
                0x08002dfc                TIM1_TRG_COM_TIM11_IRQHandler
                0x08002dfc                EXTI1_IRQHandler
                0x08002dfc                DMA2_Stream1_IRQHandler
                0x08002dfc                FLASH_IRQHandler
                0x08002dfc                DMA2_Stream4_IRQHandler
                0x08002dfc                BusFault_Handler
                0x08002dfc                OTG_FS_IRQHandler
                0x08002dfc                SPI3_IRQHandler
                0x08002dfc                DMA1_Stream4_IRQHandler
                0x08002dfc                DMA2_Stream6_IRQHandler
                0x08002dfc                DMA1_Stream3_IRQHandler
 *fill*         0x08002dfe        0x2 
 .text.SystemInit
                0x08002e00       0x6c startup\system_stm32f4xx.o
                0x08002e00                SystemInit
 .text.SystemCoreClockUpdate
                0x08002e6c       0xf4 startup\system_stm32f4xx.o
                0x08002e6c                SystemCoreClockUpdate
 .text.__libc_init_array
                0x08002f60       0x48 c:/program files (x86)/atollic/truestudio for stm32 9.3.0/armtools/bin/../lib/gcc/arm-atollic-eabi/6.3.1/../../../../arm-atollic-eabi/lib/armv7e-m/fpu\libc_nano.a(lib_a-init.o)
                0x08002f60                __libc_init_array
 *(.glue_7)
 .glue_7        0x08002fa8        0x0 linker stubs
 *(.glue_7t)
 .glue_7t       0x08002fa8        0x0 linker stubs
 *(.eh_frame)
 .eh_frame      0x08002fa8        0x0 c:/program files (x86)/atollic/truestudio for stm32 9.3.0/armtools/bin/../lib/gcc/arm-atollic-eabi/6.3.1/armv7e-m/fpu/crtbegin.o
 *(.init)
 .init          0x08002fa8        0x4 c:/program files (x86)/atollic/truestudio for stm32 9.3.0/armtools/bin/../lib/gcc/arm-atollic-eabi/6.3.1/armv7e-m/fpu/crti.o
                0x08002fa8                _init
 .init          0x08002fac        0x8 c:/program files (x86)/atollic/truestudio for stm32 9.3.0/armtools/bin/../lib/gcc/arm-atollic-eabi/6.3.1/armv7e-m/fpu/crtn.o
 *(.fini)
 .fini          0x08002fb4        0x4 c:/program files (x86)/atollic/truestudio for stm32 9.3.0/armtools/bin/../lib/gcc/arm-atollic-eabi/6.3.1/armv7e-m/fpu/crti.o
                0x08002fb4                _fini
 .fini          0x08002fb8        0x8 c:/program files (x86)/atollic/truestudio for stm32 9.3.0/armtools/bin/../lib/gcc/arm-atollic-eabi/6.3.1/armv7e-m/fpu/crtn.o
                0x08002fc0                . = ALIGN (0x4)
                0x08002fc0                _etext = .

.vfp11_veneer   0x08002fc0        0x0
 .vfp11_veneer  0x08002fc0        0x0 linker stubs

.v4_bx          0x08002fc0        0x0
 .v4_bx         0x08002fc0        0x0 linker stubs

.iplt           0x08002fc0        0x0
 .iplt          0x08002fc0        0x0 c:/program files (x86)/atollic/truestudio for stm32 9.3.0/armtools/bin/../lib/gcc/arm-atollic-eabi/6.3.1/armv7e-m/fpu/crtbegin.o

.rodata         0x08002fc0      0xcc0
                0x08002fc0                . = ALIGN (0x4)
 *(.rodata)
 .rodata        0x08002fc0       0x56 src\app.o
 *fill*         0x08003016        0x2 
 .rodata        0x08003018        0x8 src\spi_f4.o
 *(.rodata*)
 .rodata.OV2640_QVGA
                0x08003020      0x308 src\ArduCam.o
                0x08003020                OV2640_QVGA
 .rodata.OV2640_JPEG_INIT
                0x08003328      0x2fc src\ArduCam.o
                0x08003328                OV2640_JPEG_INIT
 .rodata.OV2640_YUV422
                0x08003624       0x28 src\ArduCam.o
                0x08003624                OV2640_YUV422
 .rodata.OV2640_JPEG
                0x0800364c       0x24 src\ArduCam.o
                0x0800364c                OV2640_JPEG
 .rodata.OV2640_160x120_JPEG
                0x08003670       0xa0 src\ArduCam.o
                0x08003670                OV2640_160x120_JPEG
 .rodata.OV2640_176x144_JPEG
                0x08003710       0xa0 src\ArduCam.o
                0x08003710                OV2640_176x144_JPEG
 .rodata.OV2640_320x240_JPEG
                0x080037b0       0xa0 src\ArduCam.o
                0x080037b0                OV2640_320x240_JPEG
 .rodata.OV2640_352x288_JPEG
                0x08003850       0xa0 src\ArduCam.o
                0x08003850                OV2640_352x288_JPEG
 .rodata.OV2640_640x480_JPEG
                0x080038f0       0xa4 src\ArduCam.o
                0x080038f0                OV2640_640x480_JPEG
 .rodata.OV2640_800x600_JPEG
                0x08003994       0xa4 src\ArduCam.o
                0x08003994                OV2640_800x600_JPEG
 .rodata.OV2640_1024x768_JPEG
                0x08003a38       0x9c src\ArduCam.o
                0x08003a38                OV2640_1024x768_JPEG
 .rodata.OV2640_1280x1024_JPEG
                0x08003ad4       0xa4 src\ArduCam.o
                0x08003ad4                OV2640_1280x1024_JPEG
 .rodata.OV2640_1600x1200_JPEG
                0x08003b78       0xa4 src\ArduCam.o
                0x08003b78                OV2640_1600x1200_JPEG
 .rodata.i2c1_hw
                0x08003c1c        0xc src\i2c_int.o
                0x08003c1c                i2c1_hw
 .rodata.i2c2_hw
                0x08003c28        0xc src\i2c_int.o
                0x08003c28                i2c2_hw
 .rodata.i2c3_hw
                0x08003c34        0xc src\i2c_int.o
                0x08003c34                i2c3_hw
 .rodata.spi1_hw
                0x08003c40        0x8 src\spi_f4.o
                0x08003c40                spi1_hw
 .rodata.spi2_hw
                0x08003c48        0x8 src\spi_f4.o
                0x08003c48                spi2_hw
 .rodata.usart1_hw
                0x08003c50        0xc src\usart.o
                0x08003c50                usart1_hw
 .rodata.usart2_hw
                0x08003c5c        0xc src\usart.o
                0x08003c5c                usart2_hw
 .rodata.AHBPrescTable
                0x08003c68       0x10 startup\system_stm32f4xx.o
                0x08003c68                AHBPrescTable
 .rodata.APBPrescTable
                0x08003c78        0x8 startup\system_stm32f4xx.o
                0x08003c78                APBPrescTable
                0x08003c80                . = ALIGN (0x4)

.rel.dyn        0x08003c80        0x0
 .rel.iplt      0x08003c80        0x0 c:/program files (x86)/atollic/truestudio for stm32 9.3.0/armtools/bin/../lib/gcc/arm-atollic-eabi/6.3.1/armv7e-m/fpu/crtbegin.o

.ARM.extab
 *(.ARM.extab* .gnu.linkonce.armextab.*)

.ARM            0x08003c80        0x0
                0x08003c80                __exidx_start = .
 *(.ARM.exidx*)
                0x08003c80                __exidx_end = .

.preinit_array  0x08003c80        0x0
                0x08003c80                PROVIDE (__preinit_array_start, .)
 *(.preinit_array*)
                0x08003c80                PROVIDE (__preinit_array_end, .)

.init_array     0x08003c80        0x4
                0x08003c80                PROVIDE (__init_array_start, .)
 *(SORT(.init_array.*))
 *(.init_array*)
 .init_array    0x08003c80        0x4 c:/program files (x86)/atollic/truestudio for stm32 9.3.0/armtools/bin/../lib/gcc/arm-atollic-eabi/6.3.1/armv7e-m/fpu/crtbegin.o
                0x08003c84                PROVIDE (__init_array_end, .)

.fini_array     0x08003c84        0x4
                [!provide]                PROVIDE (__fini_array_start, .)
 *(SORT(.fini_array.*))
 *(.fini_array*)
 .fini_array    0x08003c84        0x4 c:/program files (x86)/atollic/truestudio for stm32 9.3.0/armtools/bin/../lib/gcc/arm-atollic-eabi/6.3.1/armv7e-m/fpu/crtbegin.o
                [!provide]                PROVIDE (__fini_array_end, .)
                0x08003c88                _sidata = LOADADDR (.data)

.data           0x20000000       0xb8 load address 0x08003c88
                0x20000000                . = ALIGN (0x4)
                0x20000000                _sdata = .
 *(.data)
 *(.data*)
 .data.g_eFormat
                0x20000000        0x1 src\ArduCam.o
 *fill*         0x20000001        0x3 
 .data.g_pSpi1  0x20000004        0x4 src\app.o
 .data.g_pSpi2  0x20000008        0x4 src\app.o
 .data.g_pI2c1  0x2000000c        0x4 src\app.o
 .data.g_pUsart2
                0x20000010        0x4 src\app.o
 .data._i2c1_drv
                0x20000014       0x18 src\i2c_int.o
                0x20000014                _i2c1_drv
 .data._i2c2_drv
                0x2000002c       0x18 src\i2c_int.o
                0x2000002c                _i2c2_drv
 .data._i2c3_drv
                0x20000044       0x18 src\i2c_int.o
                0x20000044                _i2c3_drv
 .data._spi1_drv
                0x2000005c       0x18 src\spi_f4.o
                0x2000005c                _spi1_drv
 .data._spi2_drv
                0x20000074       0x18 src\spi_f4.o
                0x20000074                _spi2_drv
 .data._usart1_drv
                0x2000008c       0x14 src\usart.o
                0x2000008c                _usart1_drv
 .data._usart2_drv
                0x200000a0       0x14 src\usart.o
                0x200000a0                _usart2_drv
 .data.SystemCoreClock
                0x200000b4        0x4 startup\system_stm32f4xx.o
                0x200000b4                SystemCoreClock
                0x200000b8                . = ALIGN (0x4)
                0x200000b8                _edata = .

.igot.plt       0x200000b8        0x0 load address 0x08003d40
 .igot.plt      0x200000b8        0x0 c:/program files (x86)/atollic/truestudio for stm32 9.3.0/armtools/bin/../lib/gcc/arm-atollic-eabi/6.3.1/armv7e-m/fpu/crtbegin.o
                0x200000b8                . = ALIGN (0x4)

.bss            0x200000b8       0x60 load address 0x08003d40
                0x200000b8                _sbss = .
                0x200000b8                __bss_start__ = _sbss
 *(.bss)
 .bss           0x200000b8       0x1c c:/program files (x86)/atollic/truestudio for stm32 9.3.0/armtools/bin/../lib/gcc/arm-atollic-eabi/6.3.1/armv7e-m/fpu/crtbegin.o
 *(.bss*)
 .bss.g_pSpi    0x200000d4        0x4 src\ArduCam.o
 .bss.g_eSpiPrescaler
                0x200000d8        0x1 src\ArduCam.o
 *fill*         0x200000d9        0x3 
 .bss.g_pI2c    0x200000dc        0x4 src\ArduCam.o
 .bss.g_eCS     0x200000e0        0x1 src\ArduCam.o
 *fill*         0x200000e1        0x3 
 .bss.g_nImageSize
                0x200000e4        0x4 src\app.o
 .bss.g_eCmd    0x200000e8        0x1 src\app.o
 *fill*         0x200000e9        0x3 
 .bss.g_pSpi    0x200000ec        0x4 src\ips6404.o
 .bss.g_eSpiPrescaler
                0x200000f0        0x1 src\ips6404.o
 .bss.g_eCS     0x200000f1        0x1 src\ips6404.o
 *fill*         0x200000f2        0x2 
 .bss.g_pSysTickCallback
                0x200000f4       0x14 src\timer.o
 .bss.g_nTicks  0x20000108        0x4 src\timer.o
 .bss.g_rxCallback
                0x2000010c        0x4 src\usart.o
 .bss.g_pBuffer
                0x20000110        0x4 src\usart.o
 .bss.g_nLen    0x20000114        0x4 src\usart.o
 *(COMMON)
                0x20000118                . = ALIGN (0x4)
                0x20000118                _ebss = .
                0x20000118                __bss_end__ = _ebss

._user_heap_stack
                0x20000118      0x400 load address 0x08003d40
                0x20000118                . = ALIGN (0x4)
                [!provide]                PROVIDE (end, .)
                [!provide]                PROVIDE (_end, .)
                0x20000118                . = (. + _Min_Heap_Size)
                0x20000518                . = (. + _Min_Stack_Size)
 *fill*         0x20000118      0x400 
                0x20000518                . = ALIGN (0x4)

.memory_b1_text
 *(.mb1text)
 *(.mb1text*)
 *(.mb1rodata)
 *(.mb1rodata*)

/DISCARD/
 libc.a(*)
 libm.a(*)
 libgcc.a(*)

.ARM.attributes
                0x00000000       0x30
 *(.ARM.attributes)
 .ARM.attributes
                0x00000000       0x22 c:/program files (x86)/atollic/truestudio for stm32 9.3.0/armtools/bin/../lib/gcc/arm-atollic-eabi/6.3.1/armv7e-m/fpu/crti.o
 .ARM.attributes
                0x00000022       0x34 c:/program files (x86)/atollic/truestudio for stm32 9.3.0/armtools/bin/../lib/gcc/arm-atollic-eabi/6.3.1/armv7e-m/fpu/crtbegin.o
 .ARM.attributes
                0x00000056       0x39 Libraries\LL\src\stm32f4xx_ll_adc.o
 .ARM.attributes
                0x0000008f       0x39 Libraries\LL\src\stm32f4xx_ll_i2c.o
 .ARM.attributes
                0x000000c8       0x39 Libraries\LL\src\stm32f4xx_ll_rcc.o
 .ARM.attributes
                0x00000101       0x39 Libraries\LL\src\stm32f4xx_ll_spi.o
 .ARM.attributes
                0x0000013a       0x39 Libraries\LL\src\stm32f4xx_ll_usart.o
 .ARM.attributes
                0x00000173       0x39 src\ArduCam.o
 .ARM.attributes
                0x000001ac       0x39 src\app.o
 .ARM.attributes
                0x000001e5       0x39 src\common_f4.o
 .ARM.attributes
                0x0000021e       0x39 src\hw.o
 .ARM.attributes
                0x00000257       0x39 src\i2c_int.o
 .ARM.attributes
                0x00000290       0x39 src\ips6404.o
 .ARM.attributes
                0x000002c9       0x39 src\main.o
 .ARM.attributes
                0x00000302       0x39 src\spi_f4.o
 .ARM.attributes
                0x0000033b       0x39 src\timer.o
 .ARM.attributes
                0x00000374       0x39 src\usart.o
 .ARM.attributes
                0x000003ad       0x21 startup\startup_stm32f411xe.o
 .ARM.attributes
                0x000003ce       0x39 startup\system_stm32f4xx.o
 .ARM.attributes
                0x00000407       0x34 c:/program files (x86)/atollic/truestudio for stm32 9.3.0/armtools/bin/../lib/gcc/arm-atollic-eabi/6.3.1/../../../../arm-atollic-eabi/lib/armv7e-m/fpu\libc_nano.a(lib_a-init.o)
 .ARM.attributes
                0x0000043b       0x22 c:/program files (x86)/atollic/truestudio for stm32 9.3.0/armtools/bin/../lib/gcc/arm-atollic-eabi/6.3.1/armv7e-m/fpu/crtn.o
OUTPUT(ArduCam_F4.elf elf32-littlearm)

.debug_info     0x00000000     0xd05c
 .debug_info    0x00000000      0x92f Libraries\LL\src\stm32f4xx_ll_adc.o
 .debug_info    0x0000092f      0x702 Libraries\LL\src\stm32f4xx_ll_i2c.o
 .debug_info    0x00001031      0x799 Libraries\LL\src\stm32f4xx_ll_rcc.o
 .debug_info    0x000017ca      0x7f0 Libraries\LL\src\stm32f4xx_ll_spi.o
 .debug_info    0x00001fba      0x767 Libraries\LL\src\stm32f4xx_ll_usart.o
 .debug_info    0x00002721     0x139b src\ArduCam.o
 .debug_info    0x00003abc     0x10e2 src\app.o
 .debug_info    0x00004b9e      0xf88 src\common_f4.o
 .debug_info    0x00005b26      0xf91 src\hw.o
 .debug_info    0x00006ab7     0x1c85 src\i2c_int.o
 .debug_info    0x0000873c     0x14d0 src\ips6404.o
 .debug_info    0x00009c0c      0x12b src\main.o
 .debug_info    0x00009d37     0x11e2 src\spi_f4.o
 .debug_info    0x0000af19      0xb57 src\timer.o
 .debug_info    0x0000ba70     0x1037 src\usart.o
 .debug_info    0x0000caa7       0x8d startup\startup_stm32f411xe.o
 .debug_info    0x0000cb34      0x528 startup\system_stm32f4xx.o

.debug_abbrev   0x00000000     0x207a
 .debug_abbrev  0x00000000      0x199 Libraries\LL\src\stm32f4xx_ll_adc.o
 .debug_abbrev  0x00000199      0x18e Libraries\LL\src\stm32f4xx_ll_i2c.o
 .debug_abbrev  0x00000327      0x1cd Libraries\LL\src\stm32f4xx_ll_rcc.o
 .debug_abbrev  0x000004f4      0x1e4 Libraries\LL\src\stm32f4xx_ll_spi.o
 .debug_abbrev  0x000006d8      0x1ac Libraries\LL\src\stm32f4xx_ll_usart.o
 .debug_abbrev  0x00000884      0x27e src\ArduCam.o
 .debug_abbrev  0x00000b02      0x241 src\app.o
 .debug_abbrev  0x00000d43      0x21f src\common_f4.o
 .debug_abbrev  0x00000f62      0x294 src\hw.o
 .debug_abbrev  0x000011f6      0x31b src\i2c_int.o
 .debug_abbrev  0x00001511      0x278 src\ips6404.o
 .debug_abbrev  0x00001789       0x93 src\main.o
 .debug_abbrev  0x0000181c      0x23e src\spi_f4.o
 .debug_abbrev  0x00001a5a      0x280 src\timer.o
 .debug_abbrev  0x00001cda      0x280 src\usart.o
 .debug_abbrev  0x00001f5a       0x12 startup\startup_stm32f411xe.o
 .debug_abbrev  0x00001f6c      0x10e startup\system_stm32f4xx.o

.debug_aranges  0x00000000      0x9c0
 .debug_aranges
                0x00000000       0xb0 Libraries\LL\src\stm32f4xx_ll_adc.o
 .debug_aranges
                0x000000b0       0x78 Libraries\LL\src\stm32f4xx_ll_i2c.o
 .debug_aranges
                0x00000128      0x110 Libraries\LL\src\stm32f4xx_ll_rcc.o
 .debug_aranges
                0x00000238       0x90 Libraries\LL\src\stm32f4xx_ll_spi.o
 .debug_aranges
                0x000002c8       0x88 Libraries\LL\src\stm32f4xx_ll_usart.o
 .debug_aranges
                0x00000350       0xc8 src\ArduCam.o
 .debug_aranges
                0x00000418       0x60 src\app.o
 .debug_aranges
                0x00000478       0xc0 src\common_f4.o
 .debug_aranges
                0x00000538       0xe0 src\hw.o
 .debug_aranges
                0x00000618       0xc8 src\i2c_int.o
 .debug_aranges
                0x000006e0       0x78 src\ips6404.o
 .debug_aranges
                0x00000758       0x20 src\main.o
 .debug_aranges
                0x00000778       0xb8 src\spi_f4.o
 .debug_aranges
                0x00000830       0x90 src\timer.o
 .debug_aranges
                0x000008c0       0xb0 src\usart.o
 .debug_aranges
                0x00000970       0x28 startup\startup_stm32f411xe.o
 .debug_aranges
                0x00000998       0x28 startup\system_stm32f4xx.o

.debug_ranges   0x00000000      0x8b8
 .debug_ranges  0x00000000       0xa0 Libraries\LL\src\stm32f4xx_ll_adc.o
 .debug_ranges  0x000000a0       0x68 Libraries\LL\src\stm32f4xx_ll_i2c.o
 .debug_ranges  0x00000108      0x100 Libraries\LL\src\stm32f4xx_ll_rcc.o
 .debug_ranges  0x00000208       0x80 Libraries\LL\src\stm32f4xx_ll_spi.o
 .debug_ranges  0x00000288       0x78 Libraries\LL\src\stm32f4xx_ll_usart.o
 .debug_ranges  0x00000300       0xb8 src\ArduCam.o
 .debug_ranges  0x000003b8       0x50 src\app.o
 .debug_ranges  0x00000408       0xb0 src\common_f4.o
 .debug_ranges  0x000004b8       0xd0 src\hw.o
 .debug_ranges  0x00000588       0xb8 src\i2c_int.o
 .debug_ranges  0x00000640       0x68 src\ips6404.o
 .debug_ranges  0x000006a8       0x10 src\main.o
 .debug_ranges  0x000006b8       0xa8 src\spi_f4.o
 .debug_ranges  0x00000760       0x80 src\timer.o
 .debug_ranges  0x000007e0       0xa0 src\usart.o
 .debug_ranges  0x00000880       0x20 startup\startup_stm32f411xe.o
 .debug_ranges  0x000008a0       0x18 startup\system_stm32f4xx.o

.debug_line     0x00000000     0x476f
 .debug_line    0x00000000      0x480 Libraries\LL\src\stm32f4xx_ll_adc.o
 .debug_line    0x00000480      0x439 Libraries\LL\src\stm32f4xx_ll_i2c.o
 .debug_line    0x000008b9      0x555 Libraries\LL\src\stm32f4xx_ll_rcc.o
 .debug_line    0x00000e0e      0x46e Libraries\LL\src\stm32f4xx_ll_spi.o
 .debug_line    0x0000127c      0x425 Libraries\LL\src\stm32f4xx_ll_usart.o
 .debug_line    0x000016a1      0x4b6 src\ArduCam.o
 .debug_line    0x00001b57      0x435 src\app.o
 .debug_line    0x00001f8c      0x54f src\common_f4.o
 .debug_line    0x000024db      0x582 src\hw.o
 .debug_line    0x00002a5d      0x5fc src\i2c_int.o
 .debug_line    0x00003059      0x40e src\ips6404.o
 .debug_line    0x00003467      0x212 src\main.o
 .debug_line    0x00003679      0x520 src\spi_f4.o
 .debug_line    0x00003b99      0x43d src\timer.o
 .debug_line    0x00003fd6      0x4bd src\usart.o
 .debug_line    0x00004493       0x7f startup\startup_stm32f411xe.o
 .debug_line    0x00004512      0x25d startup\system_stm32f4xx.o

.debug_str      0x00000000     0x31dc
 .debug_str     0x00000000      0x63e Libraries\LL\src\stm32f4xx_ll_adc.o
                                0x6ba (size before relaxing)
 .debug_str     0x0000063e      0x22f Libraries\LL\src\stm32f4xx_ll_i2c.o
                                0x57f (size before relaxing)
 .debug_str     0x0000086d      0x3a0 Libraries\LL\src\stm32f4xx_ll_rcc.o
                                0x73a (size before relaxing)
 .debug_str     0x00000c0d      0x220 Libraries\LL\src\stm32f4xx_ll_spi.o
                                0x5f9 (size before relaxing)
 .debug_str     0x00000e2d      0x1c8 Libraries\LL\src\stm32f4xx_ll_usart.o
                                0x629 (size before relaxing)
 .debug_str     0x00000ff5      0xd06 src\ArduCam.o
                               0x1020 (size before relaxing)
 .debug_str     0x00001cfb      0x28f src\app.o
                                0xceb (size before relaxing)
 .debug_str     0x00001f8a      0x2ff src\common_f4.o
                                0x8a4 (size before relaxing)
 .debug_str     0x00002289      0x237 src\hw.o
                                0x948 (size before relaxing)
 .debug_str     0x000024c0      0x657 src\i2c_int.o
                               0x1113 (size before relaxing)
 .debug_str     0x00002b17       0xec src\ips6404.o
                                0xf16 (size before relaxing)
 .debug_str     0x00002c03       0x13 src\main.o
                                0x220 (size before relaxing)
 .debug_str     0x00002c16      0x22c src\spi_f4.o
                                0xdc7 (size before relaxing)
 .debug_str     0x00002e42      0x19b src\timer.o
                                0x9ba (size before relaxing)
 .debug_str     0x00002fdd      0x1af src\usart.o
                                0xc2c (size before relaxing)
 .debug_str     0x0000318c       0x50 startup\system_stm32f4xx.o
                                0x3c9 (size before relaxing)

.comment        0x00000000       0x7c
 .comment       0x00000000       0x7c Libraries\LL\src\stm32f4xx_ll_adc.o
                                 0x7d (size before relaxing)
 .comment       0x0000007c       0x7d Libraries\LL\src\stm32f4xx_ll_i2c.o
 .comment       0x0000007c       0x7d Libraries\LL\src\stm32f4xx_ll_rcc.o
 .comment       0x0000007c       0x7d Libraries\LL\src\stm32f4xx_ll_spi.o
 .comment       0x0000007c       0x7d Libraries\LL\src\stm32f4xx_ll_usart.o
 .comment       0x0000007c       0x7d src\ArduCam.o
 .comment       0x0000007c       0x7d src\app.o
 .comment       0x0000007c       0x7d src\common_f4.o
 .comment       0x0000007c       0x7d src\hw.o
 .comment       0x0000007c       0x7d src\i2c_int.o
 .comment       0x0000007c       0x7d src\ips6404.o
 .comment       0x0000007c       0x7d src\main.o
 .comment       0x0000007c       0x7d src\spi_f4.o
 .comment       0x0000007c       0x7d src\timer.o
 .comment       0x0000007c       0x7d src\usart.o
 .comment       0x0000007c       0x7d startup\system_stm32f4xx.o

.debug_frame    0x00000000     0x26c0
 .debug_frame   0x00000000      0x2f0 Libraries\LL\src\stm32f4xx_ll_adc.o
 .debug_frame   0x000002f0      0x1ec Libraries\LL\src\stm32f4xx_ll_i2c.o
 .debug_frame   0x000004dc      0x43c Libraries\LL\src\stm32f4xx_ll_rcc.o
 .debug_frame   0x00000918      0x254 Libraries\LL\src\stm32f4xx_ll_spi.o
 .debug_frame   0x00000b6c      0x234 Libraries\LL\src\stm32f4xx_ll_usart.o
 .debug_frame   0x00000da0      0x30c src\ArduCam.o
 .debug_frame   0x000010ac      0x168 src\app.o
 .debug_frame   0x00001214      0x354 src\common_f4.o
 .debug_frame   0x00001568      0x3cc src\hw.o
 .debug_frame   0x00001934      0x328 src\i2c_int.o
 .debug_frame   0x00001c5c      0x1b0 src\ips6404.o
 .debug_frame   0x00001e0c       0x2c src\main.o
 .debug_frame   0x00001e38      0x314 src\spi_f4.o
 .debug_frame   0x0000214c      0x218 src\timer.o
 .debug_frame   0x00002364      0x2d8 src\usart.o
 .debug_frame   0x0000263c       0x58 startup\system_stm32f4xx.o
 .debug_frame   0x00002694       0x2c c:/program files (x86)/atollic/truestudio for stm32 9.3.0/armtools/bin/../lib/gcc/arm-atollic-eabi/6.3.1/../../../../arm-atollic-eabi/lib/armv7e-m/fpu\libc_nano.a(lib_a-init.o)

.stabstr        0x00000000       0x3f
 .stabstr       0x00000000       0x3f c:/program files (x86)/atollic/truestudio for stm32 9.3.0/armtools/bin/../lib/gcc/arm-atollic-eabi/6.3.1/../../../../arm-atollic-eabi/lib/armv7e-m/fpu\libnosys.a(write.o)

Cross Reference Table

Symbol                                            File
ADC_IRQHandler                                    startup\startup_stm32f411xe.o
AHBPrescTable                                     startup\system_stm32f4xx.o
                                                  Libraries\LL\src\stm32f4xx_ll_utils.o
                                                  Libraries\LL\src\stm32f4xx_ll_rcc.o
APBPrescTable                                     startup\system_stm32f4xx.o
                                                  Libraries\LL\src\stm32f4xx_ll_rcc.o
App_Exec                                          src\app.o
                                                  src\main.o
App_Init                                          src\app.o
                                                  src\main.o
ArduCam_ClearFifoFlag                             src\ArduCam.o
                                                  src\app.o
ArduCam_FlushFifo                                 src\ArduCam.o
                                                  src\app.o
ArduCam_GetVersion                                src\ArduCam.o
ArduCam_Init                                      src\ArduCam.o
                                                  src\app.o
ArduCam_IsCaptureBit                              src\ArduCam.o
                                                  src\app.o
ArduCam_ReadFifoBlock                             src\ArduCam.o
                                                  src\app.o
ArduCam_ReadFifoLength                            src\ArduCam.o
                                                  src\app.o
ArduCam_ReadFifoSingle                            src\ArduCam.o
ArduCam_ReadSpiReg                                src\ArduCam.o
ArduCam_SetBrightness                             src\ArduCam.o
ArduCam_SetColorSaturation                        src\ArduCam.o
ArduCam_SetContrast                               src\ArduCam.o
ArduCam_SetFormat                                 src\ArduCam.o
ArduCam_SetJpegSize                               src\ArduCam.o
                                                  src\app.o
ArduCam_SetLighMode                               src\ArduCam.o
ArduCam_SetMode                                   src\ArduCam.o
ArduCam_StartCapture                              src\ArduCam.o
                                                  src\app.o
ArduCam_Test                                      src\ArduCam.o
ArduCam_WriteSpiReg                               src\ArduCam.o
BusFault_Handler                                  startup\startup_stm32f411xe.o
DMA1_Stream0_IRQHandler                           startup\startup_stm32f411xe.o
DMA1_Stream1_IRQHandler                           startup\startup_stm32f411xe.o
DMA1_Stream2_IRQHandler                           startup\startup_stm32f411xe.o
DMA1_Stream3_IRQHandler                           startup\startup_stm32f411xe.o
DMA1_Stream4_IRQHandler                           startup\startup_stm32f411xe.o
DMA1_Stream5_IRQHandler                           startup\startup_stm32f411xe.o
DMA1_Stream6_IRQHandler                           startup\startup_stm32f411xe.o
DMA1_Stream7_IRQHandler                           startup\startup_stm32f411xe.o
DMA2_Stream0_IRQHandler                           startup\startup_stm32f411xe.o
DMA2_Stream1_IRQHandler                           startup\startup_stm32f411xe.o
DMA2_Stream2_IRQHandler                           startup\startup_stm32f411xe.o
DMA2_Stream3_IRQHandler                           startup\startup_stm32f411xe.o
DMA2_Stream4_IRQHandler                           startup\startup_stm32f411xe.o
DMA2_Stream5_IRQHandler                           startup\startup_stm32f411xe.o
DMA2_Stream6_IRQHandler                           startup\startup_stm32f411xe.o
DMA2_Stream7_IRQHandler                           startup\startup_stm32f411xe.o
DT_GetDateTimeFromUnix                            src\dt.o
DT_GetUnixTime                                    src\dt.o
                                                  src\rtc_f4.o
DebugMon_Handler                                  startup\startup_stm32f411xe.o
Default_Handler                                   startup\startup_stm32f411xe.o
EXTI0_IRQHandler                                  startup\startup_stm32f411xe.o
EXTI15_10_IRQHandler                              startup\startup_stm32f411xe.o
EXTI1_IRQHandler                                  startup\startup_stm32f411xe.o
EXTI2_IRQHandler                                  startup\startup_stm32f411xe.o
EXTI3_IRQHandler                                  startup\startup_stm32f411xe.o
EXTI4_IRQHandler                                  startup\startup_stm32f411xe.o
EXTI9_5_IRQHandler                                startup\startup_stm32f411xe.o
EXTI_Config                                       src\common_f4.o
FLASH_IRQHandler                                  startup\startup_stm32f411xe.o
FPU_IRQHandler                                    startup\startup_stm32f411xe.o
GPIO_ClockDisable                                 src\common_f4.o
GPIO_ClockEnable                                  src\common_f4.o
                                                  src\ips6404.o
GPIO_ConfigPin                                    src\common_f4.o
                                                  src\usart.o
                                                  src\spi_f4.o
                                                  src\si4463.o
                                                  src\ips6404.o
                                                  src\i2c_int.o
                                                  src\hw.o
                                                  src\ArduCam.o
GPIO_GetPin                                       src\common_f4.o
                                                  src\i2c_int.o
GPIO_GetPinSource                                 src\common_f4.o
GPIO_GetPort                                      src\common_f4.o
                                                  src\i2c_int.o
GPIO_SetAFpin                                     src\common_f4.o
                                                  src\usart.o
                                                  src\spi_f4.o
                                                  src\i2c_int.o
HW_AdcInit                                        src\hw.o
HW_AdcMeasure                                     src\hw.o
HW_GetTemperature                                 src\hw.o
HW_GetVoltage_mV                                  src\hw.o
HW_Init                                           src\hw.o
                                                  src\app.o
HW_MeasureBatVoltage_mV                           src\hw.o
HW_MeasureTemperature                             src\hw.o
HW_MeasureVrefVoltage                             src\hw.o
HW_ReadCPUID                                      src\hw.o
HW_SetBoardLed                                    src\hw.o
HW_SetCamSupply                                   src\hw.o
HardFault_Handler                                 startup\startup_stm32f411xe.o
I2C1_ER_IRQHandler                                src\i2c_int.o
I2C1_EV_IRQHandler                                src\i2c_int.o
I2C2_ER_IRQHandler                                src\i2c_int.o
I2C2_EV_IRQHandler                                src\i2c_int.o
I2C3_ER_IRQHandler                                src\i2c_int.o
I2C3_EV_IRQHandler                                src\i2c_int.o
IPS6404_GetDrv                                    src\ips6404.o
IPS6404_GetID                                     src\ips6404.o
IPS6404_Init                                      src\ips6404.o
                                                  src\app.o
IPS6404_ReadData                                  src\ips6404.o
                                                  src\app.o
IPS6404_Reset                                     src\ips6404.o
IPS6404_Test                                      src\ips6404.o
IPS6404_WriteBuffer                               src\ips6404.o
                                                  src\app.o
IPS6404_Write_24bitValue                          src\ips6404.o
IPS6404_Write_Close                               src\ips6404.o
IPS6404_Write_Open                                src\ips6404.o
IPS6404_Write_Write                               src\ips6404.o
LL_ADC_CommonDeInit                               Libraries\LL\src\stm32f4xx_ll_adc.o
LL_ADC_CommonInit                                 Libraries\LL\src\stm32f4xx_ll_adc.o
LL_ADC_CommonStructInit                           Libraries\LL\src\stm32f4xx_ll_adc.o
LL_ADC_DeInit                                     Libraries\LL\src\stm32f4xx_ll_adc.o
LL_ADC_INJ_Init                                   Libraries\LL\src\stm32f4xx_ll_adc.o
LL_ADC_INJ_StructInit                             Libraries\LL\src\stm32f4xx_ll_adc.o
LL_ADC_Init                                       Libraries\LL\src\stm32f4xx_ll_adc.o
                                                  src\hw.o
LL_ADC_REG_Init                                   Libraries\LL\src\stm32f4xx_ll_adc.o
LL_ADC_REG_StructInit                             Libraries\LL\src\stm32f4xx_ll_adc.o
LL_ADC_StructInit                                 Libraries\LL\src\stm32f4xx_ll_adc.o
LL_CRC_DeInit                                     Libraries\LL\src\stm32f4xx_ll_crc.o
LL_DMA_DeInit                                     Libraries\LL\src\stm32f4xx_ll_dma.o
LL_DMA_Init                                       Libraries\LL\src\stm32f4xx_ll_dma.o
LL_DMA_StructInit                                 Libraries\LL\src\stm32f4xx_ll_dma.o
LL_EXTI_DeInit                                    Libraries\LL\src\stm32f4xx_ll_exti.o
LL_EXTI_Init                                      Libraries\LL\src\stm32f4xx_ll_exti.o
LL_EXTI_StructInit                                Libraries\LL\src\stm32f4xx_ll_exti.o
LL_GPIO_DeInit                                    Libraries\LL\src\stm32f4xx_ll_gpio.o
LL_GPIO_Init                                      Libraries\LL\src\stm32f4xx_ll_gpio.o
LL_GPIO_StructInit                                Libraries\LL\src\stm32f4xx_ll_gpio.o
LL_I2C_DeInit                                     Libraries\LL\src\stm32f4xx_ll_i2c.o
LL_I2C_Init                                       Libraries\LL\src\stm32f4xx_ll_i2c.o
                                                  src\i2c_int.o
LL_I2C_StructInit                                 Libraries\LL\src\stm32f4xx_ll_i2c.o
LL_I2S_ConfigPrescaler                            Libraries\LL\src\stm32f4xx_ll_spi.o
LL_I2S_DeInit                                     Libraries\LL\src\stm32f4xx_ll_spi.o
LL_I2S_Init                                       Libraries\LL\src\stm32f4xx_ll_spi.o
LL_I2S_InitFullDuplex                             Libraries\LL\src\stm32f4xx_ll_spi.o
LL_I2S_StructInit                                 Libraries\LL\src\stm32f4xx_ll_spi.o
LL_Init1msTick                                    Libraries\LL\src\stm32f4xx_ll_utils.o
LL_PLL_ConfigSystemClock_HSE                      Libraries\LL\src\stm32f4xx_ll_utils.o
LL_PLL_ConfigSystemClock_HSI                      Libraries\LL\src\stm32f4xx_ll_utils.o
LL_PWR_DeInit                                     Libraries\LL\src\stm32f4xx_ll_pwr.o
LL_RCC_DeInit                                     Libraries\LL\src\stm32f4xx_ll_rcc.o
LL_RCC_GetI2SClockFreq                            Libraries\LL\src\stm32f4xx_ll_rcc.o
                                                  Libraries\LL\src\stm32f4xx_ll_spi.o
LL_RCC_GetSDIOClockFreq                           Libraries\LL\src\stm32f4xx_ll_rcc.o
LL_RCC_GetSystemClocksFreq                        Libraries\LL\src\stm32f4xx_ll_rcc.o
                                                  src\timer.o
                                                  src\app.o
                                                  Libraries\LL\src\stm32f4xx_ll_usart.o
                                                  Libraries\LL\src\stm32f4xx_ll_i2c.o
LL_RCC_GetUSBClockFreq                            Libraries\LL\src\stm32f4xx_ll_rcc.o
LL_RTC_ALMA_Init                                  Libraries\LL\src\stm32f4xx_ll_rtc.o
LL_RTC_ALMA_StructInit                            Libraries\LL\src\stm32f4xx_ll_rtc.o
LL_RTC_ALMB_Init                                  Libraries\LL\src\stm32f4xx_ll_rtc.o
LL_RTC_ALMB_StructInit                            Libraries\LL\src\stm32f4xx_ll_rtc.o
LL_RTC_DATE_Init                                  Libraries\LL\src\stm32f4xx_ll_rtc.o
LL_RTC_DATE_StructInit                            Libraries\LL\src\stm32f4xx_ll_rtc.o
LL_RTC_DeInit                                     Libraries\LL\src\stm32f4xx_ll_rtc.o
LL_RTC_EnterInitMode                              Libraries\LL\src\stm32f4xx_ll_rtc.o
LL_RTC_ExitInitMode                               Libraries\LL\src\stm32f4xx_ll_rtc.o
LL_RTC_Init                                       Libraries\LL\src\stm32f4xx_ll_rtc.o
LL_RTC_StructInit                                 Libraries\LL\src\stm32f4xx_ll_rtc.o
LL_RTC_TIME_Init                                  Libraries\LL\src\stm32f4xx_ll_rtc.o
LL_RTC_TIME_StructInit                            Libraries\LL\src\stm32f4xx_ll_rtc.o
LL_RTC_WaitForSynchro                             Libraries\LL\src\stm32f4xx_ll_rtc.o
LL_SPI_DeInit                                     Libraries\LL\src\stm32f4xx_ll_spi.o
                                                  src\spi_f4.o
LL_SPI_Init                                       Libraries\LL\src\stm32f4xx_ll_spi.o
                                                  src\spi_f4.o
LL_SPI_StructInit                                 Libraries\LL\src\stm32f4xx_ll_spi.o
LL_SetSystemCoreClock                             Libraries\LL\src\stm32f4xx_ll_utils.o
LL_TIM_BDTR_Init                                  Libraries\LL\src\stm32f4xx_ll_tim.o
LL_TIM_BDTR_StructInit                            Libraries\LL\src\stm32f4xx_ll_tim.o
LL_TIM_DeInit                                     Libraries\LL\src\stm32f4xx_ll_tim.o
LL_TIM_ENCODER_Init                               Libraries\LL\src\stm32f4xx_ll_tim.o
LL_TIM_ENCODER_StructInit                         Libraries\LL\src\stm32f4xx_ll_tim.o
LL_TIM_HALLSENSOR_Init                            Libraries\LL\src\stm32f4xx_ll_tim.o
LL_TIM_HALLSENSOR_StructInit                      Libraries\LL\src\stm32f4xx_ll_tim.o
LL_TIM_IC_Init                                    Libraries\LL\src\stm32f4xx_ll_tim.o
LL_TIM_IC_StructInit                              Libraries\LL\src\stm32f4xx_ll_tim.o
LL_TIM_Init                                       Libraries\LL\src\stm32f4xx_ll_tim.o
LL_TIM_OC_Init                                    Libraries\LL\src\stm32f4xx_ll_tim.o
LL_TIM_OC_StructInit                              Libraries\LL\src\stm32f4xx_ll_tim.o
LL_TIM_StructInit                                 Libraries\LL\src\stm32f4xx_ll_tim.o
LL_USART_ClockInit                                Libraries\LL\src\stm32f4xx_ll_usart.o
LL_USART_ClockStructInit                          Libraries\LL\src\stm32f4xx_ll_usart.o
LL_USART_DeInit                                   Libraries\LL\src\stm32f4xx_ll_usart.o
LL_USART_Init                                     Libraries\LL\src\stm32f4xx_ll_usart.o
                                                  src\usart.o
LL_USART_StructInit                               Libraries\LL\src\stm32f4xx_ll_usart.o
                                                  src\usart.o
LL_mDelay                                         Libraries\LL\src\stm32f4xx_ll_utils.o
MemManage_Handler                                 startup\startup_stm32f411xe.o
NMI_Handler                                       startup\startup_stm32f411xe.o
OTG_FS_IRQHandler                                 startup\startup_stm32f411xe.o
OTG_FS_WKUP_IRQHandler                            startup\startup_stm32f411xe.o
OV2640_1024x768_JPEG                              src\ArduCam.o
OV2640_1280x1024_JPEG                             src\ArduCam.o
OV2640_1600x1200_JPEG                             src\ArduCam.o
OV2640_160x120_JPEG                               src\ArduCam.o
OV2640_176x144_JPEG                               src\ArduCam.o
OV2640_320x240_JPEG                               src\ArduCam.o
OV2640_352x288_JPEG                               src\ArduCam.o
OV2640_640x480_JPEG                               src\ArduCam.o
OV2640_640x480_JPEG2                              src\ArduCam.o
OV2640_800x600_JPEG                               src\ArduCam.o
OV2640_JPEG                                       src\ArduCam.o
OV2640_JPEG_INIT                                  src\ArduCam.o
OV2640_QVGA                                       src\ArduCam.o
OV2640_SVGA                                       src\ArduCam.o
OV2640_YUV422                                     src\ArduCam.o
PVD_IRQHandler                                    startup\startup_stm32f411xe.o
PendSV_Handler                                    startup\startup_stm32f411xe.o
Prot_GetServerAddr                                src\protocol.o
Prot_InstCheck                                    src\protocol.o
Prot_InstData                                     src\protocol.o
Prot_InstMediaData                                src\protocol.o
                                                  src\app.o
Prot_InstMediaInfo                                src\protocol.o
                                                  src\app.o
Prot_InstRelationData                             src\protocol.o
Prot_InstWakeUp                                   src\protocol.o
Prot_IsChannelClear                               src\protocol.o
Prot_SetMyAddr                                    src\protocol.o
Prot_SetReplyTimeout                              src\protocol.o
Prot_SetServerAddr                                src\protocol.o
RCC_GetHCLKClockFreq                              Libraries\LL\src\stm32f4xx_ll_rcc.o
RCC_GetPCLK1ClockFreq                             Libraries\LL\src\stm32f4xx_ll_rcc.o
RCC_GetPCLK2ClockFreq                             Libraries\LL\src\stm32f4xx_ll_rcc.o
RCC_GetSystemClockFreq                            Libraries\LL\src\stm32f4xx_ll_rcc.o
RCC_IRQHandler                                    startup\startup_stm32f411xe.o
RCC_PLLI2S_GetFreqDomain_I2S                      Libraries\LL\src\stm32f4xx_ll_rcc.o
RCC_PLL_GetFreqDomain_48M                         Libraries\LL\src\stm32f4xx_ll_rcc.o
RCC_PLL_GetFreqDomain_SYS                         Libraries\LL\src\stm32f4xx_ll_rcc.o
RTCF4_Bcd2ToByte                                  src\rtc_f4.o
RTCF4_ByteToBcd2                                  src\rtc_f4.o
RTCF4_Get                                         src\rtc_f4.o
RTCF4_GetDateTimeFromUnix                         src\rtc_f4.o
RTCF4_GetNowUnixTimeStamp                         src\rtc_f4.o
RTCF4_GetTimeZone                                 src\rtc_f4.o
RTCF4_GetUnixTimeStamp                            src\rtc_f4.o
RTCF4_Init                                        src\rtc_f4.o
RTCF4_Set                                         src\rtc_f4.o
RTCF4_Test                                        src\rtc_f4.o
RTC_Alarm_IRQHandler                              startup\startup_stm32f411xe.o
RTC_WKUP_IRQHandler                               startup\startup_stm32f411xe.o
Reset_Handler                                     startup\startup_stm32f411xe.o
SDIO_IRQHandler                                   startup\startup_stm32f411xe.o
SI4463_ChangeState                                src\si4463.o
SI4463_ClearInterrupts                            src\si4463.o
SI4463_Clear_RX_FIFO                              src\si4463.o
SI4463_Clear_TX_FIFO                              src\si4463.o
SI4463_GetCurrentState                            src\si4463.o
SI4463_GetId                                      src\si4463.o
SI4463_GetProperty                                src\si4463.o
SI4463_GetRxFifoInfo                              src\si4463.o
SI4463_Init                                       src\si4463.o
SI4463_IsInterrupt                                src\si4463.o
                                                  src\protocol.o
SI4463_RX_FIFO                                    src\si4463.o
SI4463_RX_Start                                   src\si4463.o
SI4463_ReadBuffer                                 src\si4463.o
SI4463_ReadData                                   src\si4463.o
                                                  src\protocol.o
SI4463_SendData                                   src\si4463.o
                                                  src\protocol.o
SI4463_SetChannel                                 src\si4463.o
SI4463_SetPowerLevel                              src\si4463.o
SI4463_SetProperty                                src\si4463.o
SI4463_TX_FIFO                                    src\si4463.o
SI4463_TX_Start                                   src\si4463.o
SI4463_Wait_CTS                                   src\si4463.o
SPI1_IRQHandler                                   startup\startup_stm32f411xe.o
SPI2_IRQHandler                                   startup\startup_stm32f411xe.o
SPI3_IRQHandler                                   startup\startup_stm32f411xe.o
SPI4_IRQHandler                                   startup\startup_stm32f411xe.o
SPI5_IRQHandler                                   startup\startup_stm32f411xe.o
SVC_Handler                                       startup\startup_stm32f411xe.o
SysTick_Handler                                   src\timer.o
SystemCoreClock                                   startup\system_stm32f4xx.o
                                                  src\timer.o
                                                  src\hw.o
                                                  Libraries\LL\src\stm32f4xx_ll_utils.o
SystemCoreClockUpdate                             startup\system_stm32f4xx.o
                                                  src\timer.o
SystemInit                                        startup\system_stm32f4xx.o
                                                  startup\startup_stm32f411xe.o
TAMP_STAMP_IRQHandler                             startup\startup_stm32f411xe.o
TIM1_BRK_TIM9_IRQHandler                          startup\startup_stm32f411xe.o
TIM1_CC_IRQHandler                                startup\startup_stm32f411xe.o
TIM1_TRG_COM_TIM11_IRQHandler                     startup\startup_stm32f411xe.o
TIM1_UP_TIM10_IRQHandler                          startup\startup_stm32f411xe.o
TIM2_IRQHandler                                   startup\startup_stm32f411xe.o
TIM3_IRQHandler                                   startup\startup_stm32f411xe.o
TIM4_IRQHandler                                   startup\startup_stm32f411xe.o
TIM5_IRQHandler                                   startup\startup_stm32f411xe.o
TimerUs_init                                      src\timer.o
Timer_Delay_ms                                    src\timer.o
                                                  src\si4463.o
                                                  src\protocol.o
                                                  src\ArduCam.o
Timer_GetTicks_ms                                 src\timer.o
                                                  src\si4463.o
                                                  src\rtc_f4.o
                                                  src\protocol.o
Timer_Init                                        src\timer.o
                                                  src\hw.o
Timer_SetSysTickCallback                          src\timer.o
Timer_SystickUpdate                               src\timer.o
Timer_UsClear                                     src\timer.o
Timer_UsDdelay                                    src\timer.o
Timer_UsGet_microseconds                          src\timer.o
Timer_UsStart                                     src\timer.o
Timer_UsStop                                      src\timer.o
USART1_IRQHandler                                 src\usart.o
USART2_IRQHandler                                 src\usart.o
USART3_IRQHandler                                 src\usart.o
USART6_IRQHandler                                 startup\startup_stm32f411xe.o
UsageFault_Handler                                startup\startup_stm32f411xe.o
WWDG_IRQHandler                                   startup\startup_stm32f411xe.o
_CaptureImage                                     src\app.o
_Enter_RTC_InitMode                               src\rtc_f4.o
_Exit_RTC_InitMode                                src\rtc_f4.o
_FindJpegEnd                                      src\app.o
_FindJpegStart                                    src\app.o
_ProcessCmd                                       src\app.o
_ReadSensorReg8_8                                 src\ArduCam.o
_Send24bit                                        src\ips6404.o
_SendImageRadio                                   src\app.o
_SendImageSerial                                  src\app.o
_SendPacket                                       src\protocol.o
_UsartRcvCbk                                      src\app.o
_WaitForReply                                     src\protocol.o
_WaitForSynchro_RTC                               src\rtc_f4.o
_WriteSensorReg8_8                                src\ArduCam.o
_WriteSensorRegs8_8                               src\ArduCam.o
__deregister_frame_info                           c:/program files (x86)/atollic/truestudio for stm32 9.3.0/armtools/bin/../lib/gcc/arm-atollic-eabi/6.3.1/armv7e-m/fpu/crtbegin.o
__dso_handle                                      c:/program files (x86)/atollic/truestudio for stm32 9.3.0/armtools/bin/../lib/gcc/arm-atollic-eabi/6.3.1/armv7e-m/fpu/crtbegin.o
__init_array_end                                  c:/program files (x86)/atollic/truestudio for stm32 9.3.0/armtools/bin/../lib/gcc/arm-atollic-eabi/6.3.1/../../../../arm-atollic-eabi/lib/armv7e-m/fpu\libc_nano.a(lib_a-init.o)
__init_array_start                                c:/program files (x86)/atollic/truestudio for stm32 9.3.0/armtools/bin/../lib/gcc/arm-atollic-eabi/6.3.1/../../../../arm-atollic-eabi/lib/armv7e-m/fpu\libc_nano.a(lib_a-init.o)
__libc_init_array                                 c:/program files (x86)/atollic/truestudio for stm32 9.3.0/armtools/bin/../lib/gcc/arm-atollic-eabi/6.3.1/../../../../arm-atollic-eabi/lib/armv7e-m/fpu\libc_nano.a(lib_a-init.o)
                                                  startup\startup_stm32f411xe.o
__preinit_array_end                               c:/program files (x86)/atollic/truestudio for stm32 9.3.0/armtools/bin/../lib/gcc/arm-atollic-eabi/6.3.1/../../../../arm-atollic-eabi/lib/armv7e-m/fpu\libc_nano.a(lib_a-init.o)
__preinit_array_start                             c:/program files (x86)/atollic/truestudio for stm32 9.3.0/armtools/bin/../lib/gcc/arm-atollic-eabi/6.3.1/../../../../arm-atollic-eabi/lib/armv7e-m/fpu\libc_nano.a(lib_a-init.o)
__register_frame_info                             c:/program files (x86)/atollic/truestudio for stm32 9.3.0/armtools/bin/../lib/gcc/arm-atollic-eabi/6.3.1/armv7e-m/fpu/crtbegin.o
_ebss                                             startup\startup_stm32f411xe.o
_edata                                            startup\startup_stm32f411xe.o
_estack                                           startup\startup_stm32f411xe.o
_fini                                             c:/program files (x86)/atollic/truestudio for stm32 9.3.0/armtools/bin/../lib/gcc/arm-atollic-eabi/6.3.1/armv7e-m/fpu/crti.o
_i2c1_drv                                         src\i2c_int.o
                                                  src\app.o
_i2c2_drv                                         src\i2c_int.o
_i2c3_drv                                         src\i2c_int.o
_init                                             c:/program files (x86)/atollic/truestudio for stm32 9.3.0/armtools/bin/../lib/gcc/arm-atollic-eabi/6.3.1/armv7e-m/fpu/crti.o
                                                  c:/program files (x86)/atollic/truestudio for stm32 9.3.0/armtools/bin/../lib/gcc/arm-atollic-eabi/6.3.1/../../../../arm-atollic-eabi/lib/armv7e-m/fpu\libc_nano.a(lib_a-init.o)
_sbss                                             startup\startup_stm32f411xe.o
_sdata                                            startup\startup_stm32f411xe.o
_sidata                                           startup\startup_stm32f411xe.o
_spi1_drv                                         src\spi_f4.o
                                                  src\si4463.o
                                                  src\app.o
_spi2_drv                                         src\spi_f4.o
                                                  src\app.o
_spi3_drv                                         src\spi_f4.o
_usart1_drv                                       src\usart.o
_usart2_drv                                       src\usart.o
                                                  src\app.o
_usart3_drv                                       src\usart.o
_write                                            c:/program files (x86)/atollic/truestudio for stm32 9.3.0/armtools/bin/../lib/gcc/arm-atollic-eabi/6.3.1/../../../../arm-atollic-eabi/lib/armv7e-m/fpu\libnosys.a(write.o)
                                                  src\tiny_printf.o
errno                                             c:/program files (x86)/atollic/truestudio for stm32 9.3.0/armtools/bin/../lib/gcc/arm-atollic-eabi/6.3.1/../../../../arm-atollic-eabi/lib/armv7e-m/fpu\libnosys.a(errno.o)
                                                  c:/program files (x86)/atollic/truestudio for stm32 9.3.0/armtools/bin/../lib/gcc/arm-atollic-eabi/6.3.1/../../../../arm-atollic-eabi/lib/armv7e-m/fpu\libnosys.a(write.o)
fiprintf                                          src\tiny_printf.o
fprintf                                           src\tiny_printf.o
fputs                                             src\tiny_printf.o
fwrite                                            src\tiny_printf.o
g_pfnVectors                                      startup\startup_stm32f411xe.o
i2c1_hw                                           src\i2c_int.o
i2c2_hw                                           src\i2c_int.o
i2c3_hw                                           src\i2c_int.o
i2c_init                                          src\i2c_int.o
                                                  src\app.o
i2c_read                                          src\i2c_int.o
i2c_read_reg                                      src\i2c_int.o
i2c_transfer                                      src\i2c_int.o
                                                  src\ArduCam.o
i2c_write                                         src\i2c_int.o
i2c_write_reg                                     src\i2c_int.o
i2c_write_regs                                    src\i2c_int.o
iprintf                                           src\tiny_printf.o
main                                              src\main.o
                                                  startup\startup_stm32f411xe.o
memcmp                                            c:/program files (x86)/atollic/truestudio for stm32 9.3.0/armtools/bin/../lib/gcc/arm-atollic-eabi/6.3.1/../../../../arm-atollic-eabi/lib/armv7e-m/fpu\libc_nano.a(lib_a-memcmp.o)
                                                  src\ips6404.o
memcpy                                            c:/program files (x86)/atollic/truestudio for stm32 9.3.0/armtools/bin/../lib/gcc/arm-atollic-eabi/6.3.1/../../../../arm-atollic-eabi/lib/armv7e-m/fpu\libc_nano.a(lib_a-memcpy-stub.o)
                                                  src\si4463.o
                                                  src\protocol.o
                                                  src\i2c_int.o
printf                                            src\tiny_printf.o
puts                                              src\tiny_printf.o
siprintf                                          src\tiny_printf.o
spi1_hw                                           src\spi_f4.o
spi2_hw                                           src\spi_f4.o
spi3_hw                                           src\spi_f4.o
spi_CalculatePrescaler                            src\spi_f4.o
                                                  src\app.o
spi_Init                                          src\spi_f4.o
                                                  src\si4463.o
                                                  src\app.o
spi_ReadBidirectionalByte                         src\spi_f4.o
spi_SendData16                                    src\spi_f4.o
spi_SendData8                                     src\spi_f4.o
                                                  src\si4463.o
                                                  src\ips6404.o
                                                  src\ArduCam.o
spi_SetDirection                                  src\spi_f4.o
spi_SetMode                                       src\spi_f4.o
spi_SetPrescaler                                  src\spi_f4.o
                                                  src\si4463.o
                                                  src\ips6404.o
spi_TransactionBegin                              src\spi_f4.o
                                                  src\ips6404.o
                                                  src\ArduCam.o
spi_TransactionEnd                                src\spi_f4.o
                                                  src\ips6404.o
                                                  src\ArduCam.o
spi_WaitForNoBusy                                 src\spi_f4.o
                                                  src\ips6404.o
spi_WriteBidirectionalByte                        src\spi_f4.o
sprintf                                           src\tiny_printf.o
strlen                                            c:/program files (x86)/atollic/truestudio for stm32 9.3.0/armtools/bin/../lib/gcc/arm-atollic-eabi/6.3.1/../../../../arm-atollic-eabi/lib/armv7e-m/fpu\libc_nano.a(lib_a-strlen.o)
                                                  src\tiny_printf.o
ts_formatlength                                   src\tiny_printf.o
ts_formatstring                                   src\tiny_printf.o
ts_itoa                                           src\tiny_printf.o
usart1_hw                                         src\usart.o
usart2_hw                                         src\usart.o
usart_Init                                        src\usart.o
                                                  src\app.o
usart_PrintLn                                     src\usart.o
                                                  src\app.o
usart_Send                                        src\usart.o
                                                  src\app.o
usart_WaitForTransmitComplete                     src\usart.o
                                                  src\app.o
vsqrtf                                            src\common_f4.o
