Archive member included to satisfy reference by file (symbol)

c:/program files (x86)/atollic/truestudio for stm32 9.3.0/armtools/bin/../lib/gcc/arm-atollic-eabi/6.3.1/../../../../arm-atollic-eabi/lib/armv7e-m/fpu\libc_nano.a(lib_a-init.o)
                              startup\startup_stm32f411xe.o (__libc_init_array)
c:/program files (x86)/atollic/truestudio for stm32 9.3.0/armtools/bin/../lib/gcc/arm-atollic-eabi/6.3.1/../../../../arm-atollic-eabi/lib/armv7e-m/fpu\libc_nano.a(lib_a-memcmp.o)
                              src\ips6404.o (memcmp)
c:/program files (x86)/atollic/truestudio for stm32 9.3.0/armtools/bin/../lib/gcc/arm-atollic-eabi/6.3.1/../../../../arm-atollic-eabi/lib/armv7e-m/fpu\libc_nano.a(lib_a-memcpy-stub.o)
                              src\i2c_int.o (memcpy)
c:/program files (x86)/atollic/truestudio for stm32 9.3.0/armtools/bin/../lib/gcc/arm-atollic-eabi/6.3.1/../../../../arm-atollic-eabi/lib/armv7e-m/fpu\libc_nano.a(lib_a-memset.o)
                              src\ips6404.o (memset)
c:/program files (x86)/atollic/truestudio for stm32 9.3.0/armtools/bin/../lib/gcc/arm-atollic-eabi/6.3.1/../../../../arm-atollic-eabi/lib/armv7e-m/fpu\libc_nano.a(lib_a-strlen.o)
                              src\tiny_printf.o (strlen)
c:/program files (x86)/atollic/truestudio for stm32 9.3.0/armtools/bin/../lib/gcc/arm-atollic-eabi/6.3.1/../../../../arm-atollic-eabi/lib/armv7e-m/fpu\libnosys.a(write.o)
                              src\tiny_printf.o (_write)
c:/program files (x86)/atollic/truestudio for stm32 9.3.0/armtools/bin/../lib/gcc/arm-atollic-eabi/6.3.1/../../../../arm-atollic-eabi/lib/armv7e-m/fpu\libnosys.a(errno.o)
                              c:/program files (x86)/atollic/truestudio for stm32 9.3.0/armtools/bin/../lib/gcc/arm-atollic-eabi/6.3.1/../../../../arm-atollic-eabi/lib/armv7e-m/fpu\libnosys.a(write.o) (errno)

Allocating common symbols
Common symbol       size              file

errno               0x4               c:/program files (x86)/atollic/truestudio for stm32 9.3.0/armtools/bin/../lib/gcc/arm-atollic-eabi/6.3.1/../../../../arm-atollic-eabi/lib/armv7e-m/fpu\libnosys.a(errno.o)

Discarded input sections

 .text          0x00000000        0x0 c:/program files (x86)/atollic/truestudio for stm32 9.3.0/armtools/bin/../lib/gcc/arm-atollic-eabi/6.3.1/armv7e-m/fpu/crti.o
 .data          0x00000000        0x0 c:/program files (x86)/atollic/truestudio for stm32 9.3.0/armtools/bin/../lib/gcc/arm-atollic-eabi/6.3.1/armv7e-m/fpu/crti.o
 .bss           0x00000000        0x0 c:/program files (x86)/atollic/truestudio for stm32 9.3.0/armtools/bin/../lib/gcc/arm-atollic-eabi/6.3.1/armv7e-m/fpu/crti.o
 .data          0x00000000        0x4 c:/program files (x86)/atollic/truestudio for stm32 9.3.0/armtools/bin/../lib/gcc/arm-atollic-eabi/6.3.1/armv7e-m/fpu/crtbegin.o
 .text          0x00000000        0x0 Libraries\LL\src\stm32f4xx_ll_adc.o
 .data          0x00000000        0x0 Libraries\LL\src\stm32f4xx_ll_adc.o
 .bss           0x00000000        0x0 Libraries\LL\src\stm32f4xx_ll_adc.o
 .text.LL_ADC_SetCommonClock
                0x00000000       0x26 Libraries\LL\src\stm32f4xx_ll_adc.o
 .text.LL_ADC_REG_SetTriggerSource
                0x00000000       0x2a Libraries\LL\src\stm32f4xx_ll_adc.o
 .text.LL_ADC_REG_SetSequencerLength
                0x00000000       0x26 Libraries\LL\src\stm32f4xx_ll_adc.o
 .text.LL_ADC_INJ_SetTriggerSource
                0x00000000       0x2a Libraries\LL\src\stm32f4xx_ll_adc.o
 .text.LL_ADC_INJ_SetSequencerLength
                0x00000000       0x26 Libraries\LL\src\stm32f4xx_ll_adc.o
 .text.LL_ADC_Disable
                0x00000000       0x20 Libraries\LL\src\stm32f4xx_ll_adc.o
 .text.LL_APB2_GRP1_ForceReset
                0x00000000       0x24 Libraries\LL\src\stm32f4xx_ll_adc.o
 .text.LL_APB2_GRP1_ReleaseReset
                0x00000000       0x28 Libraries\LL\src\stm32f4xx_ll_adc.o
 .text.LL_ADC_CommonDeInit
                0x00000000       0x22 Libraries\LL\src\stm32f4xx_ll_adc.o
 .text.LL_ADC_CommonInit
                0x00000000       0x3c Libraries\LL\src\stm32f4xx_ll_adc.o
 .text.LL_ADC_CommonStructInit
                0x00000000       0x1a Libraries\LL\src\stm32f4xx_ll_adc.o
 .text.LL_ADC_DeInit
                0x00000000      0x11c Libraries\LL\src\stm32f4xx_ll_adc.o
 .text.LL_ADC_StructInit
                0x00000000       0x28 Libraries\LL\src\stm32f4xx_ll_adc.o
 .text.LL_ADC_REG_Init
                0x00000000       0x90 Libraries\LL\src\stm32f4xx_ll_adc.o
 .text.LL_ADC_REG_StructInit
                0x00000000       0x32 Libraries\LL\src\stm32f4xx_ll_adc.o
 .text.LL_ADC_INJ_Init
                0x00000000       0x80 Libraries\LL\src\stm32f4xx_ll_adc.o
 .text.LL_ADC_INJ_StructInit
                0x00000000       0x2c Libraries\LL\src\stm32f4xx_ll_adc.o
 .text          0x00000000        0x0 Libraries\LL\src\stm32f4xx_ll_crc.o
[...]
Memory Configuration

Name             Origin             Length             Attributes
FLASH            0x08000000         0x00080000         xr
RAM              0x20000000         0x00020000         xrw
MEMORY_B1        0x60000000         0x00000000         xr
*default*        0x00000000         0xffffffff

Linker script and memory map

LOAD c:/program files (x86)/atollic/truestudio for stm32 9.3.0/armtools/bin/../lib/gcc/arm-atollic-eabi/6.3.1/armv7e-m/fpu/crti.o
LOAD c:/program files (x86)/atollic/truestudio for stm32 9.3.0/armtools/bin/../lib/gcc/arm-atollic-eabi/6.3.1/armv7e-m/fpu/crtbegin.o
LOAD Libraries\LL\src\stm32f4xx_ll_adc.o
LOAD Libraries\LL\src\stm32f4xx_ll_crc.o
LOAD Libraries\LL\src\stm32f4xx_ll_dac.o
LOAD Libraries\LL\src\stm32f4xx_ll_dma.o
LOAD Libraries\LL\src\stm32f4xx_ll_dma2d.o
LOAD Libraries\LL\src\stm32f4xx_ll_exti.o
LOAD Libraries\LL\src\stm32f4xx_ll_gpio.o
LOAD Libraries\LL\src\stm32f4xx_ll_i2c.o
LOAD Libraries\LL\src\stm32f4xx_ll_lptim.o
LOAD Libraries\LL\src\stm32f4xx_ll_pwr.o
LOAD Libraries\LL\src\stm32f4xx_ll_rcc.o
LOAD Libraries\LL\src\stm32f4xx_ll_rng.o
LOAD Libraries\LL\src\stm32f4xx_ll_rtc.o
LOAD Libraries\LL\src\stm32f4xx_ll_spi.o
LOAD Libraries\LL\src\stm32f4xx_ll_tim.o
LOAD Libraries\LL\src\stm32f4xx_ll_usart.o
LOAD Libraries\LL\src\stm32f4xx_ll_utils.o
LOAD src\ArduCam.o
LOAD src\app.o
LOAD src\clock_f4.o
LOAD src\common_f4.o
LOAD src\dt.o
LOAD src\hw.o
LOAD src\i2c_int.o
LOAD src\ips6404.o
LOAD src\main.o
LOAD src\protocol.o
LOAD src\rtc_f4.o
LOAD src\si4463.o
LOAD src\spi_f4.o
LOAD src\timer.o
LOAD src\tiny_printf.o
LOAD src\usart.o
LOAD startup\startup_stm32f411xe.o
LOAD startup\system_stm32f4xx.o
                0x00000080                malloc_getpagesize_P = 0x80
START GROUP
LOAD c:/program files (x86)/atollic/truestudio for stm32 9.3.0/armtools/bin/../lib/gcc/arm-atollic-eabi/6.3.1/../../../../arm-atollic-eabi/lib/armv7e-m/fpu\libc_nano.a
LOAD c:/program files (x86)/atollic/truestudio for stm32 9.3.0/armtools/bin/../lib/gcc/arm-atollic-eabi/6.3.1/../../../../arm-atollic-eabi/lib/armv7e-m/fpu\libm.a
END GROUP
START GROUP
LOAD c:/program files (x86)/atollic/truestudio for stm32 9.3.0/armtools/bin/../lib/gcc/arm-atollic-eabi/6.3.1/armv7e-m/fpu\libgcc.a
LOAD c:/program files (x86)/atollic/truestudio for stm32 9.3.0/armtools/bin/../lib/gcc/arm-atollic-eabi/6.3.1/../../../../arm-atollic-eabi/lib/armv7e-m/fpu\libc_nano.a
END GROUP
START GROUP
LOAD c:/program files (x86)/atollic/truestudio for stm32 9.3.0/armtools/bin/../lib/gcc/arm-atollic-eabi/6.3.1/armv7e-m/fpu\libgcc.a
LOAD c:/program files (x86)/atollic/truestudio for stm32 9.3.0/armtools/bin/../lib/gcc/arm-atollic-eabi/6.3.1/../../../../arm-atollic-eabi/lib/armv7e-m/fpu\libc_nano.a
LOAD c:/program files (x86)/atollic/truestudio for stm32 9.3.0/armtools/bin/../lib/gcc/arm-atollic-eabi/6.3.1/../../../../arm-atollic-eabi/lib/armv7e-m/fpu\libnosys.a
END GROUP
START GROUP
LOAD c:/program files (x86)/atollic/truestudio for stm32 9.3.0/armtools/bin/../lib/gcc/arm-atollic-eabi/6.3.1/armv7e-m/fpu\libgcc.a
LOAD c:/program files (x86)/atollic/truestudio for stm32 9.3.0/armtools/bin/../lib/gcc/arm-atollic-eabi/6.3.1/../../../../arm-atollic-eabi/lib/armv7e-m/fpu\libc_nano.a
LOAD c:/program files (x86)/atollic/truestudio for stm32 9.3.0/armtools/bin/../lib/gcc/arm-atollic-eabi/6.3.1/../../../../arm-atollic-eabi/lib/armv7e-m/fpu\libnosys.a
END GROUP
LOAD c:/program files (x86)/atollic/truestudio for stm32 9.3.0/armtools/bin/../lib/gcc/arm-atollic-eabi/6.3.1/armv7e-m/fpu/crtend.o
LOAD c:/program files (x86)/atollic/truestudio for stm32 9.3.0/armtools/bin/../lib/gcc/arm-atollic-eabi/6.3.1/armv7e-m/fpu/crtn.o
                0x20020000                _estack = 0x20020000
                0x00000000                _Min_Heap_Size = 0x0
                0x00000400                _Min_Stack_Size = 0x400

.isr_vector     0x08000000      0x198
                0x08000000                . = ALIGN (0x4)
 *(.isr_vector)
 .isr_vector    0x08000000      0x198 startup\startup_stm32f411xe.o
                0x08000000                g_pfnVectors
                0x08000198                . = ALIGN (0x4)

.text           0x08000198     0x3248
                0x08000198                . = ALIGN (0x4)
 *(.text)
 .text          0x08000198       0x40 c:/program files (x86)/atollic/truestudio for stm32 9.3.0/armtools/bin/../lib/gcc/arm-atollic-eabi/6.3.1/armv7e-m/fpu/crtbegin.o
 *(.text*)
 .text.LL_ADC_IsEnabled
                0x080001d8       0x26 Libraries\LL\src\stm32f4xx_ll_adc.o
 .text.LL_ADC_Init
                0x080001fe       0x58 Libraries\LL\src\stm32f4xx_ll_adc.o
                0x080001fe                LL_ADC_Init
 .text.LL_I2C_Enable
                0x08000256       0x20 Libraries\LL\src\stm32f4xx_ll_i2c.o
 .text.LL_I2C_Disable
                0x08000276       0x20 Libraries\LL\src\stm32f4xx_ll_i2c.o
 .text.LL_I2C_ConfigFilters
                0x08000296       0x2c Libraries\LL\src\stm32f4xx_ll_i2c.o
 .text.LL_I2C_SetOwnAddress1
                0x080002c2       0x30 Libraries\LL\src\stm32f4xx_ll_i2c.o
 *fill*         0x080002f2        0x2 
 .text.LL_I2C_ConfigSpeed
                0x080002f4      0x120 Libraries\LL\src\stm32f4xx_ll_i2c.o
 .text.LL_I2C_SetMode
                0x08000414       0x26 Libraries\LL\src\stm32f4xx_ll_i2c.o
 .text.LL_I2C_AcknowledgeNextData
                0x0800043a       0x26 Libraries\LL\src\stm32f4xx_ll_i2c.o
 .text.LL_I2C_Init
                0x08000460       0x72 Libraries\LL\src\stm32f4xx_ll_i2c.o
                0x08000460                LL_I2C_Init
 *fill*         0x080004d2        0x2 
 .text.LL_RCC_GetSysClkSource
                0x080004d4       0x1c Libraries\LL\src\stm32f4xx_ll_rcc.o
 .text.LL_RCC_GetAHBPrescaler
                0x080004f0       0x1c Libraries\LL\src\stm32f4xx_ll_rcc.o
 .text.LL_RCC_GetAPB1Prescaler
                0x0800050c       0x1c Libraries\LL\src\stm32f4xx_ll_rcc.o
 .text.LL_RCC_GetAPB2Prescaler
                0x08000528       0x1c Libraries\LL\src\stm32f4xx_ll_rcc.o
 .text.LL_RCC_PLL_GetMainSource
                0x08000544       0x1c Libraries\LL\src\stm32f4xx_ll_rcc.o
 .text.LL_RCC_PLL_GetN
                0x08000560       0x1c Libraries\LL\src\stm32f4xx_ll_rcc.o
 .text.LL_RCC_PLL_GetP
                0x0800057c       0x1c Libraries\LL\src\stm32f4xx_ll_rcc.o
 .text.LL_RCC_PLL_GetDivider
                0x08000598       0x1c Libraries\LL\src\stm32f4xx_ll_rcc.o
 .text.LL_RCC_GetSystemClocksFreq
                0x080005b4       0x4a Libraries\LL\src\stm32f4xx_ll_rcc.o
                0x080005b4                LL_RCC_GetSystemClocksFreq
 *fill*         0x080005fe        0x2 
 .text.RCC_GetSystemClockFreq
                0x08000600       0x4c Libraries\LL\src\stm32f4xx_ll_rcc.o
                0x08000600                RCC_GetSystemClockFreq
 .text.RCC_GetHCLKClockFreq
                0x0800064c       0x2c Libraries\LL\src\stm32f4xx_ll_rcc.o
                0x0800064c                RCC_GetHCLKClockFreq
 .text.RCC_GetPCLK1ClockFreq
                0x08000678       0x28 Libraries\LL\src\stm32f4xx_ll_rcc.o
                0x08000678                RCC_GetPCLK1ClockFreq
 .text.RCC_GetPCLK2ClockFreq
                0x080006a0       0x28 Libraries\LL\src\stm32f4xx_ll_rcc.o
                0x080006a0                RCC_GetPCLK2ClockFreq
 .text.RCC_PLL_GetFreqDomain_SYS
                0x080006c8       0x7c Libraries\LL\src\stm32f4xx_ll_rcc.o
                0x080006c8                RCC_PLL_GetFreqDomain_SYS
 .text.LL_SPI_IsEnabled
                0x08000744       0x26 Libraries\LL\src\stm32f4xx_ll_spi.o
 .text.LL_SPI_SetCRCPolynomial
                0x0800076a       0x20 Libraries\LL\src\stm32f4xx_ll_spi.o
 *fill*         0x0800078a        0x2 
 .text.LL_APB1_GRP1_ForceReset
                0x0800078c       0x24 Libraries\LL\src\stm32f4xx_ll_spi.o
 .text.LL_APB1_GRP1_ReleaseReset
                0x080007b0       0x28 Libraries\LL\src\stm32f4xx_ll_spi.o
 .text.LL_APB2_GRP1_ForceReset
                0x080007d8       0x24 Libraries\LL\src\stm32f4xx_ll_spi.o
 .text.LL_APB2_GRP1_ReleaseReset
                0x080007fc       0x28 Libraries\LL\src\stm32f4xx_ll_spi.o
 .text.LL_SPI_DeInit
                0x08000824       0xb8 Libraries\LL\src\stm32f4xx_ll_spi.o
                0x08000824                LL_SPI_DeInit
 .text.LL_SPI_Init
                0x080008dc       0xa4 Libraries\LL\src\stm32f4xx_ll_spi.o
                0x080008dc                LL_SPI_Init
 .text.LL_USART_IsEnabled
                0x08000980       0x28 Libraries\LL\src\stm32f4xx_ll_usart.o
 .text.LL_USART_SetStopBitsLength
                0x080009a8       0x26 Libraries\LL\src\stm32f4xx_ll_usart.o
 .text.LL_USART_SetHWFlowCtrl
                0x080009ce       0x26 Libraries\LL\src\stm32f4xx_ll_usart.o
 .text.LL_USART_SetBaudRate
                0x080009f4      0x16c Libraries\LL\src\stm32f4xx_ll_usart.o
 .text.LL_USART_Init
                0x08000b60       0xc8 Libraries\LL\src\stm32f4xx_ll_usart.o
                0x08000b60                LL_USART_Init
 .text.LL_USART_StructInit
                0x08000c28       0x40 Libraries\LL\src\stm32f4xx_ll_usart.o
                0x08000c28                LL_USART_StructInit
 .text.ArduCam_Init
                0x08000c68      0x12c src\ArduCam.o
                0x08000c68                ArduCam_Init
 .text.ArduCam_Test
                0x08000d94       0x22 src\ArduCam.o
                0x08000d94                ArduCam_Test
 .text.ArduCam_FlushFifo
                0x08000db6       0x18 src\ArduCam.o
                0x08000db6                ArduCam_FlushFifo
 .text.ArduCam_ClearFifoFlag
                0x08000dce       0x10 src\ArduCam.o
                0x08000dce                ArduCam_ClearFifoFlag
 .text.ArduCam_StartCapture
                0x08000dde       0x10 src\ArduCam.o
                0x08000dde                ArduCam_StartCapture
 .text.ArduCam_ReadFifoLength
                0x08000dee       0x3e src\ArduCam.o
                0x08000dee                ArduCam_ReadFifoLength
 .text.ArduCam_IsCaptureBit
                0x08000e2c       0x28 src\ArduCam.o
                0x08000e2c                ArduCam_IsCaptureBit
 .text.ArduCam_ReadFifoBlock
                0x08000e54       0x70 src\ArduCam.o
                0x08000e54                ArduCam_ReadFifoBlock
 .text.ArduCam_ReadSpiReg
                0x08000ec4       0x68 src\ArduCam.o
                0x08000ec4                ArduCam_ReadSpiReg
 .text.ArduCam_WriteSpiReg
                0x08000f2c       0x68 src\ArduCam.o
                0x08000f2c                ArduCam_WriteSpiReg
 .text.ArduCam_SetJpegSize
                0x08000f94       0xb8 src\ArduCam.o
                0x08000f94                ArduCam_SetJpegSize
 .text._WriteSensorReg8_8
                0x0800104c       0x40 src\ArduCam.o
                0x0800104c                _WriteSensorReg8_8
 .text._ReadSensorReg8_8
                0x0800108c       0x30 src\ArduCam.o
                0x0800108c                _ReadSensorReg8_8
 .text._WriteSensorRegs8_8
                0x080010bc       0x62 src\ArduCam.o
                0x080010bc                _WriteSensorRegs8_8
 *fill*         0x0800111e        0x2 
 .text.App_Init
                0x08001120       0xc4 src\app.o
                0x08001120                App_Init
 .text.App_Exec
                0x080011e4       0x30 src\app.o
                0x080011e4                App_Exec
 .text._CaptureImage
                0x08001214      0x160 src\app.o
                0x08001214                _CaptureImage
 .text._SendImageSerial
                0x08001374       0xac src\app.o
                0x08001374                _SendImageSerial
 .text._FindJpegStart
                0x08001420       0x64 src\app.o
                0x08001420                _FindJpegStart
 .text._FindJpegEnd
                0x08001484       0x58 src\app.o
                0x08001484                _FindJpegEnd
 .text._ProcessCmd
                0x080014dc       0xb8 src\app.o
                0x080014dc                _ProcessCmd
 .text._UsartRcvCbk
                0x08001594       0x20 src\app.o
                0x08001594                _UsartRcvCbk
 .text.LL_RCC_HSE_Enable
                0x080015b4       0x20 src\clock_f4.o
 .text.LL_RCC_HSE_IsReady
                0x080015d4       0x28 src\clock_f4.o
 .text.LL_RCC_HSI_Enable
                0x080015fc       0x20 src\clock_f4.o
 .text.LL_RCC_HSI_IsReady
                0x0800161c       0x24 src\clock_f4.o
 .text.LL_RCC_SetSysClkSource
                0x08001640       0x28 src\clock_f4.o
 .text.LL_RCC_PLL_Enable
                0x08001668       0x20 src\clock_f4.o
 .text.LL_RCC_PLL_Disable
                0x08001688       0x20 src\clock_f4.o
 .text.LL_RCC_PLL_IsReady
                0x080016a8       0x28 src\clock_f4.o
 .text.LL_RCC_PLL_ConfigDomain_SYS
                0x080016d0       0x4c src\clock_f4.o
 .text.LL_RCC_PLL_SetMainSource
                0x0800171c       0x28 src\clock_f4.o
 .text.LL_FLASH_SetLatency
                0x08001744       0x28 src\clock_f4.o
 .text.LL_FLASH_EnablePrefetch
                0x0800176c       0x20 src\clock_f4.o
 .text.LL_FLASH_EnableInstCache
                0x0800178c       0x20 src\clock_f4.o
 .text.LL_FLASH_EnableDataCache
                0x080017ac       0x20 src\clock_f4.o
 .text.LL_PWR_SetRegulVoltageScaling
                0x080017cc       0x28 src\clock_f4.o
 .text.LL_APB1_GRP1_EnableClock
                0x080017f4       0x30 src\clock_f4.o
 .text.LL_APB1_GRP1_DisableClock
                0x08001824       0x28 src\clock_f4.o
 .text.Clock_SetPLL
                0x0800184c       0xdc src\clock_f4.o
                0x0800184c                Clock_SetPLL
 .text.LL_GPIO_SetPinMode
                0x08001928       0x5a src\common_f4.o
 .text.LL_GPIO_SetPinOutputType
                0x08001982       0x30 src\common_f4.o
 .text.LL_GPIO_SetPinSpeed
                0x080019b2       0x5a src\common_f4.o
 .text.LL_GPIO_SetPinPull
                0x08001a0c       0x5a src\common_f4.o
 *fill*         0x08001a66        0x2 
 .text.GPIO_ClockEnable
                0x08001a68       0x34 src\common_f4.o
                0x08001a68                GPIO_ClockEnable
 .text.GPIO_GetPort
                0x08001a9c       0x28 src\common_f4.o
                0x08001a9c                GPIO_GetPort
 .text.GPIO_GetPin
                0x08001ac4       0x24 src\common_f4.o
                0x08001ac4                GPIO_GetPin
 .text.GPIO_SetAFpin
                0x08001ae8       0xaa src\common_f4.o
                0x08001ae8                GPIO_SetAFpin
 .text.GPIO_ConfigPin
                0x08001b92       0xc6 src\common_f4.o
                0x08001b92                GPIO_ConfigPin
 .text.LL_ADC_SetCommonClock
                0x08001c58       0x26 src\hw.o
 .text.LL_ADC_REG_SetTriggerSource
                0x08001c7e       0x2a src\hw.o
 .text.LL_ADC_REG_SetSequencerLength
                0x08001ca8       0x26 src\hw.o
 *fill*         0x08001cce        0x2 
 .text.LL_APB2_GRP1_EnableClock
                0x08001cd0       0x30 src\hw.o
 .text.LL_APB2_GRP1_DisableClock
                0x08001d00       0x28 src\hw.o
 .text.HW_Init  0x08001d28       0x54 src\hw.o
                0x08001d28                HW_Init
 .text.HW_AdcInit
                0x08001d7c       0x54 src\hw.o
                0x08001d7c                HW_AdcInit
 .text.HW_ReadCPUID
                0x08001dd0        0xe src\hw.o
                0x08001dd0                HW_ReadCPUID
 *fill*         0x08001dde        0x2 
 .text.NVIC_EnableIRQ
                0x08001de0       0x34 src\i2c_int.o
 .text.NVIC_SetPriority
                0x08001e14       0x54 src\i2c_int.o
 .text.LL_GPIO_SetOutputPin
                0x08001e68       0x1c src\i2c_int.o
 .text.LL_GPIO_ResetOutputPin
                0x08001e84       0x1e src\i2c_int.o
 *fill*         0x08001ea2        0x2 
 .text.LL_APB1_GRP1_EnableClock
                0x08001ea4       0x30 src\i2c_int.o
 .text.__i2c_set_start
                0x08001ed4       0x3a src\i2c_int.o
 .text.__i2c_set_stop
                0x08001f0e       0x3a src\i2c_int.o
 .text.i2c_init
                0x08001f48      0x1ec src\i2c_int.o
                0x08001f48                i2c_init
 .text.i2c_transfer
                0x08002134       0x88 src\i2c_int.o
                0x08002134                i2c_transfer
 .text.__i2c_event_irq_handler
                0x080021bc      0x164 src\i2c_int.o
 .text.__i2c_error_irq_handler
                0x08002320       0x34 src\i2c_int.o
 .text.I2C1_EV_IRQHandler
                0x08002354       0x14 src\i2c_int.o
                0x08002354                I2C1_EV_IRQHandler
 .text.I2C2_EV_IRQHandler
                0x08002368       0x14 src\i2c_int.o
                0x08002368                I2C2_EV_IRQHandler
 .text.I2C3_EV_IRQHandler
                0x0800237c       0x14 src\i2c_int.o
                0x0800237c                I2C3_EV_IRQHandler
 .text.I2C1_ER_IRQHandler
                0x08002390       0x14 src\i2c_int.o
                0x08002390                I2C1_ER_IRQHandler
 .text.I2C2_ER_IRQHandler
                0x080023a4       0x14 src\i2c_int.o
                0x080023a4                I2C2_ER_IRQHandler
 .text.I2C3_ER_IRQHandler
                0x080023b8       0x14 src\i2c_int.o
                0x080023b8                I2C3_ER_IRQHandler
 .text.IPS6404_Init
                0x080023cc       0xc4 src\ips6404.o
                0x080023cc                IPS6404_Init
 .text.IPS6404_Reset
                0x08002490       0x50 src\ips6404.o
                0x08002490                IPS6404_Reset
 .text.IPS6404_ReadBuffer
                0x080024e0       0xa4 src\ips6404.o
                0x080024e0                IPS6404_ReadBuffer
 .text.IPS6404_WriteBuffer
                0x08002584       0xa0 src\ips6404.o
                0x08002584                IPS6404_WriteBuffer
 .text.IPS6404_GetID
                0x08002624       0x94 src\ips6404.o
                0x08002624                IPS6404_GetID
 .text._Send24bit
                0x080026b8       0x48 src\ips6404.o
                0x080026b8                _Send24bit
 .text.main     0x08002700        0xe src\main.o
                0x08002700                main
 .text.LL_SPI_Enable
                0x0800270e       0x20 src\spi_f4.o
 .text.LL_SPI_Disable
                0x0800272e       0x20 src\spi_f4.o
 .text.LL_SPI_IsActiveFlag_TXE
                0x0800274e       0x26 src\spi_f4.o
 .text.LL_SPI_IsActiveFlag_BSY
                0x08002774       0x26 src\spi_f4.o
 .text.LL_SPI_TransmitData8
                0x0800279a       0x24 src\spi_f4.o
 *fill*         0x080027be        0x2 
 .text.LL_APB1_GRP1_EnableClock
                0x080027c0       0x30 src\spi_f4.o
 .text.LL_APB2_GRP1_EnableClock
                0x080027f0       0x30 src\spi_f4.o
 .text.spi_Init
                0x08002820      0x150 src\spi_f4.o
                0x08002820                spi_Init
 .text.spi_TransactionBegin
                0x08002970       0x42 src\spi_f4.o
                0x08002970                spi_TransactionBegin
 .text.spi_TransactionEnd
                0x080029b2       0x46 src\spi_f4.o
                0x080029b2                spi_TransactionEnd
 .text.spi_SendData8
                0x080029f8       0x54 src\spi_f4.o
                0x080029f8                spi_SendData8
 .text.spi_SetPrescaler
                0x08002a4c       0x44 src\spi_f4.o
                0x08002a4c                spi_SetPrescaler
 .text.spi_CalculatePrescaler
                0x08002a90       0x74 src\spi_f4.o
                0x08002a90                spi_CalculatePrescaler
 .text.spi_GetPrescalerDivider
                0x08002b04       0x3c src\spi_f4.o
                0x08002b04                spi_GetPrescalerDivider
 .text.spi_SetMode
                0x08002b40       0x44 src\spi_f4.o
                0x08002b40                spi_SetMode
 .text.NVIC_SetPriority
                0x08002b84       0x54 src\timer.o
 .text.SysTick_Config
                0x08002bd8       0x44 src\timer.o
 .text.LL_APB2_GRP1_EnableClock
                0x08002c1c       0x30 src\timer.o
 .text.Timer_Init
                0x08002c4c       0x10 src\timer.o
                0x08002c4c                Timer_Init
 .text.Timer_SystickUpdate
                0x08002c5c       0x30 src\timer.o
                0x08002c5c                Timer_SystickUpdate
 .text.Timer_Delay_ms
                0x08002c8c       0x30 src\timer.o
                0x08002c8c                Timer_Delay_ms
 .text.SysTick_Handler
                0x08002cbc       0x48 src\timer.o
                0x08002cbc                SysTick_Handler
 .text.TimerUs_init
                0x08002d04       0x14 src\timer.o
                0x08002d04                TimerUs_init
 .text.Timer_UsStart
                0x08002d18       0x44 src\timer.o
                0x08002d18                Timer_UsStart
 .text.NVIC_EnableIRQ
                0x08002d5c       0x34 src\usart.o
 .text.LL_APB1_GRP1_EnableClock
                0x08002d90       0x30 src\usart.o
 .text.LL_APB2_GRP1_EnableClock
                0x08002dc0       0x30 src\usart.o
 .text.LL_USART_Enable
                0x08002df0       0x20 src\usart.o
 .text.LL_USART_IsActiveFlag_RXNE
                0x08002e10       0x26 src\usart.o
 .text.LL_USART_IsActiveFlag_TXE
                0x08002e36       0x26 src\usart.o
 .text.LL_USART_EnableIT_RXNE
                0x08002e5c       0x20 src\usart.o
 .text.LL_USART_EnableIT_TXE
                0x08002e7c       0x20 src\usart.o
 .text.LL_USART_DisableIT_TXE
                0x08002e9c       0x20 src\usart.o
 .text.LL_USART_ReceiveData8
                0x08002ebc       0x1a src\usart.o
 .text.LL_USART_TransmitData8
                0x08002ed6       0x1e src\usart.o
 .text.usart_Init
                0x08002ef4       0xe8 src\usart.o
                0x08002ef4                usart_Init
 .text.usart_Send
                0x08002fdc       0x40 src\usart.o
                0x08002fdc                usart_Send
 .text.usart_WaitForTransmitComplete
                0x0800301c       0x24 src\usart.o
                0x0800301c                usart_WaitForTransmitComplete
 .text.usart_PrintLn
                0x08003040       0xb6 src\usart.o
                0x08003040                usart_PrintLn
 *fill*         0x080030f6        0x2 
 .text._usart_irq_handler
                0x080030f8       0xac src\usart.o
 .text.USART1_IRQHandler
                0x080031a4       0x14 src\usart.o
                0x080031a4                USART1_IRQHandler
 .text.USART2_IRQHandler
                0x080031b8       0x14 src\usart.o
                0x080031b8                USART2_IRQHandler
 .text.Reset_Handler
                0x080031cc       0x50 startup\startup_stm32f411xe.o
                0x080031cc                Reset_Handler
 .text.Default_Handler
                0x0800321c        0x2 startup\startup_stm32f411xe.o
                0x0800321c                RTC_Alarm_IRQHandler
                0x0800321c                EXTI2_IRQHandler
                0x0800321c                DebugMon_Handler
                0x0800321c                SPI4_IRQHandler
                0x0800321c                TIM1_CC_IRQHandler
                0x0800321c                DMA2_Stream5_IRQHandler
                0x0800321c                HardFault_Handler
                0x0800321c                DMA1_Stream5_IRQHandler
                0x0800321c                PVD_IRQHandler
                0x0800321c                SDIO_IRQHandler
                0x0800321c                TAMP_STAMP_IRQHandler
                0x0800321c                PendSV_Handler
                0x0800321c                NMI_Handler
                0x0800321c                EXTI3_IRQHandler
                0x0800321c                TIM1_UP_TIM10_IRQHandler
                0x0800321c                EXTI0_IRQHandler
                0x0800321c                DMA1_Stream2_IRQHandler
                0x0800321c                FPU_IRQHandler
                0x0800321c                UsageFault_Handler
                0x0800321c                DMA2_Stream2_IRQHandler
                0x0800321c                SPI1_IRQHandler
                0x0800321c                TIM1_BRK_TIM9_IRQHandler
                0x0800321c                DMA2_Stream3_IRQHandler
                0x0800321c                USART6_IRQHandler
                0x0800321c                DMA2_Stream0_IRQHandler
                0x0800321c                TIM4_IRQHandler
                0x0800321c                DMA1_Stream6_IRQHandler
                0x0800321c                DMA1_Stream1_IRQHandler
                0x0800321c                TIM3_IRQHandler
                0x0800321c                RCC_IRQHandler
                0x0800321c                Default_Handler
                0x0800321c                EXTI15_10_IRQHandler
                0x0800321c                ADC_IRQHandler
                0x0800321c                DMA1_Stream7_IRQHandler
                0x0800321c                SPI5_IRQHandler
                0x0800321c                TIM5_IRQHandler
                0x0800321c                DMA2_Stream7_IRQHandler
                0x0800321c                EXTI9_5_IRQHandler
                0x0800321c                RTC_WKUP_IRQHandler
                0x0800321c                SPI2_IRQHandler
                0x0800321c                MemManage_Handler
                0x0800321c                DMA1_Stream0_IRQHandler
                0x0800321c                SVC_Handler
                0x0800321c                EXTI4_IRQHandler
                0x0800321c                WWDG_IRQHandler
                0x0800321c                TIM2_IRQHandler
                0x0800321c                OTG_FS_WKUP_IRQHandler
                0x0800321c                TIM1_TRG_COM_TIM11_IRQHandler
                0x0800321c                EXTI1_IRQHandler
                0x0800321c                DMA2_Stream1_IRQHandler
                0x0800321c                FLASH_IRQHandler
                0x0800321c                DMA2_Stream4_IRQHandler
                0x0800321c                BusFault_Handler
                0x0800321c                OTG_FS_IRQHandler
                0x0800321c                SPI3_IRQHandler
                0x0800321c                DMA1_Stream4_IRQHandler
                0x0800321c                DMA2_Stream6_IRQHandler
                0x0800321c                DMA1_Stream3_IRQHandler
 *fill*         0x0800321e        0x2 
 .text.SystemInit
                0x08003220       0x6c startup\system_stm32f4xx.o
                0x08003220                SystemInit
 .text.SystemCoreClockUpdate
                0x0800328c       0xf4 startup\system_stm32f4xx.o
                0x0800328c                SystemCoreClockUpdate
 .text.__libc_init_array
                0x08003380       0x48 c:/program files (x86)/atollic/truestudio for stm32 9.3.0/armtools/bin/../lib/gcc/arm-atollic-eabi/6.3.1/../../../../arm-atollic-eabi/lib/armv7e-m/fpu\libc_nano.a(lib_a-init.o)
                0x08003380                __libc_init_array
 *(.glue_7)
 .glue_7        0x080033c8        0x0 linker stubs
 *(.glue_7t)
 .glue_7t       0x080033c8        0x0 linker stubs
 *(.eh_frame)
 .eh_frame      0x080033c8        0x0 c:/program files (x86)/atollic/truestudio for stm32 9.3.0/armtools/bin/../lib/gcc/arm-atollic-eabi/6.3.1/armv7e-m/fpu/crtbegin.o
 *(.init)
 .init          0x080033c8        0x4 c:/program files (x86)/atollic/truestudio for stm32 9.3.0/armtools/bin/../lib/gcc/arm-atollic-eabi/6.3.1/armv7e-m/fpu/crti.o
                0x080033c8                _init
 .init          0x080033cc        0x8 c:/program files (x86)/atollic/truestudio for stm32 9.3.0/armtools/bin/../lib/gcc/arm-atollic-eabi/6.3.1/armv7e-m/fpu/crtn.o
 *(.fini)
 .fini          0x080033d4        0x4 c:/program files (x86)/atollic/truestudio for stm32 9.3.0/armtools/bin/../lib/gcc/arm-atollic-eabi/6.3.1/armv7e-m/fpu/crti.o
                0x080033d4                _fini
 .fini          0x080033d8        0x8 c:/program files (x86)/atollic/truestudio for stm32 9.3.0/armtools/bin/../lib/gcc/arm-atollic-eabi/6.3.1/armv7e-m/fpu/crtn.o
                0x080033e0                . = ALIGN (0x4)
                0x080033e0                _etext = .

.vfp11_veneer   0x080033e0        0x0
 .vfp11_veneer  0x080033e0        0x0 linker stubs

.v4_bx          0x080033e0        0x0
 .v4_bx         0x080033e0        0x0 linker stubs

.iplt           0x080033e0        0x0
 .iplt          0x080033e0        0x0 c:/program files (x86)/atollic/truestudio for stm32 9.3.0/armtools/bin/../lib/gcc/arm-atollic-eabi/6.3.1/armv7e-m/fpu/crtbegin.o

.rodata         0x080033e0      0xcc8
                0x080033e0                . = ALIGN (0x4)
 *(.rodata)
 .rodata        0x080033e0       0x56 src\app.o
 *fill*         0x08003436        0x2 
 .rodata        0x08003438        0xf src\spi_f4.o
 *(.rodata*)
 *fill*         0x08003447        0x1 
 .rodata.OV2640_QVGA
                0x08003448      0x308 src\ArduCam.o
                0x08003448                OV2640_QVGA
 .rodata.OV2640_JPEG_INIT
                0x08003750      0x2fc src\ArduCam.o
                0x08003750                OV2640_JPEG_INIT
 .rodata.OV2640_YUV422
                0x08003a4c       0x28 src\ArduCam.o
                0x08003a4c                OV2640_YUV422
 .rodata.OV2640_JPEG
                0x08003a74       0x24 src\ArduCam.o
                0x08003a74                OV2640_JPEG
 .rodata.OV2640_160x120_JPEG
                0x08003a98       0xa0 src\ArduCam.o
                0x08003a98                OV2640_160x120_JPEG
 .rodata.OV2640_176x144_JPEG
                0x08003b38       0xa0 src\ArduCam.o
                0x08003b38                OV2640_176x144_JPEG
 .rodata.OV2640_320x240_JPEG
                0x08003bd8       0xa0 src\ArduCam.o
                0x08003bd8                OV2640_320x240_JPEG
 .rodata.OV2640_352x288_JPEG
                0x08003c78       0xa0 src\ArduCam.o
                0x08003c78                OV2640_352x288_JPEG
 .rodata.OV2640_640x480_JPEG
                0x08003d18       0xa4 src\ArduCam.o
                0x08003d18                OV2640_640x480_JPEG
 .rodata.OV2640_800x600_JPEG
                0x08003dbc       0xa4 src\ArduCam.o
                0x08003dbc                OV2640_800x600_JPEG
 .rodata.OV2640_1024x768_JPEG
                0x08003e60       0x9c src\ArduCam.o
                0x08003e60                OV2640_1024x768_JPEG
 .rodata.OV2640_1280x1024_JPEG
                0x08003efc       0xa4 src\ArduCam.o
                0x08003efc                OV2640_1280x1024_JPEG
 .rodata.OV2640_1600x1200_JPEG
                0x08003fa0       0xa4 src\ArduCam.o
                0x08003fa0                OV2640_1600x1200_JPEG
 .rodata.i2c1_hw
                0x08004044        0xc src\i2c_int.o
                0x08004044                i2c1_hw
 .rodata.i2c2_hw
                0x08004050        0xc src\i2c_int.o
                0x08004050                i2c2_hw
 .rodata.i2c3_hw
                0x0800405c        0xc src\i2c_int.o
                0x0800405c                i2c3_hw
 .rodata.spi1_hw
                0x08004068        0x8 src\spi_f4.o
                0x08004068                spi1_hw
 .rodata.spi2_hw
                0x08004070        0x8 src\spi_f4.o
                0x08004070                spi2_hw
 .rodata.usart1_hw
                0x08004078        0xc src\usart.o
                0x08004078                usart1_hw
 .rodata.usart2_hw
                0x08004084        0xc src\usart.o
                0x08004084                usart2_hw
 .rodata.AHBPrescTable
                0x08004090       0x10 startup\system_stm32f4xx.o
                0x08004090                AHBPrescTable
 .rodata.APBPrescTable
                0x080040a0        0x8 startup\system_stm32f4xx.o
                0x080040a0                APBPrescTable
                0x080040a8                . = ALIGN (0x4)

.rel.dyn        0x080040a8        0x0
 .rel.iplt      0x080040a8        0x0 c:/program files (x86)/atollic/truestudio for stm32 9.3.0/armtools/bin/../lib/gcc/arm-atollic-eabi/6.3.1/armv7e-m/fpu/crtbegin.o

.ARM.extab
 *(.ARM.extab* .gnu.linkonce.armextab.*)

.ARM            0x080040a8        0x0
                0x080040a8                __exidx_start = .
 *(.ARM.exidx*)
                0x080040a8                __exidx_end = .

.preinit_array  0x080040a8        0x0
                0x080040a8                PROVIDE (__preinit_array_start, .)
 *(.preinit_array*)
                0x080040a8                PROVIDE (__preinit_array_end, .)

.init_array     0x080040a8        0x4
                0x080040a8                PROVIDE (__init_array_start, .)
 *(SORT(.init_array.*))
 *(.init_array*)
 .init_array    0x080040a8        0x4 c:/program files (x86)/atollic/truestudio for stm32 9.3.0/armtools/bin/../lib/gcc/arm-atollic-eabi/6.3.1/armv7e-m/fpu/crtbegin.o
                0x080040ac                PROVIDE (__init_array_end, .)

.fini_array     0x080040ac        0x4
                [!provide]                PROVIDE (__fini_array_start, .)
 *(SORT(.fini_array.*))
 *(.fini_array*)
 .fini_array    0x080040ac        0x4 c:/program files (x86)/atollic/truestudio for stm32 9.3.0/armtools/bin/../lib/gcc/arm-atollic-eabi/6.3.1/armv7e-m/fpu/crtbegin.o
                [!provide]                PROVIDE (__fini_array_end, .)
                0x080040b0                _sidata = LOADADDR (.data)

.data           0x20000000       0xc0 load address 0x080040b0
                0x20000000                . = ALIGN (0x4)
                0x20000000                _sdata = .
 *(.data)
 *(.data*)
 .data.g_eFormat
                0x20000000        0x1 src\ArduCam.o
 *fill*         0x20000001        0x3 
 .data.g_pSpi1  0x20000004        0x4 src\app.o
 .data.g_pSpi2  0x20000008        0x4 src\app.o
 .data.g_pI2c1  0x2000000c        0x4 src\app.o
 .data.g_pUsart2
                0x20000010        0x4 src\app.o
 .data._i2c1_drv
                0x20000014       0x18 src\i2c_int.o
                0x20000014                _i2c1_drv
 .data._i2c2_drv
                0x2000002c       0x18 src\i2c_int.o
                0x2000002c                _i2c2_drv
 .data._i2c3_drv
                0x20000044       0x18 src\i2c_int.o
                0x20000044                _i2c3_drv
 .data._spi1_drv
                0x2000005c       0x1c src\spi_f4.o
                0x2000005c                _spi1_drv
 .data._spi2_drv
                0x20000078       0x1c src\spi_f4.o
                0x20000078                _spi2_drv
 .data._usart1_drv
                0x20000094       0x14 src\usart.o
                0x20000094                _usart1_drv
 .data._usart2_drv
                0x200000a8       0x14 src\usart.o
                0x200000a8                _usart2_drv
 .data.SystemCoreClock
                0x200000bc        0x4 startup\system_stm32f4xx.o
                0x200000bc                SystemCoreClock
                0x200000c0                . = ALIGN (0x4)
                0x200000c0                _edata = .

.igot.plt       0x200000c0        0x0 load address 0x08004170
 .igot.plt      0x200000c0        0x0 c:/program files (x86)/atollic/truestudio for stm32 9.3.0/armtools/bin/../lib/gcc/arm-atollic-eabi/6.3.1/armv7e-m/fpu/crtbegin.o
                0x200000c0                . = ALIGN (0x4)

.bss            0x200000c0       0x64 load address 0x08004170
                0x200000c0                _sbss = .
                0x200000c0                __bss_start__ = _sbss
 *(.bss)
 .bss           0x200000c0       0x1c c:/program files (x86)/atollic/truestudio for stm32 9.3.0/armtools/bin/../lib/gcc/arm-atollic-eabi/6.3.1/armv7e-m/fpu/crtbegin.o
 *(.bss*)
 .bss.g_pSpi    0x200000dc        0x4 src\ArduCam.o
 .bss.g_eSpiPrescaler
                0x200000e0        0x1 src\ArduCam.o
 *fill*         0x200000e1        0x3 
 .bss.g_pI2c    0x200000e4        0x4 src\ArduCam.o
 .bss.g_eCS     0x200000e8        0x1 src\ArduCam.o
 *fill*         0x200000e9        0x3 
 .bss.g_nImageSize
                0x200000ec        0x4 src\app.o
 .bss.g_eCmd    0x200000f0        0x1 src\app.o
 *fill*         0x200000f1        0x3 
 .bss.g_pSpi    0x200000f4        0x4 src\ips6404.o
 .bss.g_eSpiPrescaler
                0x200000f8        0x1 src\ips6404.o
 .bss.g_eCS     0x200000f9        0x1 src\ips6404.o
 *fill*         0x200000fa        0x2 
 .bss.g_nBurstSize
                0x200000fc        0x4 src\ips6404.o
 .bss.g_pSysTickCallback
                0x20000100       0x14 src\timer.o
 .bss.g_nTicks  0x20000114        0x4 src\timer.o
 .bss.g_rxCallback
                0x20000118        0x4 src\usart.o
 .bss.g_pBuffer
                0x2000011c        0x4 src\usart.o
 .bss.g_nLen    0x20000120        0x4 src\usart.o
 *(COMMON)
                0x20000124                . = ALIGN (0x4)
                0x20000124                _ebss = .
                0x20000124                __bss_end__ = _ebss

._user_heap_stack
                0x20000124      0x400 load address 0x08004170
                0x20000124                . = ALIGN (0x4)
                [!provide]                PROVIDE (end, .)
                [!provide]                PROVIDE (_end, .)
                0x20000124                . = (. + _Min_Heap_Size)
                0x20000524                . = (. + _Min_Stack_Size)
 *fill*         0x20000124      0x400 
                0x20000524                . = ALIGN (0x4)

.memory_b1_text
 *(.mb1text)
 *(.mb1text*)
 *(.mb1rodata)
 *(.mb1rodata*)

/DISCARD/
 libc.a(*)
 libm.a(*)
 libgcc.a(*)

.ARM.attributes
                0x00000000       0x30
 *(.ARM.attributes)
 .ARM.attributes
                0x00000000       0x22 c:/program files (x86)/atollic/truestudio for stm32 9.3.0/armtools/bin/../lib/gcc/arm-atollic-eabi/6.3.1/armv7e-m/fpu/crti.o
 .ARM.attributes
                0x00000022       0x34 c:/program files (x86)/atollic/truestudio for stm32 9.3.0/armtools/bin/../lib/gcc/arm-atollic-eabi/6.3.1/armv7e-m/fpu/crtbegin.o
 .ARM.attributes
                0x00000056       0x39 Libraries\LL\src\stm32f4xx_ll_adc.o
 .ARM.attributes
                0x0000008f       0x39 Libraries\LL\src\stm32f4xx_ll_i2c.o
 .ARM.attributes
                0x000000c8       0x39 Libraries\LL\src\stm32f4xx_ll_rcc.o
 .ARM.attributes
                0x00000101       0x39 Libraries\LL\src\stm32f4xx_ll_spi.o
 .ARM.attributes
                0x0000013a       0x39 Libraries\LL\src\stm32f4xx_ll_usart.o
 .ARM.attributes
                0x00000173       0x39 src\ArduCam.o
 .ARM.attributes
                0x000001ac       0x39 src\app.o
 .ARM.attributes
                0x000001e5       0x39 src\clock_f4.o
 .ARM.attributes
                0x0000021e       0x39 src\common_f4.o
 .ARM.attributes
                0x00000257       0x39 src\hw.o
 .ARM.attributes
                0x00000290       0x39 src\i2c_int.o
 .ARM.attributes
                0x000002c9       0x39 src\ips6404.o
 .ARM.attributes
                0x00000302       0x39 src\main.o
 .ARM.attributes
                0x0000033b       0x39 src\spi_f4.o
 .ARM.attributes
                0x00000374       0x39 src\timer.o
 .ARM.attributes
                0x000003ad       0x39 src\usart.o
 .ARM.attributes
                0x000003e6       0x21 startup\startup_stm32f411xe.o
 .ARM.attributes
                0x00000407       0x39 startup\system_stm32f4xx.o
 .ARM.attributes
                0x00000440       0x34 c:/program files (x86)/atollic/truestudio for stm32 9.3.0/armtools/bin/../lib/gcc/arm-atollic-eabi/6.3.1/../../../../arm-atollic-eabi/lib/armv7e-m/fpu\libc_nano.a(lib_a-init.o)
 .ARM.attributes
                0x00000474       0x22 c:/program files (x86)/atollic/truestudio for stm32 9.3.0/armtools/bin/../lib/gcc/arm-atollic-eabi/6.3.1/armv7e-m/fpu/crtn.o
OUTPUT(ArduCam_F4.elf elf32-littlearm)

.debug_info     0x00000000     0xdfa9
 .debug_info    0x00000000      0x92f Libraries\LL\src\stm32f4xx_ll_adc.o
 .debug_info    0x0000092f      0x702 Libraries\LL\src\stm32f4xx_ll_i2c.o
 .debug_info    0x00001031      0x799 Libraries\LL\src\stm32f4xx_ll_rcc.o
 .debug_info    0x000017ca      0x7f0 Libraries\LL\src\stm32f4xx_ll_spi.o
 .debug_info    0x00001fba      0x767 Libraries\LL\src\stm32f4xx_ll_usart.o
 .debug_info    0x00002721     0x13a7 src\ArduCam.o
 .debug_info    0x00003ac8     0x10f0 src\app.o
 .debug_info    0x00004bb8      0xea0 src\clock_f4.o
 .debug_info    0x00005a58      0xf88 src\common_f4.o
 .debug_info    0x000069e0      0xfad src\hw.o
 .debug_info    0x0000798d     0x1c85 src\i2c_int.o
 .debug_info    0x00009612     0x14b2 src\ips6404.o
 .debug_info    0x0000aac4      0x12b src\main.o
 .debug_info    0x0000abef     0x128f src\spi_f4.o
 .debug_info    0x0000be7e      0xb57 src\timer.o
 .debug_info    0x0000c9d5     0x1037 src\usart.o
 .debug_info    0x0000da0c       0x75 startup\startup_stm32f411xe.o
 .debug_info    0x0000da81      0x528 startup\system_stm32f4xx.o

.debug_abbrev   0x00000000     0x22bc
 .debug_abbrev  0x00000000      0x199 Libraries\LL\src\stm32f4xx_ll_adc.o
 .debug_abbrev  0x00000199      0x18e Libraries\LL\src\stm32f4xx_ll_i2c.o
 .debug_abbrev  0x00000327      0x1cd Libraries\LL\src\stm32f4xx_ll_rcc.o
 .debug_abbrev  0x000004f4      0x1e4 Libraries\LL\src\stm32f4xx_ll_spi.o
 .debug_abbrev  0x000006d8      0x1ac Libraries\LL\src\stm32f4xx_ll_usart.o
 .debug_abbrev  0x00000884      0x27e src\ArduCam.o
 .debug_abbrev  0x00000b02      0x250 src\app.o
 .debug_abbrev  0x00000d52      0x22a src\clock_f4.o
 .debug_abbrev  0x00000f7c      0x21f src\common_f4.o
 .debug_abbrev  0x0000119b      0x29d src\hw.o
 .debug_abbrev  0x00001438      0x31b src\i2c_int.o
 .debug_abbrev  0x00001753      0x278 src\ips6404.o
 .debug_abbrev  0x000019cb       0x93 src\main.o
 .debug_abbrev  0x00001a5e      0x23e src\spi_f4.o
 .debug_abbrev  0x00001c9c      0x280 src\timer.o
 .debug_abbrev  0x00001f1c      0x280 src\usart.o
 .debug_abbrev  0x0000219c       0x12 startup\startup_stm32f411xe.o
 .debug_abbrev  0x000021ae      0x10e startup\system_stm32f4xx.o

.debug_aranges  0x00000000      0xa78
 .debug_aranges
                0x00000000       0xb0 Libraries\LL\src\stm32f4xx_ll_adc.o
 .debug_aranges
                0x000000b0       0x78 Libraries\LL\src\stm32f4xx_ll_i2c.o
 .debug_aranges
                0x00000128      0x110 Libraries\LL\src\stm32f4xx_ll_rcc.o
 .debug_aranges
                0x00000238       0x90 Libraries\LL\src\stm32f4xx_ll_spi.o
 .debug_aranges
                0x000002c8       0x88 Libraries\LL\src\stm32f4xx_ll_usart.o
 .debug_aranges
                0x00000350       0xc8 src\ArduCam.o
 .debug_aranges
                0x00000418       0x60 src\app.o
 .debug_aranges
                0x00000478       0xc8 src\clock_f4.o
 .debug_aranges
                0x00000540       0xc0 src\common_f4.o
 .debug_aranges
                0x00000600       0xe0 src\hw.o
 .debug_aranges
                0x000006e0       0xc8 src\i2c_int.o
 .debug_aranges
                0x000007a8       0x60 src\ips6404.o
 .debug_aranges
                0x00000808       0x20 src\main.o
 .debug_aranges
                0x00000828       0xc0 src\spi_f4.o
 .debug_aranges
                0x000008e8       0x90 src\timer.o
 .debug_aranges
                0x00000978       0xb0 src\usart.o
 .debug_aranges
                0x00000a28       0x28 startup\startup_stm32f411xe.o
 .debug_aranges
                0x00000a50       0x28 startup\system_stm32f4xx.o

.debug_ranges   0x00000000      0x960
 .debug_ranges  0x00000000       0xa0 Libraries\LL\src\stm32f4xx_ll_adc.o
 .debug_ranges  0x000000a0       0x68 Libraries\LL\src\stm32f4xx_ll_i2c.o
 .debug_ranges  0x00000108      0x100 Libraries\LL\src\stm32f4xx_ll_rcc.o
 .debug_ranges  0x00000208       0x80 Libraries\LL\src\stm32f4xx_ll_spi.o
 .debug_ranges  0x00000288       0x78 Libraries\LL\src\stm32f4xx_ll_usart.o
 .debug_ranges  0x00000300       0xb8 src\ArduCam.o
 .debug_ranges  0x000003b8       0x50 src\app.o
 .debug_ranges  0x00000408       0xb8 src\clock_f4.o
 .debug_ranges  0x000004c0       0xb0 src\common_f4.o
 .debug_ranges  0x00000570       0xd0 src\hw.o
 .debug_ranges  0x00000640       0xb8 src\i2c_int.o
 .debug_ranges  0x000006f8       0x50 src\ips6404.o
 .debug_ranges  0x00000748       0x10 src\main.o
 .debug_ranges  0x00000758       0xb0 src\spi_f4.o
 .debug_ranges  0x00000808       0x80 src\timer.o
 .debug_ranges  0x00000888       0xa0 src\usart.o
 .debug_ranges  0x00000928       0x20 startup\startup_stm32f411xe.o
 .debug_ranges  0x00000948       0x18 startup\system_stm32f4xx.o

.debug_line     0x00000000     0x47d6
 .debug_line    0x00000000      0x438 Libraries\LL\src\stm32f4xx_ll_adc.o
 .debug_line    0x00000438      0x3f1 Libraries\LL\src\stm32f4xx_ll_i2c.o
 .debug_line    0x00000829      0x50d Libraries\LL\src\stm32f4xx_ll_rcc.o
 .debug_line    0x00000d36      0x426 Libraries\LL\src\stm32f4xx_ll_spi.o
 .debug_line    0x0000115c      0x3dd Libraries\LL\src\stm32f4xx_ll_usart.o
 .debug_line    0x00001539      0x46e src\ArduCam.o
 .debug_line    0x000019a7      0x3d7 src\app.o
 .debug_line    0x00001d7e      0x541 src\clock_f4.o
 .debug_line    0x000022bf      0x4ef src\common_f4.o
 .debug_line    0x000027ae      0x532 src\hw.o
 .debug_line    0x00002ce0      0x59c src\i2c_int.o
 .debug_line    0x0000327c      0x3a3 src\ips6404.o
 .debug_line    0x0000361f      0x1e2 src\main.o
 .debug_line    0x00003801      0x4ef src\spi_f4.o
 .debug_line    0x00003cf0      0x3dd src\timer.o
 .debug_line    0x000040cd      0x45d src\usart.o
 .debug_line    0x0000452a       0x7f startup\startup_stm32f411xe.o
 .debug_line    0x000045a9      0x22d startup\system_stm32f4xx.o

.debug_str      0x00000000     0x342c
 .debug_str     0x00000000      0x626 Libraries\LL\src\stm32f4xx_ll_adc.o
                                0x6a2 (size before relaxing)
 .debug_str     0x00000626      0x22f Libraries\LL\src\stm32f4xx_ll_i2c.o
                                0x567 (size before relaxing)
 .debug_str     0x00000855      0x3a0 Libraries\LL\src\stm32f4xx_ll_rcc.o
                                0x722 (size before relaxing)
 .debug_str     0x00000bf5      0x220 Libraries\LL\src\stm32f4xx_ll_spi.o
                                0x5e1 (size before relaxing)
 .debug_str     0x00000e15      0x1c8 Libraries\LL\src\stm32f4xx_ll_usart.o
                                0x611 (size before relaxing)
 .debug_str     0x00000fdd      0xd16 src\ArduCam.o
                               0x1018 (size before relaxing)
 .debug_str     0x00001cf3      0x28f src\app.o
                                0xce3 (size before relaxing)
 .debug_str     0x00001f82      0x642 src\clock_f4.o
                                0xa12 (size before relaxing)
 .debug_str     0x000025c4      0x2f8 src\common_f4.o
                                0x88c (size before relaxing)
 .debug_str     0x000028bc      0x237 src\hw.o
                                0x952 (size before relaxing)
 .debug_str     0x00002af3      0x267 src\i2c_int.o
                               0x10fb (size before relaxing)
 .debug_str     0x00002d5a       0xd4 src\ips6404.o
                                0xee9 (size before relaxing)
 .debug_str     0x00002e2e       0x13 src\main.o
                                0x208 (size before relaxing)
 .debug_str     0x00002e41      0x251 src\spi_f4.o
                                0xe44 (size before relaxing)
 .debug_str     0x00003092      0x19b src\timer.o
                                0x9a2 (size before relaxing)
 .debug_str     0x0000322d      0x1af src\usart.o
                                0xc14 (size before relaxing)
 .debug_str     0x000033dc       0x50 startup\system_stm32f4xx.o
                                0x3b1 (size before relaxing)

.comment        0x00000000       0x7c
 .comment       0x00000000       0x7c Libraries\LL\src\stm32f4xx_ll_adc.o
                                 0x7d (size before relaxing)
 .comment       0x0000007c       0x7d Libraries\LL\src\stm32f4xx_ll_i2c.o
 .comment       0x0000007c       0x7d Libraries\LL\src\stm32f4xx_ll_rcc.o
 .comment       0x0000007c       0x7d Libraries\LL\src\stm32f4xx_ll_spi.o
 .comment       0x0000007c       0x7d Libraries\LL\src\stm32f4xx_ll_usart.o
 .comment       0x0000007c       0x7d src\ArduCam.o
 .comment       0x0000007c       0x7d src\app.o
 .comment       0x0000007c       0x7d src\clock_f4.o
 .comment       0x0000007c       0x7d src\common_f4.o
 .comment       0x0000007c       0x7d src\hw.o
 .comment       0x0000007c       0x7d src\i2c_int.o
 .comment       0x0000007c       0x7d src\ips6404.o
 .comment       0x0000007c       0x7d src\main.o
 .comment       0x0000007c       0x7d src\spi_f4.o
 .comment       0x0000007c       0x7d src\timer.o
 .comment       0x0000007c       0x7d src\usart.o
 .comment       0x0000007c       0x7d startup\system_stm32f4xx.o

.debug_frame    0x00000000     0x2998
 .debug_frame   0x00000000      0x2f0 Libraries\LL\src\stm32f4xx_ll_adc.o
 .debug_frame   0x000002f0      0x1ec Libraries\LL\src\stm32f4xx_ll_i2c.o
 .debug_frame   0x000004dc      0x43c Libraries\LL\src\stm32f4xx_ll_rcc.o
 .debug_frame   0x00000918      0x254 Libraries\LL\src\stm32f4xx_ll_spi.o
 .debug_frame   0x00000b6c      0x234 Libraries\LL\src\stm32f4xx_ll_usart.o
 .debug_frame   0x00000da0      0x30c src\ArduCam.o
 .debug_frame   0x000010ac      0x168 src\app.o
 .debug_frame   0x00001214      0x310 src\clock_f4.o
 .debug_frame   0x00001524      0x354 src\common_f4.o
 .debug_frame   0x00001878      0x3cc src\hw.o
 .debug_frame   0x00001c44      0x328 src\i2c_int.o
 .debug_frame   0x00001f6c      0x150 src\ips6404.o
 .debug_frame   0x000020bc       0x2c src\main.o
 .debug_frame   0x000020e8      0x33c src\spi_f4.o
 .debug_frame   0x00002424      0x218 src\timer.o
 .debug_frame   0x0000263c      0x2d8 src\usart.o
 .debug_frame   0x00002914       0x58 startup\system_stm32f4xx.o
 .debug_frame   0x0000296c       0x2c c:/program files (x86)/atollic/truestudio for stm32 9.3.0/armtools/bin/../lib/gcc/arm-atollic-eabi/6.3.1/../../../../arm-atollic-eabi/lib/armv7e-m/fpu\libc_nano.a(lib_a-init.o)

.stabstr        0x00000000       0x3f
 .stabstr       0x00000000       0x3f c:/program files (x86)/atollic/truestudio for stm32 9.3.0/armtools/bin/../lib/gcc/arm-atollic-eabi/6.3.1/../../../../arm-atollic-eabi/lib/armv7e-m/fpu\libnosys.a(write.o)

Cross Reference Table

Symbol                                            File
ADC_IRQHandler                                    startup\startup_stm32f411xe.o
AHBPrescTable                                     startup\system_stm32f4xx.o
                                                  Libraries\LL\src\stm32f4xx_ll_utils.o
                                                  Libraries\LL\src\stm32f4xx_ll_rcc.o
APBPrescTable                                     startup\system_stm32f4xx.o
                                                  Libraries\LL\src\stm32f4xx_ll_rcc.o
App_Exec                                          src\app.o
                                                  src\main.o
App_Init                                          src\app.o
                                                  src\main.o
ArduCam_ClearFifoFlag                             src\ArduCam.o
                                                  src\app.o
ArduCam_FlushFifo                                 src\ArduCam.o
                                                  src\app.o
ArduCam_GetVersion                                src\ArduCam.o
ArduCam_Init                                      src\ArduCam.o
                                                  src\app.o
ArduCam_IsCaptureBit                              src\ArduCam.o
                                                  src\app.o
ArduCam_ReadFifoBlock                             src\ArduCam.o
                                                  src\app.o
ArduCam_ReadFifoLength                            src\ArduCam.o
                                                  src\app.o
ArduCam_ReadFifoSingle                            src\ArduCam.o
ArduCam_ReadSpiReg                                src\ArduCam.o
ArduCam_SetBrightness                             src\ArduCam.o
ArduCam_SetColorSaturation                        src\ArduCam.o
ArduCam_SetContrast                               src\ArduCam.o
ArduCam_SetFormat                                 src\ArduCam.o
ArduCam_SetJpegSize                               src\ArduCam.o
                                                  src\app.o
ArduCam_SetLighMode                               src\ArduCam.o
ArduCam_SetMode                                   src\ArduCam.o
ArduCam_StartCapture                              src\ArduCam.o
                                                  src\app.o
ArduCam_Test                                      src\ArduCam.o
ArduCam_WriteSpiReg                               src\ArduCam.o
BusFault_Handler                                  startup\startup_stm32f411xe.o
Clock_SetHSI                                      src\clock_f4.o
Clock_SetPLL                                      src\clock_f4.o
                                                  src\hw.o
DMA1_Stream0_IRQHandler                           startup\startup_stm32f411xe.o
DMA1_Stream1_IRQHandler                           startup\startup_stm32f411xe.o
DMA1_Stream2_IRQHandler                           startup\startup_stm32f411xe.o
DMA1_Stream3_IRQHandler                           startup\startup_stm32f411xe.o
DMA1_Stream4_IRQHandler                           startup\startup_stm32f411xe.o
DMA1_Stream5_IRQHandler                           startup\startup_stm32f411xe.o
DMA1_Stream6_IRQHandler                           startup\startup_stm32f411xe.o
DMA1_Stream7_IRQHandler                           startup\startup_stm32f411xe.o
DMA2_Stream0_IRQHandler                           startup\startup_stm32f411xe.o
DMA2_Stream1_IRQHandler                           startup\startup_stm32f411xe.o
DMA2_Stream2_IRQHandler                           startup\startup_stm32f411xe.o
DMA2_Stream3_IRQHandler                           startup\startup_stm32f411xe.o
DMA2_Stream4_IRQHandler                           startup\startup_stm32f411xe.o
DMA2_Stream5_IRQHandler                           startup\startup_stm32f411xe.o
DMA2_Stream6_IRQHandler                           startup\startup_stm32f411xe.o
DMA2_Stream7_IRQHandler                           startup\startup_stm32f411xe.o
DT_GetDateTimeFromUnix                            src\dt.o
DT_GetUnixTime                                    src\dt.o
                                                  src\rtc_f4.o
DebugMon_Handler                                  startup\startup_stm32f411xe.o
Default_Handler                                   startup\startup_stm32f411xe.o
EXTI0_IRQHandler                                  startup\startup_stm32f411xe.o
EXTI15_10_IRQHandler                              startup\startup_stm32f411xe.o
EXTI1_IRQHandler                                  startup\startup_stm32f411xe.o
EXTI2_IRQHandler                                  startup\startup_stm32f411xe.o
EXTI3_IRQHandler                                  startup\startup_stm32f411xe.o
EXTI4_IRQHandler                                  startup\startup_stm32f411xe.o
EXTI9_5_IRQHandler                                startup\startup_stm32f411xe.o
EXTI_Config                                       src\common_f4.o
FLASH_IRQHandler                                  startup\startup_stm32f411xe.o
FPU_IRQHandler                                    startup\startup_stm32f411xe.o
GPIO_ClockDisable                                 src\common_f4.o
GPIO_ClockEnable                                  src\common_f4.o
                                                  src\ips6404.o
GPIO_ConfigPin                                    src\common_f4.o
                                                  src\usart.o
                                                  src\spi_f4.o
                                                  src\si4463.o
                                                  src\ips6404.o
                                                  src\i2c_int.o
                                                  src\hw.o
                                                  src\ArduCam.o
GPIO_GetPin                                       src\common_f4.o
                                                  src\i2c_int.o
GPIO_GetPinSource                                 src\common_f4.o
GPIO_GetPort                                      src\common_f4.o
                                                  src\i2c_int.o
GPIO_SetAFpin                                     src\common_f4.o
                                                  src\usart.o
                                                  src\spi_f4.o
                                                  src\i2c_int.o
HW_AdcInit                                        src\hw.o
HW_AdcMeasure                                     src\hw.o
HW_GetTemperature                                 src\hw.o
HW_GetVoltage_mV                                  src\hw.o
HW_Init                                           src\hw.o
                                                  src\app.o
HW_MeasureBatVoltage_mV                           src\hw.o
HW_MeasureTemperature                             src\hw.o
HW_MeasureVrefVoltage                             src\hw.o
HW_ReadCPUID                                      src\hw.o
HW_SetBoardLed                                    src\hw.o
HW_SetCamSupply                                   src\hw.o
HardFault_Handler                                 startup\startup_stm32f411xe.o
I2C1_ER_IRQHandler                                src\i2c_int.o
I2C1_EV_IRQHandler                                src\i2c_int.o
I2C2_ER_IRQHandler                                src\i2c_int.o
I2C2_EV_IRQHandler                                src\i2c_int.o
I2C3_ER_IRQHandler                                src\i2c_int.o
I2C3_EV_IRQHandler                                src\i2c_int.o
IPS6404_GetDrv                                    src\ips6404.o
IPS6404_GetID                                     src\ips6404.o
IPS6404_Init                                      src\ips6404.o
                                                  src\app.o
IPS6404_ReadBuffer                                src\ips6404.o
                                                  src\app.o
IPS6404_Reset                                     src\ips6404.o
IPS6404_Test                                      src\ips6404.o
IPS6404_WriteBuffer                               src\ips6404.o
                                                  src\app.o
IPS6404_Write_24bitValue                          src\ips6404.o
LL_ADC_CommonDeInit                               Libraries\LL\src\stm32f4xx_ll_adc.o
LL_ADC_CommonInit                                 Libraries\LL\src\stm32f4xx_ll_adc.o
LL_ADC_CommonStructInit                           Libraries\LL\src\stm32f4xx_ll_adc.o
LL_ADC_DeInit                                     Libraries\LL\src\stm32f4xx_ll_adc.o
LL_ADC_INJ_Init                                   Libraries\LL\src\stm32f4xx_ll_adc.o
LL_ADC_INJ_StructInit                             Libraries\LL\src\stm32f4xx_ll_adc.o
LL_ADC_Init                                       Libraries\LL\src\stm32f4xx_ll_adc.o
                                                  src\hw.o
LL_ADC_REG_Init                                   Libraries\LL\src\stm32f4xx_ll_adc.o
LL_ADC_REG_StructInit                             Libraries\LL\src\stm32f4xx_ll_adc.o
LL_ADC_StructInit                                 Libraries\LL\src\stm32f4xx_ll_adc.o
LL_CRC_DeInit                                     Libraries\LL\src\stm32f4xx_ll_crc.o
LL_DMA_DeInit                                     Libraries\LL\src\stm32f4xx_ll_dma.o
LL_DMA_Init                                       Libraries\LL\src\stm32f4xx_ll_dma.o
LL_DMA_StructInit                                 Libraries\LL\src\stm32f4xx_ll_dma.o
LL_EXTI_DeInit                                    Libraries\LL\src\stm32f4xx_ll_exti.o
LL_EXTI_Init                                      Libraries\LL\src\stm32f4xx_ll_exti.o
LL_EXTI_StructInit                                Libraries\LL\src\stm32f4xx_ll_exti.o
LL_GPIO_DeInit                                    Libraries\LL\src\stm32f4xx_ll_gpio.o
LL_GPIO_Init                                      Libraries\LL\src\stm32f4xx_ll_gpio.o
LL_GPIO_StructInit                                Libraries\LL\src\stm32f4xx_ll_gpio.o
LL_I2C_DeInit                                     Libraries\LL\src\stm32f4xx_ll_i2c.o
LL_I2C_Init                                       Libraries\LL\src\stm32f4xx_ll_i2c.o
                                                  src\i2c_int.o
LL_I2C_StructInit                                 Libraries\LL\src\stm32f4xx_ll_i2c.o
LL_I2S_ConfigPrescaler                            Libraries\LL\src\stm32f4xx_ll_spi.o
LL_I2S_DeInit                                     Libraries\LL\src\stm32f4xx_ll_spi.o
LL_I2S_Init                                       Libraries\LL\src\stm32f4xx_ll_spi.o
LL_I2S_InitFullDuplex                             Libraries\LL\src\stm32f4xx_ll_spi.o
LL_I2S_StructInit                                 Libraries\LL\src\stm32f4xx_ll_spi.o
LL_Init1msTick                                    Libraries\LL\src\stm32f4xx_ll_utils.o
LL_PLL_ConfigSystemClock_HSE                      Libraries\LL\src\stm32f4xx_ll_utils.o
LL_PLL_ConfigSystemClock_HSI                      Libraries\LL\src\stm32f4xx_ll_utils.o
LL_PWR_DeInit                                     Libraries\LL\src\stm32f4xx_ll_pwr.o
LL_RCC_DeInit                                     Libraries\LL\src\stm32f4xx_ll_rcc.o
LL_RCC_GetI2SClockFreq                            Libraries\LL\src\stm32f4xx_ll_rcc.o
                                                  Libraries\LL\src\stm32f4xx_ll_spi.o
LL_RCC_GetSDIOClockFreq                           Libraries\LL\src\stm32f4xx_ll_rcc.o
LL_RCC_GetSystemClocksFreq                        Libraries\LL\src\stm32f4xx_ll_rcc.o
                                                  src\timer.o
                                                  src\spi_f4.o
                                                  src\app.o
                                                  Libraries\LL\src\stm32f4xx_ll_usart.o
                                                  Libraries\LL\src\stm32f4xx_ll_i2c.o
LL_RCC_GetUSBClockFreq                            Libraries\LL\src\stm32f4xx_ll_rcc.o
LL_RTC_ALMA_Init                                  Libraries\LL\src\stm32f4xx_ll_rtc.o
LL_RTC_ALMA_StructInit                            Libraries\LL\src\stm32f4xx_ll_rtc.o
LL_RTC_ALMB_Init                                  Libraries\LL\src\stm32f4xx_ll_rtc.o
LL_RTC_ALMB_StructInit                            Libraries\LL\src\stm32f4xx_ll_rtc.o
LL_RTC_DATE_Init                                  Libraries\LL\src\stm32f4xx_ll_rtc.o
LL_RTC_DATE_StructInit                            Libraries\LL\src\stm32f4xx_ll_rtc.o
LL_RTC_DeInit                                     Libraries\LL\src\stm32f4xx_ll_rtc.o
LL_RTC_EnterInitMode                              Libraries\LL\src\stm32f4xx_ll_rtc.o
LL_RTC_ExitInitMode                               Libraries\LL\src\stm32f4xx_ll_rtc.o
LL_RTC_Init                                       Libraries\LL\src\stm32f4xx_ll_rtc.o
LL_RTC_StructInit                                 Libraries\LL\src\stm32f4xx_ll_rtc.o
LL_RTC_TIME_Init                                  Libraries\LL\src\stm32f4xx_ll_rtc.o
LL_RTC_TIME_StructInit                            Libraries\LL\src\stm32f4xx_ll_rtc.o
LL_RTC_WaitForSynchro                             Libraries\LL\src\stm32f4xx_ll_rtc.o
LL_SPI_DeInit                                     Libraries\LL\src\stm32f4xx_ll_spi.o
                                                  src\spi_f4.o
LL_SPI_Init                                       Libraries\LL\src\stm32f4xx_ll_spi.o
                                                  src\spi_f4.o
LL_SPI_StructInit                                 Libraries\LL\src\stm32f4xx_ll_spi.o
LL_SetSystemCoreClock                             Libraries\LL\src\stm32f4xx_ll_utils.o
LL_TIM_BDTR_Init                                  Libraries\LL\src\stm32f4xx_ll_tim.o
LL_TIM_BDTR_StructInit                            Libraries\LL\src\stm32f4xx_ll_tim.o
LL_TIM_DeInit                                     Libraries\LL\src\stm32f4xx_ll_tim.o
LL_TIM_ENCODER_Init                               Libraries\LL\src\stm32f4xx_ll_tim.o
LL_TIM_ENCODER_StructInit                         Libraries\LL\src\stm32f4xx_ll_tim.o
LL_TIM_HALLSENSOR_Init                            Libraries\LL\src\stm32f4xx_ll_tim.o
LL_TIM_HALLSENSOR_StructInit                      Libraries\LL\src\stm32f4xx_ll_tim.o
LL_TIM_IC_Init                                    Libraries\LL\src\stm32f4xx_ll_tim.o
LL_TIM_IC_StructInit                              Libraries\LL\src\stm32f4xx_ll_tim.o
LL_TIM_Init                                       Libraries\LL\src\stm32f4xx_ll_tim.o
LL_TIM_OC_Init                                    Libraries\LL\src\stm32f4xx_ll_tim.o
LL_TIM_OC_StructInit                              Libraries\LL\src\stm32f4xx_ll_tim.o
LL_TIM_StructInit                                 Libraries\LL\src\stm32f4xx_ll_tim.o
LL_USART_ClockInit                                Libraries\LL\src\stm32f4xx_ll_usart.o
LL_USART_ClockStructInit                          Libraries\LL\src\stm32f4xx_ll_usart.o
LL_USART_DeInit                                   Libraries\LL\src\stm32f4xx_ll_usart.o
LL_USART_Init                                     Libraries\LL\src\stm32f4xx_ll_usart.o
                                                  src\usart.o
LL_USART_StructInit                               Libraries\LL\src\stm32f4xx_ll_usart.o
                                                  src\usart.o
LL_mDelay                                         Libraries\LL\src\stm32f4xx_ll_utils.o
MemManage_Handler                                 startup\startup_stm32f411xe.o
NMI_Handler                                       startup\startup_stm32f411xe.o
OTG_FS_IRQHandler                                 startup\startup_stm32f411xe.o
OTG_FS_WKUP_IRQHandler                            startup\startup_stm32f411xe.o
OV2640_1024x768_JPEG                              src\ArduCam.o
OV2640_1280x1024_JPEG                             src\ArduCam.o
OV2640_1600x1200_JPEG                             src\ArduCam.o
OV2640_160x120_JPEG                               src\ArduCam.o
OV2640_176x144_JPEG                               src\ArduCam.o
OV2640_320x240_JPEG                               src\ArduCam.o
OV2640_352x288_JPEG                               src\ArduCam.o
OV2640_640x480_JPEG                               src\ArduCam.o
OV2640_640x480_JPEG2                              src\ArduCam.o
OV2640_800x600_JPEG                               src\ArduCam.o
OV2640_JPEG                                       src\ArduCam.o
OV2640_JPEG_INIT                                  src\ArduCam.o
OV2640_QVGA                                       src\ArduCam.o
OV2640_SVGA                                       src\ArduCam.o
OV2640_YUV422                                     src\ArduCam.o
PVD_IRQHandler                                    startup\startup_stm32f411xe.o
PendSV_Handler                                    startup\startup_stm32f411xe.o
Prot_GetServerAddr                                src\protocol.o
Prot_InstCheck                                    src\protocol.o
Prot_InstData                                     src\protocol.o
Prot_InstMediaData                                src\protocol.o
                                                  src\app.o
Prot_InstMediaInfo                                src\protocol.o
                                                  src\app.o
Prot_InstRelationData                             src\protocol.o
Prot_InstWakeUp                                   src\protocol.o
Prot_IsChannelClear                               src\protocol.o
Prot_SetMyAddr                                    src\protocol.o
Prot_SetReplyTimeout                              src\protocol.o
Prot_SetServerAddr                                src\protocol.o
RCC_GetHCLKClockFreq                              Libraries\LL\src\stm32f4xx_ll_rcc.o
RCC_GetPCLK1ClockFreq                             Libraries\LL\src\stm32f4xx_ll_rcc.o
RCC_GetPCLK2ClockFreq                             Libraries\LL\src\stm32f4xx_ll_rcc.o
RCC_GetSystemClockFreq                            Libraries\LL\src\stm32f4xx_ll_rcc.o
RCC_IRQHandler                                    startup\startup_stm32f411xe.o
RCC_PLLI2S_GetFreqDomain_I2S                      Libraries\LL\src\stm32f4xx_ll_rcc.o
RCC_PLL_GetFreqDomain_48M                         Libraries\LL\src\stm32f4xx_ll_rcc.o
RCC_PLL_GetFreqDomain_SYS                         Libraries\LL\src\stm32f4xx_ll_rcc.o
RTCF4_Bcd2ToByte                                  src\rtc_f4.o
RTCF4_ByteToBcd2                                  src\rtc_f4.o
RTCF4_Get                                         src\rtc_f4.o
RTCF4_GetDateTimeFromUnix                         src\rtc_f4.o
RTCF4_GetNowUnixTimeStamp                         src\rtc_f4.o
RTCF4_GetTimeZone                                 src\rtc_f4.o
RTCF4_GetUnixTimeStamp                            src\rtc_f4.o
RTCF4_Init                                        src\rtc_f4.o
RTCF4_Set                                         src\rtc_f4.o
RTCF4_SetWakeUp                                   src\rtc_f4.o
RTCF4_Test                                        src\rtc_f4.o
RTC_Alarm_IRQHandler                              startup\startup_stm32f411xe.o
RTC_WKUP_IRQHandler                               startup\startup_stm32f411xe.o
RTC_WriteAccess                                   src\rtc_f4.o
Reset_Handler                                     startup\startup_stm32f411xe.o
SDIO_IRQHandler                                   startup\startup_stm32f411xe.o
SI4463_ChangeState                                src\si4463.o
SI4463_ClearInterrupts                            src\si4463.o
SI4463_Clear_RX_FIFO                              src\si4463.o
SI4463_Clear_TX_FIFO                              src\si4463.o
SI4463_GetCurrentState                            src\si4463.o
SI4463_GetId                                      src\si4463.o
SI4463_GetProperty                                src\si4463.o
SI4463_GetRxFifoInfo                              src\si4463.o
SI4463_Init                                       src\si4463.o
SI4463_IsInterrupt                                src\si4463.o
                                                  src\protocol.o
SI4463_RX_FIFO                                    src\si4463.o
SI4463_RX_Start                                   src\si4463.o
SI4463_ReadBuffer                                 src\si4463.o
SI4463_ReadData                                   src\si4463.o
                                                  src\protocol.o
SI4463_SendData                                   src\si4463.o
                                                  src\protocol.o
SI4463_SetChannel                                 src\si4463.o
SI4463_SetPowerLevel                              src\si4463.o
SI4463_SetProperty                                src\si4463.o
SI4463_TX_FIFO                                    src\si4463.o
SI4463_TX_Start                                   src\si4463.o
SI4463_Wait_CTS                                   src\si4463.o
SPI1_IRQHandler                                   startup\startup_stm32f411xe.o
SPI2_IRQHandler                                   startup\startup_stm32f411xe.o
SPI3_IRQHandler                                   startup\startup_stm32f411xe.o
SPI4_IRQHandler                                   startup\startup_stm32f411xe.o
SPI5_IRQHandler                                   startup\startup_stm32f411xe.o
SVC_Handler                                       startup\startup_stm32f411xe.o
SysTick_Handler                                   src\timer.o
SystemCoreClock                                   startup\system_stm32f4xx.o
                                                  src\timer.o
                                                  src\hw.o
                                                  Libraries\LL\src\stm32f4xx_ll_utils.o
SystemCoreClockUpdate                             startup\system_stm32f4xx.o
                                                  src\timer.o
                                                  src\clock_f4.o
SystemInit                                        startup\system_stm32f4xx.o
                                                  startup\startup_stm32f411xe.o
TAMP_STAMP_IRQHandler                             startup\startup_stm32f411xe.o
TIM1_BRK_TIM9_IRQHandler                          startup\startup_stm32f411xe.o
TIM1_CC_IRQHandler                                startup\startup_stm32f411xe.o
TIM1_TRG_COM_TIM11_IRQHandler                     startup\startup_stm32f411xe.o
TIM1_UP_TIM10_IRQHandler                          startup\startup_stm32f411xe.o
TIM2_IRQHandler                                   startup\startup_stm32f411xe.o
TIM3_IRQHandler                                   startup\startup_stm32f411xe.o
TIM4_IRQHandler                                   startup\startup_stm32f411xe.o
TIM5_IRQHandler                                   startup\startup_stm32f411xe.o
TimerUs_init                                      src\timer.o
Timer_Delay_ms                                    src\timer.o
                                                  src\si4463.o
                                                  src\protocol.o
                                                  src\ArduCam.o
Timer_GetTicks_ms                                 src\timer.o
                                                  src\si4463.o
                                                  src\rtc_f4.o
                                                  src\protocol.o
Timer_Init                                        src\timer.o
                                                  src\hw.o
Timer_SetSysTickCallback                          src\timer.o
Timer_SystickUpdate                               src\timer.o
Timer_UsClear                                     src\timer.o
Timer_UsDdelay                                    src\timer.o
Timer_UsGet_microseconds                          src\timer.o
Timer_UsStart                                     src\timer.o
Timer_UsStop                                      src\timer.o
USART1_IRQHandler                                 src\usart.o
USART2_IRQHandler                                 src\usart.o
USART3_IRQHandler                                 src\usart.o
USART6_IRQHandler                                 startup\startup_stm32f411xe.o
UsageFault_Handler                                startup\startup_stm32f411xe.o
WWDG_IRQHandler                                   startup\startup_stm32f411xe.o
_CaptureImage                                     src\app.o
_Enter_RTC_InitMode                               src\rtc_f4.o
_Exit_RTC_InitMode                                src\rtc_f4.o
_FindJpegEnd                                      src\app.o
_FindJpegStart                                    src\app.o
_ProcessCmd                                       src\app.o
_ReadSensorReg8_8                                 src\ArduCam.o
_Send24bit                                        src\ips6404.o
_SendImageRadio                                   src\app.o
_SendImageSerial                                  src\app.o
_SendPacket                                       src\protocol.o
_UsartRcvCbk                                      src\app.o
_WaitForReply                                     src\protocol.o
_WaitForSynchro_RTC                               src\rtc_f4.o
_WriteSensorReg8_8                                src\ArduCam.o
_WriteSensorRegs8_8                               src\ArduCam.o
__deregister_frame_info                           c:/program files (x86)/atollic/truestudio for stm32 9.3.0/armtools/bin/../lib/gcc/arm-atollic-eabi/6.3.1/armv7e-m/fpu/crtbegin.o
__dso_handle                                      c:/program files (x86)/atollic/truestudio for stm32 9.3.0/armtools/bin/../lib/gcc/arm-atollic-eabi/6.3.1/armv7e-m/fpu/crtbegin.o
__init_array_end                                  c:/program files (x86)/atollic/truestudio for stm32 9.3.0/armtools/bin/../lib/gcc/arm-atollic-eabi/6.3.1/../../../../arm-atollic-eabi/lib/armv7e-m/fpu\libc_nano.a(lib_a-init.o)
__init_array_start                                c:/program files (x86)/atollic/truestudio for stm32 9.3.0/armtools/bin/../lib/gcc/arm-atollic-eabi/6.3.1/../../../../arm-atollic-eabi/lib/armv7e-m/fpu\libc_nano.a(lib_a-init.o)
__libc_init_array                                 c:/program files (x86)/atollic/truestudio for stm32 9.3.0/armtools/bin/../lib/gcc/arm-atollic-eabi/6.3.1/../../../../arm-atollic-eabi/lib/armv7e-m/fpu\libc_nano.a(lib_a-init.o)
                                                  startup\startup_stm32f411xe.o
__preinit_array_end                               c:/program files (x86)/atollic/truestudio for stm32 9.3.0/armtools/bin/../lib/gcc/arm-atollic-eabi/6.3.1/../../../../arm-atollic-eabi/lib/armv7e-m/fpu\libc_nano.a(lib_a-init.o)
__preinit_array_start                             c:/program files (x86)/atollic/truestudio for stm32 9.3.0/armtools/bin/../lib/gcc/arm-atollic-eabi/6.3.1/../../../../arm-atollic-eabi/lib/armv7e-m/fpu\libc_nano.a(lib_a-init.o)
__register_frame_info                             c:/program files (x86)/atollic/truestudio for stm32 9.3.0/armtools/bin/../lib/gcc/arm-atollic-eabi/6.3.1/armv7e-m/fpu/crtbegin.o
_ebss                                             startup\startup_stm32f411xe.o
_edata                                            startup\startup_stm32f411xe.o
_estack                                           startup\startup_stm32f411xe.o
_fini                                             c:/program files (x86)/atollic/truestudio for stm32 9.3.0/armtools/bin/../lib/gcc/arm-atollic-eabi/6.3.1/armv7e-m/fpu/crti.o
_i2c1_drv                                         src\i2c_int.o
                                                  src\app.o
_i2c2_drv                                         src\i2c_int.o
_i2c3_drv                                         src\i2c_int.o
_init                                             c:/program files (x86)/atollic/truestudio for stm32 9.3.0/armtools/bin/../lib/gcc/arm-atollic-eabi/6.3.1/armv7e-m/fpu/crti.o
                                                  c:/program files (x86)/atollic/truestudio for stm32 9.3.0/armtools/bin/../lib/gcc/arm-atollic-eabi/6.3.1/../../../../arm-atollic-eabi/lib/armv7e-m/fpu\libc_nano.a(lib_a-init.o)
_sbss                                             startup\startup_stm32f411xe.o
_sdata                                            startup\startup_stm32f411xe.o
_sidata                                           startup\startup_stm32f411xe.o
_spi1_drv                                         src\spi_f4.o
                                                  src\si4463.o
                                                  src\app.o
_spi2_drv                                         src\spi_f4.o
                                                  src\app.o
_spi3_drv                                         src\spi_f4.o
_usart1_drv                                       src\usart.o
_usart2_drv                                       src\usart.o
                                                  src\app.o
_usart3_drv                                       src\usart.o
_write                                            c:/program files (x86)/atollic/truestudio for stm32 9.3.0/armtools/bin/../lib/gcc/arm-atollic-eabi/6.3.1/../../../../arm-atollic-eabi/lib/armv7e-m/fpu\libnosys.a(write.o)
                                                  src\tiny_printf.o
errno                                             c:/program files (x86)/atollic/truestudio for stm32 9.3.0/armtools/bin/../lib/gcc/arm-atollic-eabi/6.3.1/../../../../arm-atollic-eabi/lib/armv7e-m/fpu\libnosys.a(errno.o)
                                                  c:/program files (x86)/atollic/truestudio for stm32 9.3.0/armtools/bin/../lib/gcc/arm-atollic-eabi/6.3.1/../../../../arm-atollic-eabi/lib/armv7e-m/fpu\libnosys.a(write.o)
fiprintf                                          src\tiny_printf.o
fprintf                                           src\tiny_printf.o
fputs                                             src\tiny_printf.o
fwrite                                            src\tiny_printf.o
g_pfnVectors                                      startup\startup_stm32f411xe.o
i2c1_hw                                           src\i2c_int.o
i2c2_hw                                           src\i2c_int.o
i2c3_hw                                           src\i2c_int.o
i2c_init                                          src\i2c_int.o
                                                  src\app.o
i2c_read                                          src\i2c_int.o
i2c_read_reg                                      src\i2c_int.o
i2c_transfer                                      src\i2c_int.o
                                                  src\ArduCam.o
i2c_write                                         src\i2c_int.o
i2c_write_reg                                     src\i2c_int.o
i2c_write_regs                                    src\i2c_int.o
iprintf                                           src\tiny_printf.o
main                                              src\main.o
                                                  startup\startup_stm32f411xe.o
memcmp                                            c:/program files (x86)/atollic/truestudio for stm32 9.3.0/armtools/bin/../lib/gcc/arm-atollic-eabi/6.3.1/../../../../arm-atollic-eabi/lib/armv7e-m/fpu\libc_nano.a(lib_a-memcmp.o)
                                                  src\ips6404.o
memcpy                                            c:/program files (x86)/atollic/truestudio for stm32 9.3.0/armtools/bin/../lib/gcc/arm-atollic-eabi/6.3.1/../../../../arm-atollic-eabi/lib/armv7e-m/fpu\libc_nano.a(lib_a-memcpy-stub.o)
                                                  src\si4463.o
                                                  src\protocol.o
                                                  src\i2c_int.o
memset                                            c:/program files (x86)/atollic/truestudio for stm32 9.3.0/armtools/bin/../lib/gcc/arm-atollic-eabi/6.3.1/../../../../arm-atollic-eabi/lib/armv7e-m/fpu\libc_nano.a(lib_a-memset.o)
                                                  src\ips6404.o
printf                                            src\tiny_printf.o
puts                                              src\tiny_printf.o
siprintf                                          src\tiny_printf.o
spi1_hw                                           src\spi_f4.o
spi2_hw                                           src\spi_f4.o
spi3_hw                                           src\spi_f4.o
spi_CalculatePrescaler                            src\spi_f4.o
                                                  src\ips6404.o
                                                  src\app.o
spi_GetPrescalerDivider                           src\spi_f4.o
                                                  src\ips6404.o
spi_Init                                          src\spi_f4.o
                                                  src\si4463.o
                                                  src\app.o
spi_ReadBidirectionalByte                         src\spi_f4.o
spi_SendData16                                    src\spi_f4.o
spi_SendData8                                     src\spi_f4.o
                                                  src\si4463.o
                                                  src\ips6404.o
                                                  src\ArduCam.o
spi_SetDirection                                  src\spi_f4.o
spi_SetMode                                       src\spi_f4.o
spi_SetPrescaler                                  src\spi_f4.o
                                                  src\si4463.o
spi_TransactionBegin                              src\spi_f4.o
                                                  src\ips6404.o
                                                  src\ArduCam.o
spi_TransactionEnd                                src\spi_f4.o
                                                  src\ips6404.o
                                                  src\ArduCam.o
spi_WaitForNoBusy                                 src\spi_f4.o
spi_WriteBidirectionalByte                        src\spi_f4.o
sprintf                                           src\tiny_printf.o
strlen                                            c:/program files (x86)/atollic/truestudio for stm32 9.3.0/armtools/bin/../lib/gcc/arm-atollic-eabi/6.3.1/../../../../arm-atollic-eabi/lib/armv7e-m/fpu\libc_nano.a(lib_a-strlen.o)
                                                  src\tiny_printf.o
ts_formatlength                                   src\tiny_printf.o
ts_formatstring                                   src\tiny_printf.o
ts_itoa                                           src\tiny_printf.o
usart1_hw                                         src\usart.o
usart2_hw                                         src\usart.o
usart_Init                                        src\usart.o
                                                  src\app.o
usart_PrintLn                                     src\usart.o
                                                  src\app.o
usart_Send                                        src\usart.o
                                                  src\app.o
usart_WaitForTransmitComplete                     src\usart.o
                                                  src\app.o
vsqrtf                                            src\common_f4.o
